###############################################################################
#                                                                             #
# IAR ELF Linker V6.30.6.53336/W32 for ARM              16/May/2013  10:04:43 #
# Copyright 2007-2012 IAR Systems AB.                                         #
#                                                                             #
#    Output file  =  C:\Users\JDS\Desktop\JDS_PRO\국내 프로젝트\대구          #
#                    모노레일\프로그램\basic-usart-hw-handshaking-project-at9 #
#                    1sam7se-ek(7)\at91sam7se-ek\basic-usart-hw-handshaking-p #
#                    roject\ewp\at91sam7se512_flash\Exe\at91sam7se512_flash.o #
#                    ut                                                       #
#    Map file     =  C:\Users\JDS\Desktop\JDS_PRO\국내 프로젝트\대구          #
#                    모노레일\프로그램\basic-usart-hw-handshaking-project-at9 #
#                    1sam7se-ek(7)\at91sam7se-ek\basic-usart-hw-handshaking-p #
#                    roject\ewp\at91sam7se512_flash\List\at91sam7se512_flash. #
#                    map                                                      #
#    Command line =  "C:\Users\JDS\Desktop\JDS_PRO\국내 프로젝트\대구         #
#                    모노레일\프로그램\basic-usart-hw-handshaking-project-at9 #
#                    1sam7se-ek(7)\at91sam7se-ek\basic-usart-hw-handshaking-p #
#                    roject\ewp\at91sam7se512_flash\Obj\Download.o"           #
#                    "C:\Users\JDS\Desktop\JDS_PRO\국내 프로젝트\대구         #
#                    모노레일\프로그램\basic-usart-hw-handshaking-project-at9 #
#                    1sam7se-ek(7)\at91sam7se-ek\basic-usart-hw-handshaking-p #
#                    roject\ewp\at91sam7se512_flash\Obj\EccNandFlash.o"       #
#                    "C:\Users\JDS\Desktop\JDS_PRO\국내 프로젝트\대구         #
#                    모노레일\프로그램\basic-usart-hw-handshaking-project-at9 #
#                    1sam7se-ek(7)\at91sam7se-ek\basic-usart-hw-handshaking-p #
#                    roject\ewp\at91sam7se512_flash\Obj\LED_Display.o"        #
#                    "C:\Users\JDS\Desktop\JDS_PRO\국내 프로젝트\대구         #
#                    모노레일\프로그램\basic-usart-hw-handshaking-project-at9 #
#                    1sam7se-ek(7)\at91sam7se-ek\basic-usart-hw-handshaking-p #
#                    roject\ewp\at91sam7se512_flash\Obj\ManagedNandFlash.o"   #
#                    "C:\Users\JDS\Desktop\JDS_PRO\국내 프로젝트\대구         #
#                    모노레일\프로그램\basic-usart-hw-handshaking-project-at9 #
#                    1sam7se-ek(7)\at91sam7se-ek\basic-usart-hw-handshaking-p #
#                    roject\ewp\at91sam7se512_flash\Obj\MappedNandFlash.o"    #
#                    "C:\Users\JDS\Desktop\JDS_PRO\국내 프로젝트\대구         #
#                    모노레일\프로그램\basic-usart-hw-handshaking-project-at9 #
#                    1sam7se-ek(7)\at91sam7se-ek\basic-usart-hw-handshaking-p #
#                    roject\ewp\at91sam7se512_flash\Obj\NandFlashModel.o"     #
#                    "C:\Users\JDS\Desktop\JDS_PRO\국내 프로젝트\대구         #
#                    모노레일\프로그램\basic-usart-hw-handshaking-project-at9 #
#                    1sam7se-ek(7)\at91sam7se-ek\basic-usart-hw-handshaking-p #
#                    roject\ewp\at91sam7se512_flash\Obj\NandFlashModelList.o" #
#                     "C:\Users\JDS\Desktop\JDS_PRO\국내 프로젝트\대구        #
#                    모노레일\프로그램\basic-usart-hw-handshaking-project-at9 #
#                    1sam7se-ek(7)\at91sam7se-ek\basic-usart-hw-handshaking-p #
#                    roject\ewp\at91sam7se512_flash\Obj\NandSpareScheme.o"    #
#                    "C:\Users\JDS\Desktop\JDS_PRO\국내 프로젝트\대구         #
#                    모노레일\프로그램\basic-usart-hw-handshaking-project-at9 #
#                    1sam7se-ek(7)\at91sam7se-ek\basic-usart-hw-handshaking-p #
#                    roject\ewp\at91sam7se512_flash\Obj\NorFlashAmd.o"        #
#                    "C:\Users\JDS\Desktop\JDS_PRO\국내 프로젝트\대구         #
#                    모노레일\프로그램\basic-usart-hw-handshaking-project-at9 #
#                    1sam7se-ek(7)\at91sam7se-ek\basic-usart-hw-handshaking-p #
#                    roject\ewp\at91sam7se512_flash\Obj\NorFlashApi.o"        #
#                    "C:\Users\JDS\Desktop\JDS_PRO\국내 프로젝트\대구         #
#                    모노레일\프로그램\basic-usart-hw-handshaking-project-at9 #
#                    1sam7se-ek(7)\at91sam7se-ek\basic-usart-hw-handshaking-p #
#                    roject\ewp\at91sam7se512_flash\Obj\NorFlashCFI.o"        #
#                    "C:\Users\JDS\Desktop\JDS_PRO\국내 프로젝트\대구         #
#                    모노레일\프로그램\basic-usart-hw-handshaking-project-at9 #
#                    1sam7se-ek(7)\at91sam7se-ek\basic-usart-hw-handshaking-p #
#                    roject\ewp\at91sam7se512_flash\Obj\NorFlashCommon.o"     #
#                    "C:\Users\JDS\Desktop\JDS_PRO\국내 프로젝트\대구         #
#                    모노레일\프로그램\basic-usart-hw-handshaking-project-at9 #
#                    1sam7se-ek(7)\at91sam7se-ek\basic-usart-hw-handshaking-p #
#                    roject\ewp\at91sam7se512_flash\Obj\NorFlashIntel.o"      #
#                    "C:\Users\JDS\Desktop\JDS_PRO\국내 프로젝트\대구         #
#                    모노레일\프로그램\basic-usart-hw-handshaking-project-at9 #
#                    1sam7se-ek(7)\at91sam7se-ek\basic-usart-hw-handshaking-p #
#                    roject\ewp\at91sam7se512_flash\Obj\RawNandFlash.o"       #
#                    "C:\Users\JDS\Desktop\JDS_PRO\국내 프로젝트\대구         #
#                    모노레일\프로그램\basic-usart-hw-handshaking-project-at9 #
#                    1sam7se-ek(7)\at91sam7se-ek\basic-usart-hw-handshaking-p #
#                    roject\ewp\at91sam7se512_flash\Obj\SPI_FUN.o"            #
#                    "C:\Users\JDS\Desktop\JDS_PRO\국내 프로젝트\대구         #
#                    모노레일\프로그램\basic-usart-hw-handshaking-project-at9 #
#                    1sam7se-ek(7)\at91sam7se-ek\basic-usart-hw-handshaking-p #
#                    roject\ewp\at91sam7se512_flash\Obj\SkipBlockNandFlash.o" #
#                     "C:\Users\JDS\Desktop\JDS_PRO\국내 프로젝트\대구        #
#                    모노레일\프로그램\basic-usart-hw-handshaking-project-at9 #
#                    1sam7se-ek(7)\at91sam7se-ek\basic-usart-hw-handshaking-p #
#                    roject\ewp\at91sam7se512_flash\Obj\TranslatedNandFlash.o #
#                    " "C:\Users\JDS\Desktop\JDS_PRO\국내 프로젝트\대구       #
#                    모노레일\프로그램\basic-usart-hw-handshaking-project-at9 #
#                    1sam7se-ek(7)\at91sam7se-ek\basic-usart-hw-handshaking-p #
#                    roject\ewp\at91sam7se512_flash\Obj\UART.o"               #
#                    "C:\Users\JDS\Desktop\JDS_PRO\국내 프로젝트\대구         #
#                    모노레일\프로그램\basic-usart-hw-handshaking-project-at9 #
#                    1sam7se-ek(7)\at91sam7se-ek\basic-usart-hw-handshaking-p #
#                    roject\ewp\at91sam7se512_flash\Obj\aic.o"                #
#                    "C:\Users\JDS\Desktop\JDS_PRO\국내 프로젝트\대구         #
#                    모노레일\프로그램\basic-usart-hw-handshaking-project-at9 #
#                    1sam7se-ek(7)\at91sam7se-ek\basic-usart-hw-handshaking-p #
#                    roject\ewp\at91sam7se512_flash\Obj\at26.o"               #
#                    "C:\Users\JDS\Desktop\JDS_PRO\국내 프로젝트\대구         #
#                    모노레일\프로그램\basic-usart-hw-handshaking-project-at9 #
#                    1sam7se-ek(7)\at91sam7se-ek\basic-usart-hw-handshaking-p #
#                    roject\ewp\at91sam7se512_flash\Obj\at26d.o"              #
#                    "C:\Users\JDS\Desktop\JDS_PRO\국내 프로젝트\대구         #
#                    모노레일\프로그램\basic-usart-hw-handshaking-project-at9 #
#                    1sam7se-ek(7)\at91sam7se-ek\basic-usart-hw-handshaking-p #
#                    roject\ewp\at91sam7se512_flash\Obj\at45.o"               #
#                    "C:\Users\JDS\Desktop\JDS_PRO\국내 프로젝트\대구         #
#                    모노레일\프로그램\basic-usart-hw-handshaking-project-at9 #
#                    1sam7se-ek(7)\at91sam7se-ek\basic-usart-hw-handshaking-p #
#                    roject\ewp\at91sam7se512_flash\Obj\at45d.o"              #
#                    "C:\Users\JDS\Desktop\JDS_PRO\국내 프로젝트\대구         #
#                    모노레일\프로그램\basic-usart-hw-handshaking-project-at9 #
#                    1sam7se-ek(7)\at91sam7se-ek\basic-usart-hw-handshaking-p #
#                    roject\ewp\at91sam7se512_flash\Obj\board_cstartup_iar.o" #
#                     "C:\Users\JDS\Desktop\JDS_PRO\국내 프로젝트\대구        #
#                    모노레일\프로그램\basic-usart-hw-handshaking-project-at9 #
#                    1sam7se-ek(7)\at91sam7se-ek\basic-usart-hw-handshaking-p #
#                    roject\ewp\at91sam7se512_flash\Obj\board_lowlevel.o"     #
#                    "C:\Users\JDS\Desktop\JDS_PRO\국내 프로젝트\대구         #
#                    모노레일\프로그램\basic-usart-hw-handshaking-project-at9 #
#                    1sam7se-ek(7)\at91sam7se-ek\basic-usart-hw-handshaking-p #
#                    roject\ewp\at91sam7se512_flash\Obj\board_memories.o"     #
#                    "C:\Users\JDS\Desktop\JDS_PRO\국내 프로젝트\대구         #
#                    모노레일\프로그램\basic-usart-hw-handshaking-project-at9 #
#                    1sam7se-ek(7)\at91sam7se-ek\basic-usart-hw-handshaking-p #
#                    roject\ewp\at91sam7se512_flash\Obj\cp15.o"               #
#                    "C:\Users\JDS\Desktop\JDS_PRO\국내 프로젝트\대구         #
#                    모노레일\프로그램\basic-usart-hw-handshaking-project-at9 #
#                    1sam7se-ek(7)\at91sam7se-ek\basic-usart-hw-handshaking-p #
#                    roject\ewp\at91sam7se512_flash\Obj\cp15_asm_iar.o"       #
#                    "C:\Users\JDS\Desktop\JDS_PRO\국내 프로젝트\대구         #
#                    모노레일\프로그램\basic-usart-hw-handshaking-project-at9 #
#                    1sam7se-ek(7)\at91sam7se-ek\basic-usart-hw-handshaking-p #
#                    roject\ewp\at91sam7se512_flash\Obj\hamming.o"            #
#                    "C:\Users\JDS\Desktop\JDS_PRO\국내 프로젝트\대구         #
#                    모노레일\프로그램\basic-usart-hw-handshaking-project-at9 #
#                    1sam7se-ek(7)\at91sam7se-ek\basic-usart-hw-handshaking-p #
#                    roject\ewp\at91sam7se512_flash\Obj\main.o"               #
#                    "C:\Users\JDS\Desktop\JDS_PRO\국내 프로젝트\대구         #
#                    모노레일\프로그램\basic-usart-hw-handshaking-project-at9 #
#                    1sam7se-ek(7)\at91sam7se-ek\basic-usart-hw-handshaking-p #
#                    roject\ewp\at91sam7se512_flash\Obj\math.o"               #
#                    "C:\Users\JDS\Desktop\JDS_PRO\국내 프로젝트\대구         #
#                    모노레일\프로그램\basic-usart-hw-handshaking-project-at9 #
#                    1sam7se-ek(7)\at91sam7se-ek\basic-usart-hw-handshaking-p #
#                    roject\ewp\at91sam7se512_flash\Obj\pio.o"                #
#                    "C:\Users\JDS\Desktop\JDS_PRO\국내 프로젝트\대구         #
#                    모노레일\프로그램\basic-usart-hw-handshaking-project-at9 #
#                    1sam7se-ek(7)\at91sam7se-ek\basic-usart-hw-handshaking-p #
#                    roject\ewp\at91sam7se512_flash\Obj\pit.o"                #
#                    "C:\Users\JDS\Desktop\JDS_PRO\국내 프로젝트\대구         #
#                    모노레일\프로그램\basic-usart-hw-handshaking-project-at9 #
#                    1sam7se-ek(7)\at91sam7se-ek\basic-usart-hw-handshaking-p #
#                    roject\ewp\at91sam7se512_flash\Obj\pmc.o"                #
#                    "C:\Users\JDS\Desktop\JDS_PRO\국내 프로젝트\대구         #
#                    모노레일\프로그램\basic-usart-hw-handshaking-project-at9 #
#                    1sam7se-ek(7)\at91sam7se-ek\basic-usart-hw-handshaking-p #
#                    roject\ewp\at91sam7se512_flash\Obj\printf_usart.o"       #
#                    "C:\Users\JDS\Desktop\JDS_PRO\국내 프로젝트\대구         #
#                    모노레일\프로그램\basic-usart-hw-handshaking-project-at9 #
#                    1sam7se-ek(7)\at91sam7se-ek\basic-usart-hw-handshaking-p #
#                    roject\ewp\at91sam7se512_flash\Obj\spi.o"                #
#                    "C:\Users\JDS\Desktop\JDS_PRO\국내 프로젝트\대구         #
#                    모노레일\프로그램\basic-usart-hw-handshaking-project-at9 #
#                    1sam7se-ek(7)\at91sam7se-ek\basic-usart-hw-handshaking-p #
#                    roject\ewp\at91sam7se512_flash\Obj\spid.o"               #
#                    "C:\Users\JDS\Desktop\JDS_PRO\국내 프로젝트\대구         #
#                    모노레일\프로그램\basic-usart-hw-handshaking-project-at9 #
#                    1sam7se-ek(7)\at91sam7se-ek\basic-usart-hw-handshaking-p #
#                    roject\ewp\at91sam7se512_flash\Obj\tc.o"                 #
#                    "C:\Users\JDS\Desktop\JDS_PRO\국내 프로젝트\대구         #
#                    모노레일\프로그램\basic-usart-hw-handshaking-project-at9 #
#                    1sam7se-ek(7)\at91sam7se-ek\basic-usart-hw-handshaking-p #
#                    roject\ewp\at91sam7se512_flash\Obj\usart.o" --redirect   #
#                    _Printf=_PrintfSmall --redirect _Scanf=_ScanfSmall -o    #
#                    "C:\Users\JDS\Desktop\JDS_PRO\국내 프로젝트\대구         #
#                    모노레일\프로그램\basic-usart-hw-handshaking-project-at9 #
#                    1sam7se-ek(7)\at91sam7se-ek\basic-usart-hw-handshaking-p #
#                    roject\ewp\at91sam7se512_flash\Exe\at91sam7se512_flash.o #
#                    ut" --map "C:\Users\JDS\Desktop\JDS_PRO\국내             #
#                    프로젝트\대구 모노레일\프로그램\basic-usart-hw-handshaki #
#                    ng-project-at91sam7se-ek(7)\at91sam7se-ek\basic-usart-hw #
#                    -handshaking-project\ewp\at91sam7se512_flash\List\at91sa #
#                    m7se512_flash.map" --config                              #
#                    "C:\Users\JDS\Desktop\JDS_PRO\국내 프로젝트\대구         #
#                    모노레일\프로그램\basic-usart-hw-handshaking-project-at9 #
#                    1sam7se-ek(7)\at91sam7se-ek\basic-usart-hw-handshaking-p #
#                    roject\ewp\..\..\..\at91lib\boards\at91sam7se-ek\at91sam #
#                    7se512\flash" --diag_suppress Lp005,Lp006 --semihosting  #
#                    --entry resetHandler --vfe                               #
#                                                                             #
#                                                                             #
###############################################################################

*******************************************************************************
*** RUNTIME MODEL ATTRIBUTES
***

CppFlavor                     = *
__Heap_Handler                = Basic
__SystemLibrary               = DLib
__dlib_dynamic_initialization = normal


*******************************************************************************
*** PLACEMENT SUMMARY
***

"P1":  place in [from 0x00100000 to 0x001000ff] { section .cstartup };
"P2":  place in [from 0x00100100 to 0x0017ffff] { ro };
"P3":  place in [from 0x00200000 to 0x002000ff] { section .vectors };
"P4":  place in [from 0x00200100 to 0x00207fff] {
          rw, block IRQ_STACK, block SYS_STACK, block CSTACK, block HEAP };

  Section            Kind        Address    Size  Object
  -------            ----        -------    ----  ------
"P1":                                       0x4c
  .cstartup          ro code  0x00100000    0x4c  board_cstartup_iar.o [1]
                            - 0x0010004c    0x4c

"P2":                                     0xa658
  .text              ro code  0x00100100  0x4b4c  LED_Display.o [1]
  .text              ro code  0x00104c4c    0x2c  at45.o [1]
  .text              ro code  0x00104c78    0x2c  NandFlashModel.o [1]
  .text              ro code  0x00104ca4   0x1bc  usart.o [1]
  .text              ro code  0x00104e60   0x1d4  I32DivMod.o [4]
  .text              ro code  0x00105034    0x44  strncmp.o [3]
  .text              ro code  0x00105078   0x3fc  UART.o [1]
  .text              ro code  0x00105474   0x8f4  main.o [1]
  .text              ro code  0x00105d68    0x7c  ABImemset.o [4]
  .text              ro code  0x00105de4    0xd4  ABImemcpy.o [4]
  .text              ro code  0x00105eb8    0x40  printf.o [3]
  .text              ro code  0x00105ef8     0x4  IntDivZer.o [4]
  .text              ro code  0x00105efc   0x17c  SPI_FUN.o [1]
  .text              ro code  0x00106078    0x88  pmc.o [1]
  .text              ro code  0x00106100    0x70  aic.o [1]
  .text              ro code  0x00106170    0xec  tc.o [1]
  .text              ro code  0x0010625c    0xa8  pit.o [1]
  .text              ro code  0x00106304   0x250  pio.o [1]
  .text              ro code  0x00106554   0x324  board_memories.o [1]
  .text              ro code  0x00106878   0x630  NorFlashCFI.o [1]
  .text              ro code  0x00106ea8    0x74  NorFlashApi.o [1]
  .text              ro code  0x00106f1c    0x1c  math.o [1]
  .text              ro code  0x00106f38    0xd0  Download.o [1]
  .text              ro code  0x00107008   0xbf4  xprintfsmall.o [3]
  .text              ro code  0x00107bfc   0x1b8  spid.o [1]
  .text              ro code  0x00107db4   0x178  at26.o [1]
  .text              ro code  0x00107f2c    0xd4  NorFlashCommon.o [1]
  .text              ro code  0x00108000    0x34  xmbtowc.o [3]
  .text              ro code  0x00108034    0x20  strchr.o [4]
  .text              ro code  0x00108054    0x54  strlen.o [4]
  .text              ro code  0x001080a8    0x94  memchr.o [4]
  .text              ro code  0x0010813c    0x14  xmbcurmax.o [3]
  .text              ro code  0x00108150   0x150  xxmemxmalloc.o [3]
  .text              ro code  0x001082a0    0x28  xwctomb.o [3]
  .text              ro code  0x001082c8   0x10c  xxmemxfree.o [3]
  .text              ro code  0x001083d4    0x1c  setlocale.o [3]
  .text              ro code  0x001083f0    0x94  xencoding_sb.o [3]
  .text              ro code  0x00108484   0x148  xsyslock.o [3]
  .text              ro code  0x001085cc    0x40  xgetmemchunk.o [3]
  .text              ro code  0x0010860c     0x4  xtls.o [3]
  .text              ro code  0x00108610     0x8  xmtx2.o [3]
  .text              ro code  0x00108618    0x10  xmtx.o [3]
  .text              ro code  0x00108628   0x7a0  NorFlashAmd.o [1]
  .text              ro code  0x00108dc8   0x5e8  NorFlashIntel.o [1]
  .text              ro code  0x001093b0   0x1bc  board_lowlevel.o [1]
  .rodata            const    0x0010956c    0xd8  main.o [1]
  .rodata            const    0x00109644    0xb0  SPI_FUN.o [1]
  .rodata            const    0x001096f4    0x98  at26.o [1]
  .rodata            const    0x0010978c    0x94  pmc.o [1]
  .text              ro code  0x00109820    0x78  printf_usart.o [1]
  .text              ro code  0x00109898    0x54  data_init3.o [4]
  .rodata            const    0x001098ec    0x4c  NorFlashCFI.o [1]
  .rodata            const    0x00109938    0x48  pmc.o [1]
  .rodata            const    0x00109980    0x3c  NorFlashCFI.o [1]
  .rodata            const    0x001099bc    0x3c  NorFlashCFI.o [1]
  .rodata            const    0x001099f8    0x3c  NorFlashCFI.o [1]
  .rodata            const    0x00109a34    0x38  NorFlashCFI.o [1]
  .rodata            const    0x00109a6c    0x38  NorFlashCFI.o [1]
  .rodata            const    0x00109aa4    0x38  NorFlashCFI.o [1]
  .rodata            const    0x00109adc    0x38  NorFlashCFI.o [1]
  .rodata            const    0x00109b14    0x38  NorFlashCFI.o [1]
  .rodata            const    0x00109b4c    0x34  NorFlashCFI.o [1]
  .rodata            const    0x00109b80    0x34  NorFlashCFI.o [1]
  .rodata            const    0x00109bb4    0x34  NorFlashCFI.o [1]
  .rodata            const    0x00109be8    0x34  main.o [1]
  .rodata            const    0x00109c1c    0x30  NorFlashCFI.o [1]
  .rodata            const    0x00109c4c    0x30  NorFlashCFI.o [1]
  .text              ro code  0x00109c7c    0x2e  copy_init3.o [4]
  .rodata            const    0x00109cac    0x2c  NorFlashCFI.o [1]
  .rodata            const    0x00109cd8    0x2c  NorFlashCFI.o [1]
  .rodata            const    0x00109d04    0x2c  NorFlashCFI.o [1]
  .rodata            const    0x00109d30    0x2c  NorFlashCFI.o [1]
  .rodata            const    0x00109d5c    0x2c  main.o [1]
  .rodata            const    0x00109d88    0x2c  main.o [1]
  .rodata            const    0x00109db4    0x28  NorFlashCFI.o [1]
  .rodata            const    0x00109ddc    0x28  NorFlashCFI.o [1]
  .text              ro code  0x00109e04    0x28  xprout.o [3]
  .text              ro code  0x00109e2c    0x28  zero_init3.o [4]
  .rodata            const    0x00109e54    0x24  NorFlashCFI.o [1]
  .rodata            const    0x00109e78    0x24  NorFlashCFI.o [1]
  .rodata            const    0x00109e9c    0x24  SPI_FUN.o [1]
  .rodata            const    0x00109ec0    0x24  board_memories.o [1]
  .text              ro code  0x00109ee4    0x24  cmain.o [4]
  .text              ro code  0x00109f08     0x8  low_level_init.o [3]
  .text              ro code  0x00109f10     0x4  exit.o [3]
  .text              ro code  0x00109f14    0x20  exit.o [5]
  .text              ro code  0x00109f34    0x14  cexit.o [4]
  .iar.init_table    const    0x00109f48    0x38  - Linker created -
  .rodata            const    0x00109f80    0x20  NorFlashCFI.o [1]
  .rodata            const    0x00109fa0    0x20  NorFlashCFI.o [1]
  .rodata            const    0x00109fc0    0x20  SPI_FUN.o [1]
  .rodata            const    0x00109fe0    0x20  at26.o [1]
  .rodata            const    0x0010a000    0x20  pmc.o [1]
  .rodata            const    0x0010a020    0x20  usart.o [1]
  .rodata            const    0x0010a040    0x1c  main.o [1]
  .rodata            const    0x0010a05c    0x18  NorFlashCFI.o [1]
  .rodata            const    0x0010a074    0x18  NorFlashCFI.o [1]
  .rodata            const    0x0010a08c    0x14  main.o [1]
  .rodata            const    0x0010a0a0    0x14  tc.o [1]
  .rodata            const    0x0010a0b4    0x10  NorFlashCFI.o [1]
  .rodata            const    0x0010a0c4    0x10  NorFlashCFI.o [1]
  .rodata            const    0x0010a0d4    0x10  SPI_FUN.o [1]
  .rodata            const    0x0010a0e4    0x10  at26.o [1]
  .rodata            const    0x0010a0f4    0x10  pmc.o [1]
  .rodata            const    0x0010a104     0x4  main.o [1]
  .text              ro code  0x0010a108     0x4  vectortrap.o [4]
  .text              ro code  0x0010a10c     0x4  xreturnswi.o [5]
  .text              ro code  0x0010a110     0x0  cstart_clearlocks.o [4]
  .rodata            const    0x0010a110     0x0  bwt_init3c.o [4]
  Initializer bytes  ro data  0x0010a110   0x5c0  <for P4 s0>
  Initializer bytes  ro data  0x0010a6d0    0x88  <for P3 s1>
                            - 0x0010a758  0xa658

"P3":                                       0x88
  P3 s1                       0x00200000    0x88  <Init block>
    .vectors         inited   0x00200000    0x88  board_cstartup_iar.o [1]
                            - 0x00200088    0x88

"P4", part 1 of 3:                         0x5c0
  P4 s0                       0x00200100   0x5c0  <Init block>
    .data            inited   0x00200100   0x400  UART.o [1]
    .data            inited   0x00200500    0xc8  main.o [1]
    .data            inited   0x002005c8    0x40  xfiles.o [3]
    .data            inited   0x00200608    0x40  xfiles.o [3]
    .data            inited   0x00200648    0x30  SPI_FUN.o [1]
    .data            inited   0x00200678    0x10  LED_Display.o [1]
    .data            inited   0x00200688     0xc  LED_Display.o [1]
    .data            inited   0x00200694     0xc  LED_Display.o [1]
    .data            inited   0x002006a0     0x8  LED_Display.o [1]
    .data            inited   0x002006a8     0x8  LED_Display.o [1]
    .data            inited   0x002006b0     0x4  LED_Display.o [1]
    .data            inited   0x002006b4     0x4  LED_Display.o [1]
    .data            inited   0x002006b8     0x4  LED_Display.o [1]
    .data            inited   0x002006bc     0x4  main.o [1]
                            - 0x002006c0   0x5c0

"P4", part 2 of 3:                        0x28c0
  .bss               zero     0x002006c0   0xbb8  LED_Display.o [1]
  .bss               zero     0x00201278   0x400  LED_Display.o [1]
  .bss               zero     0x00201678   0x400  LED_Display.o [1]
  .bss               zero     0x00201a78   0x400  LED_Display.o [1]
  .bss               zero     0x00201e78   0x400  LED_Display.o [1]
  .bss               zero     0x00202278   0x200  UART.o [1]
  .bss               zero     0x00202478   0x200  UART.o [1]
  .bss               zero     0x00202678   0x200  UART.o [1]
  .bss               zero     0x00202878   0x200  UART.o [1]
  .bss               zero     0x00202a78   0x190  main.o [1]
  __DLIB_PERTHREAD   zero     0x00202c08    0x74  setlocale.o [3]
  .bss               zero     0x00202c7c    0x68  main.o [1]
  .bss               zero     0x00202ce4    0x50  xfiles.o [3]
  .bss               zero     0x00202d34    0x50  xfiles.o [3]
  .bss               zero     0x00202d84    0x38  LED_Display.o [1]
  .bss               zero     0x00202dbc    0x38  xsyslock.o [3]
  .bss               zero     0x00202df4    0x34  LED_Display.o [1]
  .bss               zero     0x00202e28    0x34  UART.o [1]
  .bss               zero     0x00202e5c    0x28  SPI_FUN.o [1]
  .bss               zero     0x00202e84    0x10  SPI_FUN.o [1]
  .bss               zero     0x00202e94     0xc  LED_Display.o [1]
  .bss               zero     0x00202ea0     0xc  LED_Display.o [1]
  .bss               zero     0x00202eac     0x8  LED_Display.o [1]
  .bss               zero     0x00202eb4     0x8  xxmemxmalloc.o [3]
  .bss               zero     0x00202ebc     0x4  Download.o [1]
  .bss               zero     0x00202ec0     0x4  Download.o [1]
  .bss               zero     0x00202ec4     0x4  Download.o [1]
  .bss               zero     0x00202ec8     0x4  LED_Display.o [1]
  .bss               zero     0x00202ecc     0x4  LED_Display.o [1]
  .bss               zero     0x00202ed0     0x4  LED_Display.o [1]
  .bss               zero     0x00202ed4     0x4  LED_Display.o [1]
  .bss               zero     0x00202ed8     0x4  LED_Display.o [1]
  .bss               zero     0x00202edc     0x4  LED_Display.o [1]
  .bss               zero     0x00202ee0     0x4  LED_Display.o [1]
  .bss               zero     0x00202ee4     0x4  LED_Display.o [1]
  .bss               zero     0x00202ee8     0x4  LED_Display.o [1]
  .bss               zero     0x00202eec     0x4  LED_Display.o [1]
  .bss               zero     0x00202ef0     0x4  LED_Display.o [1]
  .bss               zero     0x00202ef4     0x4  LED_Display.o [1]
  .bss               zero     0x00202ef8     0x4  LED_Display.o [1]
  .bss               zero     0x00202efc     0x4  LED_Display.o [1]
  .bss               zero     0x00202f00     0x4  LED_Display.o [1]
  .bss               zero     0x00202f04     0x4  LED_Display.o [1]
  .bss               zero     0x00202f08     0x4  LED_Display.o [1]
  .bss               zero     0x00202f0c     0x4  LED_Display.o [1]
  .bss               zero     0x00202f10     0x4  LED_Display.o [1]
  .bss               zero     0x00202f14     0x4  LED_Display.o [1]
  .bss               zero     0x00202f18     0x4  LED_Display.o [1]
  .bss               zero     0x00202f1c     0x4  LED_Display.o [1]
  .bss               zero     0x00202f20     0x4  LED_Display.o [1]
  .bss               zero     0x00202f24     0x4  LED_Display.o [1]
  .bss               zero     0x00202f28     0x4  LED_Display.o [1]
  .bss               zero     0x00202f2c     0x4  LED_Display.o [1]
  .bss               zero     0x00202f30     0x4  LED_Display.o [1]
  .bss               zero     0x00202f34     0x4  LED_Display.o [1]
  .bss               zero     0x00202f38     0x4  LED_Display.o [1]
  .bss               zero     0x00202f3c     0x4  LED_Display.o [1]
  .bss               zero     0x00202f40     0x4  LED_Display.o [1]
  .bss               zero     0x00202f44     0x4  LED_Display.o [1]
  .bss               zero     0x00202f48     0x4  LED_Display.o [1]
  .bss               zero     0x00202f4c     0x4  main.o [1]
  .bss               zero     0x00202f50     0x4  main.o [1]
  .bss               zero     0x00202f54     0x4  main.o [1]
  .bss               zero     0x00202f58     0x4  main.o [1]
  .bss               zero     0x00202f5c     0x4  main.o [1]
  .bss               zero     0x00202f60     0x4  main.o [1]
  .bss               zero     0x00202f64     0x4  main.o [1]
  .bss               zero     0x00202f68     0x4  main.o [1]
  .bss               zero     0x00202f6c     0x4  main.o [1]
  .bss               zero     0x00202f70     0x4  main.o [1]
  .bss               zero     0x00202f74     0x4  xgetmemchunk.o [3]
  .bss               zero     0x00202f78     0x1  LED_Display.o [1]
  .bss               zero     0x00202f79     0x1  main.o [1]
  .bss               zero     0x00202f7a     0x1  main.o [1]
                            - 0x00202f7b  0x28bb

"P4", part 3 of 3:                        0x1060
  CSTACK                      0x00202f80  0x1000  <Block>
    CSTACK           uninit   0x00202f80  0x1000  <Block tail>
  IRQ_STACK                   0x00203f80    0x60  <Block>
    IRQ_STACK        uninit   0x00203f80    0x60  <Block tail>
  HEAP                        0x00203fe0     0x0  <Block>
                            - 0x00203fe0  0x1060


*******************************************************************************
*** INIT TABLE
***

          Address     Size
          -------     ----
Zero (__iar_zero_init3)
    1 destination range, total size 0x28bb:
          0x002006c0  0x28bb

Copy (__iar_copy_init3)
    1 source range, total size 0x5c0:
          0x0010a110   0x5c0
    1 destination range, total size 0x5c0:
          0x00200100   0x5c0

Copy (__iar_copy_init3)
    1 source range, total size 0x88:
          0x0010a6d0    0x88
    1 destination range, total size 0x88:
          0x00200000    0x88



*******************************************************************************
*** MODULE SUMMARY
***

    Module                ro code  rw code  ro data  rw data
    ------                -------  -------  -------  -------
C:\Users\JDS\Desktop\JDS_PRO\국내 프로젝트\대구 모노레일\프로그램\basic-usart-hw-handshaking-project-at91sam7se-ek(7)\at91sam7se-ek\basic-usart-hw-handshaking-project\ewp\at91sam7se512_flash\Obj: [1]
    Download.o                208                         12
    LED_Display.o          19 276                68    7 437
    NandFlashModel.o           44
    NorFlashAmd.o           1 952
    NorFlashApi.o             116
    NorFlashCFI.o           1 584             1 260
    NorFlashCommon.o          212
    NorFlashIntel.o         1 512
    SPI_FUN.o                 380               308      104
    UART.o                  1 020             1 024    3 124
    aic.o                     112
    at26.o                    376               200
    at45.o                     44
    board_cstartup_iar.o       76      136      136
    board_lowlevel.o          444
    board_memories.o          804                36
    main.o                  2 292               612      750
    math.o                     28
    pio.o                     592
    pit.o                     168
    pmc.o                     136               268
    printf_usart.o            120
    spid.o                    440
    tc.o                      236                20
    usart.o                   444                32
    --------------------------------------------------------
    Total:                 32 616      136    3 964   11 427

command line: [2]
    --------------------------------------------------------
    Total:

dl4t_alf.a: [3]
    exit.o                      4
    low_level_init.o            8
    printf.o                   64
    setlocale.o                28                        116
    strncmp.o                  68
    xencoding_sb.o            148
    xfiles.o                                    128      288
    xgetmemchunk.o             64                          4
    xmbcurmax.o                20
    xmbtowc.o                  52
    xmtx.o                     16
    xmtx2.o                     8
    xprintfsmall.o          3 060
    xprout.o                   40
    xsyslock.o                328                         56
    xtls.o                      4
    xwctomb.o                  40
    xxmemxfree.o              268
    xxmemxmalloc.o            336                          8
    --------------------------------------------------------
    Total:                  4 556               128      472

rt4t_al.a: [4]
    ABImemcpy.o               212
    ABImemset.o               124
    I32DivMod.o               468
    IntDivZer.o                 4
    bwt_init3c.o
    cexit.o                    20
    cmain.o                    36
    copy_init3.o               46
    cstart_clearlocks.o
    data_init3.o               84
    memchr.o                  148
    strchr.o                   32
    strlen.o                   84
    vectortrap.o                4
    zero_init3.o               40
    --------------------------------------------------------
    Total:                  1 302

shs_l.a: [5]
    exit.o                     32
    xreturnswi.o                4
    --------------------------------------------------------
    Total:                     36

    Gaps                                          2
    Linker created                               56    4 192
------------------------------------------------------------
    Grand Total:           38 510      136    4 150   16 091


*******************************************************************************
*** ENTRY LIST
***

Entry                      Address    Size  Type      Object
-----                      -------    ----  ----      ------
?main                   0x00109ee4          Code  Gb  cmain.o [4]
ADD_CHECK               0x001059f0    0x30  Code  Gb  main.o [1]
AIC_ConfigureIT         0x00106100    0x40  Code  Gb  aic.o [1]
AIC_DisableIT           0x00106158    0x18  Code  Gb  aic.o [1]
AIC_EnableIT            0x00106140    0x18  Code  Gb  aic.o [1]
AMD_EraseChip           0x00108b0c   0x1a4  Code  Gb  NorFlashAmd.o [1]
AMD_EraseSector         0x00108984   0x188  Code  Gb  NorFlashAmd.o [1]
AMD_ReadDeviceID        0x00108968    0x1c  Code  Gb  NorFlashAmd.o [1]
AMD_ReadManufactoryId   0x0010894c    0x1c  Code  Gb  NorFlashAmd.o [1]
AMD_Reset               0x0010892c    0x20  Code  Gb  NorFlashAmd.o [1]
AMD_Write_Data          0x00108cb0   0x118  Code  Gb  NorFlashAmd.o [1]
AT26_Configure          0x00107db4    0xcc  Code  Gb  at26.o [1]
AT26_SendCommand        0x00107e80    0x9c  Code  Gb  at26.o [1]
AT26_Write              0x00105f10    0xe4  Code  Gb  SPI_FUN.o [1]
Abort_Handler           0x0010a108          Code  Wk  vectortrap.o [4]
Arrow_L                 0x00200694     0xc  Data  Gb  LED_Display.o [1]
Arrow_R                 0x00200688     0xc  Data  Gb  LED_Display.o [1]
BASIC_VALUE             0x001039a0    0xa0  Code  Gb  LED_Display.o [1]
BLINK_DCC_T_C           0x00202f28     0x4  Data  Gb  LED_Display.o [1]
BOARD_ConfigureFlash48MHz
                        0x001067f8    0x1c  Code  Gb  board_memories.o [1]
BOARD_ConfigureNorFlash
                        0x00106814    0x54  Code  Gb  board_memories.o [1]
BOARD_ConfigureSdram    0x001065b4   0x244  Code  Gb  board_memories.o [1]
BOARD_GetRemap          0x00106554    0x3c  Code  Lc  board_memories.o [1]
BOARD_RemapRam          0x00106590    0x24  Code  Gb  board_memories.o [1]
B_FRONT                 0x00202f1c     0x4  Data  Gb  LED_Display.o [1]
Blink_Timer_Count       0x002006b8     0x4  Data  Gb  LED_Display.o [1]
CH                      0x002006b0     0x4  Data  Gb  LED_Display.o [1]
CHACK_DATA              0x00202f34     0x4  Data  Gb  LED_Display.o [1]
CHH                     0x00202ef8     0x4  Data  Gb  LED_Display.o [1]
COUNT                   0x00202ec8     0x4  Data  Gb  LED_Display.o [1]
CRC_Table               0x00200100   0x400  Data  Lc  UART.o [1]
CSTACK$$Base            0x00202f80           --   Gb  - Linker created -
CSTACK$$Limit           0x00203f80           --   Gb  - Linker created -
ChackHexa               0x00105940    0xb0  Code  Gb  main.o [1]
Compari_Arrow_L         0x00202ea0     0xc  Data  Gb  LED_Display.o [1]
Compari_Arrow_R         0x00202e94     0xc  Data  Gb  LED_Display.o [1]
Compari_ITEM            0x00202eac     0x8  Data  Gb  LED_Display.o [1]
ConfigurePit            0x00105894    0x40  Code  Lc  main.o [1]
ConfigureTc0            0x0010574c    0x88  Code  Gb  main.o [1]
ConfigureTc1            0x001057d4    0x8c  Code  Gb  main.o [1]
ConfigureUsart0         0x001056d8    0x74  Code  Gb  main.o [1]
DCC                     0x00200678    0x10  Data  Gb  LED_Display.o [1]
DCC_CONTROL             0x001040cc   0x580  Code  Gb  LED_Display.o [1]
DCC_T_C                 0x00202f24     0x4  Data  Gb  LED_Display.o [1]
DOT_VIDEO_PIRNT         0x00102d7c   0x10c  Code  Gb  LED_Display.o [1]
Display_Init            0x00100100    0x4c  Code  Gb  LED_Display.o [1]
Display_main            0x0010014c   0x410  Code  Gb  LED_Display.o [1]
Dot_Video               0x00202f08     0x4  Data  Gb  LED_Display.o [1]
Down_int09              0x00106f38    0xc0  Code  Gb  Download.o [1]
ESC                     0x002006a0     0x8  Data  Gb  LED_Display.o [1]
FIQ_Handler             0x0010a108          Code  Wk  vectortrap.o [4]
FONT_POSITION           0x001005cc  0x1094  Code  Gb  LED_Display.o [1]
FRONT                   0x00202f18     0x4  Data  Gb  LED_Display.o [1]
Font_Data               0x00201a78   0x400  Data  Gb  LED_Display.o [1]
HEAP$$Base              0x00203fe0           --   Gb  - Linker created -
HEAP$$Limit             0x00203fe0           --   Gb  - Linker created -
HEX_SWITCH              0x00103be0   0x1ac  Code  Gb  LED_Display.o [1]
HI_SEND                 0x00202ed0     0x4  Data  Gb  LED_Display.o [1]
Hex_Pri_T_F             0x002006b4     0x4  Data  Gb  LED_Display.o [1]
Hex_Pri_Tim             0x00202f04     0x4  Data  Gb  LED_Display.o [1]
IMAG_POINT_VALUE        0x00101664   0x190  Code  Gb  LED_Display.o [1]
INTEL_EraseChip         0x00109230    0x60  Code  Gb  NorFlashIntel.o [1]
INTEL_EraseSector       0x001090f0   0x140  Code  Gb  NorFlashIntel.o [1]
INTEL_ReadDeviceID      0x001090d4    0x1c  Code  Gb  NorFlashIntel.o [1]
INTEL_ReadManufactoryId
                        0x001090b8    0x1c  Code  Gb  NorFlashIntel.o [1]
INTEL_Reset             0x00109098    0x20  Code  Gb  NorFlashIntel.o [1]
INTEL_Write_Data        0x00109290   0x120  Code  Gb  NorFlashIntel.o [1]
IRQ_Handler             0x0010a108          Code  Wk  vectortrap.o [4]
IRQ_STACK$$Base         0x00203f80           --   Gb  - Linker created -
IRQ_STACK$$Limit        0x00203fe0           --   Gb  - Linker created -
ISR_Pit                 0x00105860    0x34  Code  Lc  main.o [1]
ISR_Spi                 0x00105efc    0x14  Code  Gb  SPI_FUN.o [1]
ISR_Tc0                 0x001054f0    0x78  Code  Gb  main.o [1]
ISR_Tc1                 0x00105568   0x170  Code  Gb  main.o [1]
ISR_Usart0              0x00105474    0x7c  Code  Gb  main.o [1]
ITEM                    0x002006a8     0x8  Data  Gb  LED_Display.o [1]
Imag_Screen             0x00101810   0x7a8  Code  Gb  LED_Display.o [1]
Imag_Screen_8           0x0010288c   0x4f0  Code  Gb  LED_Display.o [1]
Imag_Screen_door        0x00102008   0x880  Code  Gb  LED_Display.o [1]
LED_Display_c_int10     0x0010499c   0x240  Code  Gb  LED_Display.o [1]
LEFT_DOT_VIDEO_PIRNT    0x001033c8   0x110  Code  Gb  LED_Display.o [1]
LEF_Font_posi           0x00202f3c     0x4  Data  Gb  LED_Display.o [1]
LINE_BUFF               0x002006c0   0xbb8  Data  Gb  LED_Display.o [1]
LOW_SEND                0x00202ed4     0x4  Data  Gb  LED_Display.o [1]
Left_Dot_Video          0x00202f10     0x4  Data  Gb  LED_Display.o [1]
LowLevelInit            0x001093bc   0x1ac  Code  Gb  board_lowlevel.o [1]
MODE_SET                0x00105a20    0x64  Code  Gb  main.o [1]
NORFLASH_ReadDeviceID   0x00106ef8    0x24  Code  Gb  NorFlashApi.o [1]
NORFLASH_ReadManufactoryID
                        0x00106ed4    0x24  Code  Gb  NorFlashApi.o [1]
NORFLASH_Reset          0x00106ea8    0x2c  Code  Gb  NorFlashApi.o [1]
NORMAL_DCC_COUNT        0x0010467c   0x254  Code  Gb  LED_Display.o [1]
NUM_TX                  0x00202ed8     0x4  Data  Gb  LED_Display.o [1]
NUM_TX_DATA             0x00202edc     0x4  Data  Gb  LED_Display.o [1]
NorFlash_CFI_Detect     0x00106cf8   0x140  Code  Gb  NorFlashCFI.o [1]
NorFlash_CFI_DumpConfigruation
                        0x00106878   0x23c  Code  Gb  NorFlashCFI.o [1]
NorFlash_GetAddressInChip
                        0x00106cdc     0xc  Code  Gb  NorFlashCFI.o [1]
NorFlash_GetByteAddress
                        0x00106cc0     0xc  Code  Gb  NorFlashCFI.o [1]
NorFlash_GetByteAddressInChip
                        0x00106ccc    0x10  Code  Gb  NorFlashCFI.o [1]
NorFlash_GetDataBusWidth
                        0x00106ce8    0x10  Code  Gb  NorFlashCFI.o [1]
NorFlash_GetDeviceMinBlockSize
                        0x00106b24    0xa8  Code  Gb  NorFlashCFI.o [1]
NorFlash_GetDeviceNumOfBlocks
                        0x00106ab4    0x70  Code  Gb  NorFlashCFI.o [1]
NorFlash_GetDeviceSectorAddress
                        0x00106bcc    0xf4  Code  Gb  NorFlashCFI.o [1]
PATTREN                 0x00103d94   0x114  Code  Gb  LED_Display.o [1]
PATTREN_MOVE_VALUE      0x00103ea8   0x20c  Code  Gb  LED_Display.o [1]
PAT_COLOR               0x00202efc     0x4  Data  Gb  LED_Display.o [1]
PIO_Configure           0x001063f0   0x110  Code  Gb  pio.o [1]
PIO_Get                 0x00106500    0x54  Code  Gb  pio.o [1]
PIO_SetInput            0x00106354    0x40  Code  Lc  pio.o [1]
PIO_SetOutput           0x00106394    0x5c  Code  Lc  pio.o [1]
PIO_SetPeripheralA      0x00106304    0x28  Code  Lc  pio.o [1]
PIO_SetPeripheralB      0x0010632c    0x28  Code  Lc  pio.o [1]
PIT_Enable              0x001062a4    0x20  Code  Gb  pit.o [1]
PIT_EnableIT            0x001062c4    0x20  Code  Gb  pit.o [1]
PIT_GetPIVR             0x001062f4    0x10  Code  Gb  pit.o [1]
PIT_GetStatus           0x001062e4    0x10  Code  Gb  pit.o [1]
PIT_Init                0x0010625c    0x48  Code  Gb  pit.o [1]
PMC_EnablePeripheral    0x00106078    0x78  Code  Gb  pmc.o [1]
POP                     0x001038dc    0xc0  Code  Gb  LED_Display.o [1]
PUSH                    0x001037d4   0x108  Code  Gb  LED_Display.o [1]
Pattren_inter_time      0x00202f00     0x4  Data  Gb  LED_Display.o [1]
Prefetch_Handler        0x0010a108          Code  Wk  vectortrap.o [4]
RECEIVECnt              0x00202f30     0x4  Data  Gb  LED_Display.o [1]
REMEMBER_RING           0x00202df4    0x34  Data  Gb  LED_Display.o [1]
RING_DATA               0x00201678   0x400  Data  Gb  LED_Display.o [1]
RTS                     0x00103b84    0x54  Code  Gb  LED_Display.o [1]
ReadRawData             0x00107f70    0x48  Code  Gb  NorFlashCommon.o [1]
Region$$Table$$Base     0x00109f48           --   Gb  - Linker created -
Region$$Table$$Limit    0x00109f80           --   Gb  - Linker created -
RxTimerBuf              0x00202a78   0x190  Data  Gb  main.o [1]
RxTimerBufCnt           0x00202f5c     0x4  Data  Gb  main.o [1]
RxTimerCnt              0x00202f58     0x4  Data  Gb  main.o [1]
SCAN                    0x00202d84    0x38  Data  Gb  LED_Display.o [1]
SCC1_Init_AChl          0x00202e28    0x34  Data  Gb  UART.o [1]
SCC_ISR                 0x001051bc   0x278  Code  Gb  UART.o [1]
SCC_ISR_Timer           0x00105434    0x28  Code  Gb  UART.o [1]
SCC_Init                0x00105078    0xec  Code  Gb  UART.o [1]
SCC_RxBuf               0x00202278   0x200  Data  Gb  UART.o [1]
SCC_RxBuf_BackUP        0x00202478   0x200  Data  Gb  UART.o [1]
SCC_TxBuf               0x00202678   0x200  Data  Gb  UART.o [1]
SCC_TxBuf_BackUP        0x00202878   0x200  Data  Gb  UART.o [1]
SCREEN_PRINT            0x0010375c    0x78  Code  Gb  LED_Display.o [1]
SEND_DATA               0x00103a40   0x13c  Code  Gb  LED_Display.o [1]
SPID_Configure          0x00107bfc    0x7c  Code  Gb  spid.o [1]
SPID_ConfigureCS        0x00107c78    0x1c  Code  Gb  spid.o [1]
SPID_Handler            0x00107d24    0x90  Code  Gb  spid.o [1]
SPID_SendCommand        0x00107c94    0x90  Code  Gb  spid.o [1]
SPI_Init                0x00105ff4    0x68  Code  Gb  SPI_FUN.o [1]
STATIC_LEFT_VIDEO_PRINT
                        0x001034d8   0x284  Code  Gb  LED_Display.o [1]
STATIC_LEF_Posi         0x00202f40     0x4  Data  Gb  LED_Display.o [1]
STATIC_Left_Dot_Video   0x00202f14     0x4  Data  Gb  LED_Display.o [1]
STOP_DCC_COUNT          0x001048dc    0xb4  Code  Gb  LED_Display.o [1]
SWI_Handler             0x0010a108          Code  Wk  vectortrap.o [4]
SW_TIMER                0x001058d4    0x6c  Code  Gb  main.o [1]
Spi_pins                0x00200648    0x30  Data  Gb  SPI_FUN.o [1]
TC_Configure            0x00106170    0x1c  Code  Gb  tc.o [1]
TC_FindMckDivisor       0x00106198    0xc0  Code  Gb  tc.o [1]
TC_Start                0x0010618c     0xc  Code  Gb  tc.o [1]
TX_DA_ENA_COUNT         0x00202ecc     0x4  Data  Gb  LED_Display.o [1]
UP_DATA_LEN             0x00202f38     0x4  Data  Gb  LED_Display.o [1]
UP_DOT_VIDEO_PIRNT      0x00102ea0   0x528  Code  Gb  LED_Display.o [1]
UP_Font_posi            0x00202f44     0x4  Data  Gb  LED_Display.o [1]
USART_Configure         0x00104ca4    0x4c  Code  Gb  usart.o [1]
USART_ReadBuffer        0x00104e04    0x58  Code  Gb  usart.o [1]
USART_SetReceiverEnabled
                        0x00104d14    0x24  Code  Gb  usart.o [1]
USART_SetTransmitterEnabled
                        0x00104cf0    0x24  Code  Gb  usart.o [1]
USART_Write             0x00104d38    0x74  Code  Gb  usart.o [1]
USART_WriteBuffer       0x00104dac    0x58  Code  Gb  usart.o [1]
Undefined_Handler       0x0010a108          Code  Wk  vectortrap.o [4]
Up_Dot_Video            0x00202f0c     0x4  Data  Gb  LED_Display.o [1]
WriteCommand            0x00107f2c    0x44  Code  Gb  NorFlashCommon.o [1]
WriteRawData            0x00107fb8    0x48  Code  Gb  NorFlashCommon.o [1]
_EncodingSb_Mbtowc      0x00108424    0x50  Code  Gb  xencoding_sb.o [3]
_EncodingSb_Wctomb      0x001083f0    0x34  Code  Gb  xencoding_sb.o [3]
_IsdstStr               0x00202c0c     0x4  Data  Gb  setlocale.o [3]
_LitobSmall             0x00107a1c   0x168  Code  Lc  xprintfsmall.o [3]
_LocaleEncoding         0x001083d4    0x18  Code  Gb  setlocale.o [3]
_LocaleReturnString     0x00202c2c    0x50  Data  Lc  setlocale.o [3]
_Locale_Profile         0x00202c10    0x1c  Data  Gb  setlocale.o [3]
_Mbtowc                 0x00108000    0x34  Code  Gb  xmbtowc.o [3]
_PrintfSmall            0x00107008   0x6a4  Code  Gb  xprintfsmall.o [3]
_Prout                  0x00109e04    0x28  Code  Gb  xprout.o [3]
_PutcharsSmall          0x00107b84    0x60  Code  Lc  xprintfsmall.o [3]
_PutstrSmall            0x001076ac   0x364  Code  Lc  xprintfsmall.o [3]
_TzoneStr               0x00202c08     0x4  Data  Gb  setlocale.o [3]
_Wctomb                 0x001082a0    0x28  Code  Gb  xwctomb.o [3]
__ICFEDIT_region_RAM_end__ {Abs}
                        0x00207fff           --   Gb  command line/config [2]
__ICFEDIT_region_RAM_start__ {Abs}
                        0x00200000           --   Gb  command line/config [2]
__ICFEDIT_region_ROM_end__ {Abs}
                        0x0017ffff           --   Gb  command line/config [2]
__ICFEDIT_region_ROM_start__ {Abs}
                        0x00100000           --   Gb  command line/config [2]
__ICFEDIT_size_cstack__ {Abs}
                        0x00001000           --   Gb  command line/config [2]
__ICFEDIT_size_heap__ {Abs}
                        0x00000000           --   Gb  command line/config [2]
__ICFEDIT_size_irqstack__ {Abs}
                        0x00000060           --   Gb  command line/config [2]
__ICFEDIT_size_startup__ {Abs}
                        0x00000100           --   Gb  command line/config [2]
__ICFEDIT_size_sysstack__ {Abs}
                        0x00000060           --   Gb  command line/config [2]
__ICFEDIT_size_vectors__ {Abs}
                        0x00000100           --   Gb  command line/config [2]
__aeabi_idiv            0x00104e60          Code  Gb  I32DivMod.o [4]
__aeabi_idiv0           0x00105ef8          Code  Gb  IntDivZer.o [4]
__aeabi_idivmod         0x00104e60          Code  Gb  I32DivMod.o [4]
__aeabi_memcpy          0x00105de4          Code  Gb  ABImemcpy.o [4]
__aeabi_memcpy4         0x00105e08          Code  Gb  ABImemcpy.o [4]
__aeabi_memcpy8         0x00105e08          Code  Gb  ABImemcpy.o [4]
__aeabi_memset          0x00105d68          Code  Gb  ABImemset.o [4]
__aeabi_uidiv           0x00104e90          Code  Gb  I32DivMod.o [4]
__aeabi_uidivmod        0x00104e90          Code  Gb  I32DivMod.o [4]
__cexit_clearlocks      0x00109f38          Code  Gb  cexit.o [4]
__cmain                 0x00109ee4          Code  Gb  cmain.o [4]
__cstart_clearlocks     0x0010a110          Data  Gb  cstart_clearlocks.o [4]
__data_Aldata           0x00202eb4     0x8  Data  Gb  xxmemxmalloc.o [3]
__data_GetMemChunk      0x001085cc    0x40  Code  Gb  xgetmemchunk.o [3]
__exit                  0x00109f14    0x20  Code  Gb  exit.o [5]
__iar_Locksyslock       0x0010850c    0xa4  Code  Gb  xsyslock.o [3]
__iar_Mbcurmax          0x0010813c    0x14  Code  Gb  xmbcurmax.o [3]
__iar_Memchr            0x001080a8          Code  Gb  memchr.o [4]
__iar_Memset            0x00105d68          Code  Gb  ABImemset.o [4]
__iar_Memset_word       0x00105d74          Code  Gb  ABImemset.o [4]
__iar_SB                0x0010a110          Data  Gb  bwt_init3c.o [4]
__iar_Stderr            0x00200608    0x40  Data  Gb  xfiles.o [3]
__iar_Stdout            0x002005c8    0x40  Data  Gb  xfiles.o [3]
__iar_Strchr            0x00108034          Code  Gb  strchr.o [4]
__iar_Unlocksyslock     0x001085b0    0x18  Code  Gb  xsyslock.o [3]
__iar_clearlocks        0x00108484    0x88  Code  Gb  xsyslock.o [3]
__iar_copy_init3        0x00109c7d    0x2e  Code  Gb  copy_init3.o [4]
__iar_data_init3        0x00109898    0x54  Code  Gb  data_init3.o [4]
__iar_dlib_perthread_access
                        0x0010860c     0x4  Code  Gb  xtls.o [3]
__iar_file_Mtxdst       0x00108614     0x4  Code  Gb  xmtx2.o [3]
__iar_file_Mtxinit      0x00108610     0x4  Code  Gb  xmtx2.o [3]
__iar_return_from_swi   0x0010a10c     0x4  Code  Gb  xreturnswi.o [5]
__iar_system_Mtxdst     0x0010861c     0x4  Code  Gb  xmtx.o [3]
__iar_system_Mtxinit    0x00108618     0x4  Code  Gb  xmtx.o [3]
__iar_system_Mtxlock    0x00108620     0x4  Code  Gb  xmtx.o [3]
__iar_system_Mtxunlock  0x00108624     0x4  Code  Gb  xmtx.o [3]
__iar_zero_init3        0x00109e2d    0x28  Code  Gb  zero_init3.o [4]
__low_level_init        0x00109f08     0x8  Code  Gb  low_level_init.o [3]
_call_main              0x00109ef4          Code  Gb  cmain.o [4]
_exit                   0x00109f34          Code  Gb  cexit.o [4]
_main                   0x00109efc          Code  Gb  cmain.o [4]
amdOperations           0x0010a05c    0x18  Data  Gb  NorFlashCFI.o [1]
amd_Program             0x001087d8   0x154  Code  Gb  NorFlashAmd.o [1]
amd_ReadIdentification  0x001086b4   0x124  Code  Gb  NorFlashAmd.o [1]
amd_Reset               0x00108628    0x8c  Code  Gb  NorFlashAmd.o [1]
at26                    0x00202e5c    0x28  Data  Gb  SPI_FUN.o [1]
bytesReceived           0x00202f4c     0x4  Data  Gb  main.o [1]
cal_CRC16               0x00105164    0x58  Code  Gb  UART.o [1]
defaultFiqHandler       0x001093b4     0x4  Code  Gb  board_lowlevel.o [1]
defaultIrqHandler       0x001093b8     0x4  Code  Gb  board_lowlevel.o [1]
defaultSpuriousHandler  0x001093b0     0x4  Code  Gb  board_lowlevel.o [1]
ebuf                    0x00202ce4    0x50  Data  Lc  xfiles.o [3]
exit                    0x00109f10     0x4  Code  Gb  exit.o [3]
file_mtx                0x00202dc0    0x20  Data  Lc  xsyslock.o [3]
fputc                   0x00109820    0x54  Code  Gb  printf_usart.o [1]
free                    0x001082c8   0x108  Code  Gb  xxmemxfree.o [3]
gFirmWareExeTime        0x00202ec4     0x4  Data  Gb  Download.o [1]
gHexaSw                 0x00202f78     0x1  Data  Gb  LED_Display.o [1]
gOneSec                 0x00202ee4     0x4  Data  Gb  LED_Display.o [1]
gScnIdx                 0x002006bc     0x4  Data  Gb  main.o [1]
gScnPos                 0x00200500    0xc8  Data  Gb  main.o [1]
gTxDisableTimerCnt      0x00202ec0     0x4  Data  Gb  Download.o [1]
gTxEnableTimerCnt       0x00202ebc     0x4  Data  Gb  Download.o [1]
glDebugCnt              0x00202f2c     0x4  Data  Gb  LED_Display.o [1]
hnum                    0x00202ef0     0x4  Data  Gb  LED_Display.o [1]
hnumm                   0x00202ef4     0x4  Data  Gb  LED_Display.o [1]
intelOperations         0x0010a074    0x18  Data  Gb  NorFlashCFI.o [1]
intel_ClearStatus       0x00108ee0    0x40  Code  Gb  NorFlashIntel.o [1]
intel_GetBlockLockStatus
                        0x00108f90    0x2c  Code  Gb  NorFlashIntel.o [1]
intel_Program           0x00108fbc    0xdc  Code  Gb  NorFlashIntel.o [1]
intel_ReadIdentification
                        0x00108e0c    0x74  Code  Gb  NorFlashIntel.o [1]
intel_ReadStatus        0x00108e80    0x60  Code  Gb  NorFlashIntel.o [1]
intel_Reset             0x00108dc8    0x44  Code  Gb  NorFlashIntel.o [1]
intel_UnlockSector      0x00108f20    0x70  Code  Gb  NorFlashIntel.o [1]
irqHandler              0x00200034          Code  Gb  board_cstartup_iar.o [1]
mFont_Save_posi         0x00202f48     0x4  Data  Gb  LED_Display.o [1]
mHexSwitchAdd           0x00202f7a     0x1  Data  Gb  main.o [1]
mScheenLeft             0x00202f64     0x4  Data  Gb  main.o [1]
mTimerDebugCnt          0x00202f54     0x4  Data  Gb  main.o [1]
mTimerFlag              0x00202f50     0x4  Data  Gb  main.o [1]
main                    0x00105a84   0x234  Code  Gb  main.o [1]
malloc                  0x00108150   0x14c  Code  Gb  xxmemxmalloc.o [3]
memchr                  0x001080a8          Code  Gb  memchr.o [4]
memcpy                  0x00104c78    0x2c  Code  Gb  NandFlashModel.o [1]
memset                  0x00104c4c    0x2c  Code  Gb  at45.o [1]
min                     0x00106f1c    0x1c  Code  Gb  math.o [1]
mtx                     0x00202de0    0x14  Data  Lc  xsyslock.o [3]
nBB                     0x00201e78   0x400  Data  Gb  LED_Display.o [1]
nBuff                   0x00201278   0x400  Data  Gb  LED_Display.o [1]
nIsPattern              0x00202ee0     0x4  Data  Gb  LED_Display.o [1]
norFlash                0x00202c7c    0x68  Data  Gb  main.o [1]
num                     0x00202ee8     0x4  Data  Gb  LED_Display.o [1]
numm                    0x00202eec     0x4  Data  Gb  LED_Display.o [1]
obuf                    0x00202d34    0x50  Data  Lc  xfiles.o [3]
pBuffer                 0x00202f79     0x1  Data  Gb  main.o [1]
pins                    0x0010956c    0xd8  Data  Gb  main.o [1]
printf                  0x00105eb8    0x40  Code  Gb  printf.o [3]
putchar                 0x00109874    0x1c  Code  Gb  printf_usart.o [1]
resetHandler            0x00100000          Code  Gb  board_cstartup_iar.o [1]
resetVector             0x00200000          Code  Gb  board_cstartup_iar.o [1]
spid                    0x00202e84    0x10  Data  Gb  SPI_FUN.o [1]
stop_time               0x00202f20     0x4  Data  Gb  LED_Display.o [1]
strchr                  0x00108034          Code  Gb  strchr.o [4]
strlen                  0x00108054          Code  Gb  strlen.o [4]
strncmp                 0x00105034    0x44  Code  Gb  strncmp.o [3]
syslock_o               0x00202dbc     0x4  Data  Lc  xsyslock.o [3]


[1] = C:\Users\JDS\Desktop\JDS_PRO\국내 프로젝트\대구 모노레일\프로그램\basic-usart-hw-handshaking-project-at91sam7se-ek(7)\at91sam7se-ek\basic-usart-hw-handshaking-project\ewp\at91sam7se512_flash\Obj
[2] = command line
[3] = dl4t_alf.a
[4] = rt4t_al.a
[5] = shs_l.a

  38 510 bytes of readonly  code memory
     136 bytes of readwrite code memory
   4 150 bytes of readonly  data memory
  16 091 bytes of readwrite data memory

Errors: none
Warnings: none
