******************************************************************************
TMS320C3x/4x COFF Linker                Version 5.11                   
******************************************************************************
>> Linked Mon Jul  7 13:31:30 2014

OUTPUT FILE NAME:   <main.out>
ENTRY POINT SYMBOL: "_c_int00"  address: 00a04e6c


MEMORY CONFIGURATION

           name     origin    length      used    attributes    fill
         --------  --------  ---------  --------  ----------  --------
         IRAM      0087fe10  0000001f0  00000000     RWIX      
         FROM      00900000  000080000  00000000     RWIX      
         SRAM      00a00000  000010000  0000e7fd     RWIX      


SECTION ALLOCATION MAP

 output                                  attributes/
section   page    origin      length       input sections
--------  ----  ----------  ----------   ----------------
.text      0    00a00000    00005164     
                  00a00000    00000001     start.obj (.text)
                  00a00001    0000004e     NorFlash.obj (.text)
                  00a0004f    0000091d     z85c30.obj (.text)
                  00a0096c    00000f59     Disk.obj (.text)
                  00a018c5    000015d2     GpProface.obj (.text)
                  00a02e97    000019a0     DataPro.obj (.text)
                  00a04837    000003ff     LED_DOWNLOAD.obj (.text)
                  00a04c36    00000234     Main.obj (.text)
                  00a04e6a    0000001b     rts30.lib : boot.obj (.text)
                  00a04e85    00000033               : divu.obj (.text)
                  00a04eb8    0000002a               : modu.obj (.text)
                  00a04ee2    00000009               : mpyk.obj (.text)
                  00a04eeb    00000026               : exit.obj (.text)
                  00a04f11    0000001d               : memcpy.obj (.text)
                  00a04f2e    000001ca               : memory.obj (.text)
                  00a050f8    00000010               : memset.obj (.text)
                  00a05108    00000010               : strcat.obj (.text)
                  00a05118    00000019               : strncmp.obj (.text)
                  00a05131    00000025               : divi.obj (.text)
                  00a05156    0000000e               : mpyi.obj (.text)

.cinit     0    00a05164    00000754     
                  00a05164    00000006     NorFlash.obj (.cinit)
                  00a0516a    00000252     z85c30.obj (.cinit)
                  00a053bc    0000009f     Disk.obj (.cinit)
                  00a0545b    00000085     GpProface.obj (.cinit)
                  00a054e0    000002f6     DataPro.obj (.cinit)
                  00a057d6    00000074     LED_DOWNLOAD.obj (.cinit)
                  00a0584a    00000052     Main.obj (.cinit)
                  00a0589c    00000009     rts30.lib : exit.obj (.cinit)
                  00a058a5    00000003               : memcpy.obj (.cinit)
                  00a058a8    0000000c               : memory.obj (.cinit)
                  00a058b4    00000003               : strncmp.obj (.cinit)
                  00a058b7    00000001     --HOLE-- [fill = 00000000]

.const     0    00a058b8    000002fd     
                  00a058b8    00000000     NorFlash.obj (.const)
                  00a058b8    00000000     rts30.lib : strncmp.obj (.const)
                  00a058b8    00000000               : memory.obj (.const)
                  00a058b8    00000000               : memcpy.obj (.const)
                  00a058b8    00000000               : exit.obj (.const)
                  00a058b8    00000000     z85c30.obj (.const)
                  00a058b8    0000004e     Disk.obj (.const)
                  00a05906    000001cc     GpProface.obj (.const)
                  00a05ad2    000000da     DataPro.obj (.const)
                  00a05bac    00000003     LED_DOWNLOAD.obj (.const)
                  00a05baf    00000006     Main.obj (.const)

.data      0    00a00000    00000000     UNINITIALIZED
                  00a00000    00000000     start.obj (.data)
                  00a00000    00000000     rts30.lib : mpyi.obj (.data)
                  00a00000    00000000               : divi.obj (.data)
                  00a00000    00000000               : strncmp.obj (.data)
                  00a00000    00000000               : strcat.obj (.data)
                  00a00000    00000000               : memset.obj (.data)
                  00a00000    00000000               : memory.obj (.data)
                  00a00000    00000000               : memcpy.obj (.data)
                  00a00000    00000000               : exit.obj (.data)
                  00a00000    00000000               : mpyk.obj (.data)
                  00a00000    00000000               : modu.obj (.data)
                  00a00000    00000000               : divu.obj (.data)
                  00a00000    00000000               : boot.obj (.data)
                  00a00000    00000000     Main.obj (.data)
                  00a00000    00000000     LED_DOWNLOAD.obj (.data)
                  00a00000    00000000     DataPro.obj (.data)
                  00a00000    00000000     GpProface.obj (.data)
                  00a00000    00000000     Disk.obj (.data)
                  00a00000    00000000     z85c30.obj (.data)
                  00a00000    00000000     NorFlash.obj (.data)

.stack     0    00a05bb5    00002000     UNINITIALIZED
                  00a05bb5    00000000     rts30.lib : boot.obj (.stack)

.bss       0    00a07bb5    00006848     UNINITIALIZED
                  00a07bb5    00000000     start.obj (.bss)
                  00a07bb5    00000000     rts30.lib : mpyi.obj (.bss)
                  00a07bb5    00000000               : divi.obj (.bss)
                  00a07bb5    00000000               : strcat.obj (.bss)
                  00a07bb5    00000000               : memset.obj (.bss)
                  00a07bb5    00000000               : mpyk.obj (.bss)
                  00a07bb5    00000000               : modu.obj (.bss)
                  00a07bb5    00000000               : divu.obj (.bss)
                  00a07bb5    00000000               : boot.obj (.bss)
                  00a07bb5    00000004     NorFlash.obj (.bss)
                  00a07bb9    0000363f     z85c30.obj (.bss)
                  00a0b1f8    00002666     Disk.obj (.bss)
                  00a0d85e    000002a2     GpProface.obj (.bss)
                  00a0db00    00000817     DataPro.obj (.bss)
                  00a0e317    00000083     LED_DOWNLOAD.obj (.bss)
                  00a0e39a    00000038     Main.obj (.bss)
                  00a0e3d2    00000023     rts30.lib : exit.obj (.bss)
                  00a0e3f5    00000001               : memcpy.obj (.bss)
                  00a0e3f6    00000006               : memory.obj (.bss)
                  00a0e3fc    00000001               : strncmp.obj (.bss)

.sysmem    0    00a0e3fd    00000400     UNINITIALIZED
                  00a0e3fd    00000001     rts30.lib : memory.obj (.sysmem)


GLOBAL SYMBOLS

address  name                             address  name
-------- ----                             -------- ----
00a07bb5 .bss                             00000400 __SYSMEM_SIZE
00a00000 .data                            00002000 __STACK_SIZE
00a00000 .text                            00a00000 ___text__
00a04ef9 C$$EXIT                          00a00000 .data
00a05131 DIV_I30                          00a00000 ___edata__
00a04e85 DIV_U30                          00a00000 ___data__
00a04eb8 MOD_U30                          00a00000 edata
00a05156 MPY_I30                          00a00000 .text
00a04ee2 MPY_K30                          00a00001 _NorFlashAllErase
00a019f2 _BCD_BIN                         00a00019 _NorFlashBlockErase
00a01a11 _BIN_BCD                         00a00033 _NorFlashWrite
00a07c29 _CRC_Table                       00a0004f _SCC_Initial
00a00e58 _Check_Header                    00a001c8 _SCC1_SendTo
00a0b31d _Cluster_OneFileBuf              00a001f8 _Delay_SCC1_SendTo
00a0db1e _DISPLAY_UNIT_ADD_NOR_PIB        00a00222 _SCC2_SendTo
00a0db00 _DISPLAY_UNIT_ADD                00a0025a _Delay_SCC2_SendTo
00a0db3c _DISPLAY_UNIT_ADD_NOR_RND        00a0029e _SCC3_SendTo
00a0e356 _DISPLAY_UNIT_FDD                00a002ce _Delay_SCC3_SendTo
00a0e31a _DISPLAY_UNIT_IDD                00a002f8 _cal_CRC16
00a0e338 _DISPLAY_UNIT_RND                00a00315 _IsBCCOK
00a0e35b _DISPLAY_UNIT_TND                00a00344 _MakeBcc
00a03704 _DP_ALL_TEXT_CHECK               00a00362 _SCC1_AB
00a04752 _DP_ConvAsc2Hex                  00a003ff _SCC2_AB
00a04776 _DP_ConvHex2Asc                  00a0054b _SCC3_AB
00a046b1 _DP_DISP_G__HAP                  00a0064a _SCC_TX_PROTOCOL
00a02e97 _DP_DataPro_Init                 00a006d0 _SCC_RNDTX_PROTOCOL
00a02f8d _DP_DataPro_Main                 00a00731 _SCC_TX_PROTOCOL_SELFTEST
00a036dd _DP_Door_CLOSE                   00a00788 _SCC_TX_PIB_TEXT
00a035ec _DP_Door_OPEN                    00a007f0 _SCC_TX_ADDSET_TEXT
00a03596 _DP_Door_Sequence                00a0082f _SCC_Tx_DownLoad_TEXT
00a03551 _DP_Find_StationInfo             00a0087e _Scc1msTime
00a0313e _DP_GpDataChange                 00a0095c _Scc100msTime
00a044c3 _DP_IDC_SW_UPLOAD_Pro            00a0096c _Delay
00a0386c _DP_IM_PR_TEXT_READ              00a0097c _SanDisk_WaitReady
00a0393a _DP_Insert_SpecialCodeNew        00a009ad _Sandisk_WaitDRQ
00a0315e _DP_ONTD                         00a009df _SanDisk_Info_Read
00a04795 _DP_PLUSCNT                      00a00a07 _SanDisk_ABS_RD
00a03e8d _DP_SCC1_A_RX_PRO                00a00a3b _Sandisk_Init
00a03302 _DP_SCC2_A_RX_PRO                00a00ae4 _FileEntry
00a033c7 _DP_SCC2_B_RX_PRO                00a00bbe _FileCompare1
00a0348c _DP_SCC3_B_RX_PRO                00a00bf0 _FileCompare2
00a04414 _DP_SD_Format_Change             00a00c20 _RND_SWFind
00a04193 _DP_SEND_PRO                     00a00c50 _FDD_SWFind
00a03183 _DP_SIMULATION                   00a00c80 _IDD_SWFind
00a03e74 _DP_STNAME_CHANGE                00a00cb0 _TND_SWFind
00a030bf _DP_STNAME_INFO_UP               00a00ce0 _FDD_DATAFind
00a045f0 _DP_STOP_PT_INFO_G_FUNCT         00a00d10 _GetUsedCluster
00a0451b _DP_STOP_PT_INFO_ITEM_FUNCT      00a00dde _Seek_File
00a02fff _DP_SanDisk_Check                00a00e08 _Seek_File_UNIT
00a0303b _DP_SanDisk_InputTimeCheck       00a00e58 _Check_Header
00a038bf _DP_Scroll_Station_Name          00a00e8b _Nvsram_IDC_UpLoad_CK
00a03201 _DP_SelfTest                     00a00f28 _Nvsram_IDC_UpLoad_Da
00a03284 _DP_SelfTest_B                   00a00f72 _Nvsram_EditerData
00a03734 _DP_Send_IDD_Check               00a00fbc _Nvsram_Load
00a044a9 _DP_TCMSSD_Format                00a012a6 _NVSRAM_Display_Schedule
00a0480c _DP_Timer_100ms_DataPro          00a01375 _NVSRAM_Find_Schedule_Cnt
00a047cd _DP_Timer_1ms_DataPro            00a013b7 _NVSRAM_Find_IM
00a03050 _DP_TranNum_Chech                00a01406 _NVSRAM_Find_PR
00a04ca3 _DSP_Init                        00a01447 _NVSRAM_Get_StopP
00a04c7c _Debug3xInit                     00a014b7 _NVSRAM_Rd_StationName
00a001f8 _Delay_SCC1_SendTo               00a0151a _NVSRAM_Rd_StationName_Total
00a0025a _Delay_SCC2_SendTo               00a015c8 _StationCode_Definite
00a002ce _Delay_SCC3_SendTo               00a01608 _NVSRAM_Find_RootAllNo
00a0096c _Delay                           00a01676 _NVSRAM_Rd_StationName_Code
00a00ce0 _FDD_DATAFind                    00a016f4 _NVSRAM_Comp_StopP
00a00c50 _FDD_SWFind                      00a016fa _NVSRAM_Comp_TrainNo
00a00bbe _FileCompare1                    00a0183e _NVSRAM_Find_StationRoot
00a00bf0 _FileCompare2                    00a018ac _NVSRAM_MEMCPY
00a00ae4 _FileEntry                       00a018c5 _gp_WritingDWord
00a0ca4e _FileList                        00a01912 _gp_WritingWord
00a02e7b _GP_100msTime                    00a0194e _gp_ReadingWord
00a02e6d _GP_1msTime                      00a0197f _gp_WritingStr
00a02e44 _GP_AUTO_MANU_SET                00a019ca _Hex2ASCIIW
00a0210d _GP_CLEAN                        00a019f2 _BCD_BIN
00a02352 _GP_DEST_SCREEN                  00a01a11 _BIN_BCD
00a020fb _GP_DISPLAY_SAFETY               00a01a3a _GpProface_Init
00a02a71 _GP_DOWNLOAD_SDR                 00a01a5f _Gp_Pro_Main
00a02a9e _GP_IDC_SW_UPLOAD                00a01ab5 _Gp_Receive
00a02161 _GP_MANUAL_SCREEN                00a01b84 _GP_SEND_SCREEN
00a02207 _GP_MENU_SCREEN                  00a020fb _GP_DISPLAY_SAFETY
00a02711 _GP_POINT_SCREEN                 00a0210d _GP_CLEAN
00a029be _GP_POINT_ST_PRO                 00a0212c _GP_STATE_SCREEN
00a02287 _GP_SDR_PRINT                    00a02161 _GP_MANUAL_SCREEN
00a0223b _GP_SDR_SCREEN                   00a02207 _GP_MENU_SCREEN
00a027c2 _GP_SELFTEST_SCREEN              00a0223b _GP_SDR_SCREEN
00a01b84 _GP_SEND_SCREEN                  00a02287 _GP_SDR_PRINT
00a02d4c _GP_SFDD_DATA_UPLOAD             00a02352 _GP_DEST_SCREEN
00a02bb9 _GP_SFDD_SW_UPLOAD               00a025c4 _GP_SIMU_SCREEN
00a02d8c _GP_SFDD_SW_UPLOAD_CLEAN         00a02711 _GP_POINT_SCREEN
00a025c4 _GP_SIMU_SCREEN                  00a027c2 _GP_SELFTEST_SCREEN
00a02e12 _GP_START_SET                    00a028d5 _SDR_Routine_Complete
00a0212c _GP_STATE_SCREEN                 00a02931 _GP_TRAIN_SCREEN
00a02931 _GP_TRAIN_SCREEN                 00a029be _GP_POINT_ST_PRO
00a00d10 _GetUsedCluster                  00a02a71 _GP_DOWNLOAD_SDR
00a01a3a _GpProface_Init                  00a02a9e _GP_IDC_SW_UPLOAD
00a01a5f _Gp_Pro_Main                     00a02bb9 _GP_SFDD_SW_UPLOAD
00a01ab5 _Gp_Receive                      00a02d4c _GP_SFDD_DATA_UPLOAD
00a019ca _Hex2ASCIIW                      00a02d8c _GP_SFDD_SW_UPLOAD_CLEAN
00a00c80 _IDD_SWFind                      00a02e12 _GP_START_SET
00a0e0f3 _Idc_Load                        00a02e44 _GP_AUTO_MANU_SET
00a00315 _IsBCCOK                         00a02e6d _GP_1msTime
00a04ac7 _LED_DataDownLoad_ST1            00a02e7b _GP_100msTime
00a04ad3 _LED_DataDownLoad_ST2            00a02e97 _DP_DataPro_Init
00a04b38 _LED_DataSDR                     00a02f8d _DP_DataPro_Main
00a04950 _LED_ERASS                       00a02fff _DP_SanDisk_Check
00a049e1 _LED_ERASS_SDR                   00a0303b _DP_SanDisk_InputTimeCheck
00a04837 _LED_Init                        00a03050 _DP_TranNum_Chech
00a04855 _LED_Main                        00a030bf _DP_STNAME_INFO_UP
00a04c26 _LED_Timer_1ms                   00a0313e _DP_GpDataChange
00a0489e _LED_WaitSDR                     00a0315e _DP_ONTD
00a04db1 _M_Scc1_Rx                       00a03183 _DP_SIMULATION
00a04dd5 _M_Scc2_RX                       00a03201 _DP_SelfTest
00a00344 _MakeBcc                         00a03284 _DP_SelfTest_B
00a016f4 _NVSRAM_Comp_StopP               00a03302 _DP_SCC2_A_RX_PRO
00a016fa _NVSRAM_Comp_TrainNo             00a033c7 _DP_SCC2_B_RX_PRO
00a012a6 _NVSRAM_Display_Schedule         00a0348c _DP_SCC3_B_RX_PRO
00a013b7 _NVSRAM_Find_IM                  00a03551 _DP_Find_StationInfo
00a01406 _NVSRAM_Find_PR                  00a03596 _DP_Door_Sequence
00a01608 _NVSRAM_Find_RootAllNo           00a035ec _DP_Door_OPEN
00a01375 _NVSRAM_Find_Schedule_Cnt        00a036dd _DP_Door_CLOSE
00a0183e _NVSRAM_Find_StationRoot         00a03704 _DP_ALL_TEXT_CHECK
00a01447 _NVSRAM_Get_StopP                00a03734 _DP_Send_IDD_Check
00a018ac _NVSRAM_MEMCPY                   00a0386c _DP_IM_PR_TEXT_READ
00a01676 _NVSRAM_Rd_StationName_Code      00a038bf _DP_Scroll_Station_Name
00a0151a _NVSRAM_Rd_StationName_Total     00a0393a _DP_Insert_SpecialCodeNew
00a014b7 _NVSRAM_Rd_StationName           00a03e74 _DP_STNAME_CHANGE
00a00001 _NorFlashAllErase                00a03e8d _DP_SCC1_A_RX_PRO
00a00019 _NorFlashBlockErase              00a04193 _DP_SEND_PRO
00a00033 _NorFlashWrite                   00a04414 _DP_SD_Format_Change
00a0b303 _NowSector                       00a044a9 _DP_TCMSSD_Format
00a00f72 _Nvsram_EditerData               00a044c3 _DP_IDC_SW_UPLOAD_Pro
00a00e8b _Nvsram_IDC_UpLoad_CK            00a0451b _DP_STOP_PT_INFO_ITEM_FUNCT
00a00f28 _Nvsram_IDC_UpLoad_Da            00a045f0 _DP_STOP_PT_INFO_G_FUNCT
00a00fbc _Nvsram_Load                     00a046b1 _DP_DISP_G__HAP
00a0b302 _PreSector                       00a04752 _DP_ConvAsc2Hex
00a00c20 _RND_SWFind                      00a04776 _DP_ConvHex2Asc
00a00362 _SCC1_AB                         00a0478f _user_DebugPrint
00a08f2f _SCC1_INIT_A                     00a04795 _DP_PLUSCNT
00a08f3c _SCC1_INIT_B                     00a047cd _DP_Timer_1ms_DataPro
00a001c8 _SCC1_SendTo                     00a0480c _DP_Timer_100ms_DataPro
00a003ff _SCC2_AB                         00a04837 _LED_Init
00a0a079 _SCC2_INIT_A                     00a04855 _LED_Main
00a0a086 _SCC2_INIT_B                     00a0489e _LED_WaitSDR
00a00222 _SCC2_SendTo                     00a04950 _LED_ERASS
00a0054b _SCC3_AB                         00a049e1 _LED_ERASS_SDR
00a0867d _SCC3_INIT_A                     00a04ac7 _LED_DataDownLoad_ST1
00a0868a _SCC3_INIT_B                     00a04ad3 _LED_DataDownLoad_ST2
00a0029e _SCC3_SendTo                     00a04b38 _LED_DataSDR
00a07d29 _SCC_INIT_ASYNC_9600bps          00a04c26 _LED_Timer_1ms
00a07d6d _SCC_INIT_ASYNC_EVENPARITY_19200BPS 00a04c36 _c_int06
00a07d4b _SCC_INIT_ASYNC_NONEPARITY_19200BPS 00a04c7c _Debug3xInit
00a07d8f _SCC_INIT_ASYNC_NONEPARITY_38400BPS 00a04ca3 _DSP_Init
00a07db1 _SCC_INIT_HDLC_PLL_9600BPS       00a04cdf _main
00a0004f _SCC_Initial                     00a04cf7 _c_int01
00a006d0 _SCC_RNDTX_PROTOCOL              00a04d35 _c_int02
00a007f0 _SCC_TX_ADDSET_TEXT              00a04d73 _c_int03
00a00788 _SCC_TX_PIB_TEXT                 00a04db1 _M_Scc1_Rx
00a0064a _SCC_TX_PROTOCOL                 00a04dbf _nDisplay_Pro
00a00731 _SCC_TX_PROTOCOL_SELFTEST        00a04dd5 _M_Scc2_RX
00a0082f _SCC_Tx_DownLoad_TEXT            00a04deb _c_int09
00a028d5 _SDR_Routine_Complete            00a04e2a _c_int10
00a00a07 _SanDisk_ABS_RD                  00a04e6c _c_int00
00a009df _SanDisk_Info_Read               00a04e85 DIV_U30
00a0e2a3 _SanDisk_Vari                    00a04eb8 MOD_U30
00a0097c _SanDisk_WaitReady               00a04ee2 MPY_K30
00a00a3b _Sandisk_Init                    00a04eeb _exit
00a009ad _Sandisk_WaitDRQ                 00a04ef9 C$$EXIT
00a0095c _Scc100msTime                    00a04efb _atexit
00a0087e _Scc1msTime                      00a04f10 _abort
00a00dde _Seek_File                       00a04f11 _memcpy
00a00e08 _Seek_File_UNIT                  00a04f7e _minit
00a015c8 _StationCode_Definite            00a04f85 _malloc
00a0cae6 _StationName                     00a04fbc _calloc
00a0b856 _StationNameAll                  00a04fd5 _realloc
00a0e28f _TCMSSD                          00a05042 _free
00a00cb0 _TND_SWFind                      00a050a6 _bmalloc
00002000 __STACK_SIZE                     00a050f8 _memset
00000400 __SYSMEM_SIZE                    00a05108 _strcat
00a07bb5 ___bss__                         00a05118 _strncmp
00a05164 ___cinit__                       00a05131 DIV_I30
00a00000 ___data__                        00a05156 MPY_I30
00a00000 ___edata__                       00a05164 cinit
00a0e3fd ___end__                         00a05164 etext
00a05164 ___etext__                       00a05164 ___etext__
ffffffff ___pinit__                       00a05164 ___cinit__
00a00000 ___text__                        00a05bb5 __stack
00a0e3d3 __cleanup_ptr                    00a07bb5 ___bss__
00a0e3a8 __glDebugAddr                    00a07bb5 .bss
00a0e3a7 __glDebugData                    00a07bb9 _m_nSendTo1LenAch
00a05bb5 __stack                          00a07bba _m_nSendTo1DlyTmAch
00a0e3fd __sys_memory                     00a07bbb _m_nSendTo1LenBch
00a04f10 _abort                           00a07bbc _m_nSendTo1DlyTmBch
00a04efb _atexit                          00a07bbd _m_nSendTo2LenAch
00a050a6 _bmalloc                         00a07bbe _m_nSendTo2DlyTmAch
00a04e6c _c_int00                         00a07bbf _m_nSendTo2LenBch
00a0e39a _c_int01_ECC                     00a07bc0 _m_nSendTo2DlyTmBch
00a04cf7 _c_int01                         00a07bc1 _m_nSendTo3LenAch
00a04d35 _c_int02                         00a07bc2 _m_nSendTo3DlyTmAch
00a0e39b _c_int02_ECC                     00a07bc3 _m_nSendTo3LenBch
00a0e39c _c_int03_ECC                     00a07bc4 _m_nSendTo3DlyTmBch
00a04d73 _c_int03                         00a07bc5 _m_SCCPISTXBuff_Ach
00a04c36 _c_int06                         00a07c29 _CRC_Table
00a04deb _c_int09                         00a07d29 _SCC_INIT_ASYNC_9600bps
00a04e2a _c_int10                         00a07d4b _SCC_INIT_ASYNC_NONEPARITY_19200BPS
00a002f8 _cal_CRC16                       00a07d6d _SCC_INIT_ASYNC_EVENPARITY_19200BPS
00a04fbc _calloc                          00a07d8f _SCC_INIT_ASYNC_NONEPARITY_38400BPS
00a0e3a1 _cint01                          00a07db1 _SCC_INIT_HDLC_PLL_9600BPS
00a0e3a2 _cint02                          00a07ddb _d_TX_SCC1_Ach
00a0e3a3 _cint03                          00a07ddc _d_RX_SCC1_Ach
00a0e39d _cint04                          00a07ddd _d_TX_Debug
00a0e39e _cint09                          00a07dde _d_2_A_Rx_Cnt
00a0e39f _cint10                          00a07ddf _d_Scc1_B_TxCnt
00a0dd28 _dRndDest                        00a07de0 _d_Scc2_A_TxCnt
00a0dd29 _dRndDistance                    00a07de1 _d_Scc2_B_TxCnt
00a0dd27 _dRndNext                        00a07de2 _d_Scc3_B_TxCnt
00a0dd26 _dRndNow                         00a07de3 _nTimeScc_Cnt
00a0b656 _dSanDiskInfBuf                  00a07de4 _nTimeScc_100Cnt
00a0dd25 _dStStion                        00a07de5 _m_Scc1RXBuff_Bch_Back
00a07dde _d_2_A_Rx_Cnt                    00a0800b _m_nDelaySend3BuffAch
00a0dcba _d_Auto_Cnt                      00a08231 _m_Scc2TXBuff_Ach
00a0dcce _d_Auto_Data                     00a08457 _m_Scc3TXBuff_Ach
00a0dccd _d_Auto_Flag                     00a0867d _SCC3_INIT_A
00a0dcbb _d_Auto_TxCnt                    00a0868a _SCC3_INIT_B
00a0dcdd _d_BetweenCnt                    00a08697 _m_nDelaySend3BuffBch
00a0dd1c _d_CarNum                        00a088bd _m_Scc2TXBuff_Bch
00a0dd1a _d_CarNum1                       00a08ae3 _m_Scc3TXBuff_Bch
00a0dd1b _d_CarNumRem1                    00a08d09 _m_Scc2RXBuff_Ach_Back
00a0dd1d _d_CarNumRem                     00a08f2f _SCC1_INIT_A
00a0dd32 _d_DI_Dist_cnt                   00a08f3c _SCC1_INIT_B
00a0dd31 _d_DI_Door                       00a08f49 _m_Scc3RXBuff_Ach_Back
00a0e09f _d_DP_BUFF                       00a0916f _m_Scc1RXBuff_Ach
00a0dd86 _d_DP_STOP_Buf                   00a09395 _m_Scc1RXBuff_Bch
00a0dd2e _d_DP_STOP_PT_INFO_G_FUNCT       00a095bb _m_Scc1TXBuff_Ach
00a0dd2c _d_DP_STOP_PT_INFO_ITEM_FUNCT    00a097e1 _m_Scc1RXBuff_Ach_Back
00a0dd2d _d_DP_STOP_PT_INFO_ITEM_FUNCT_2  00a09a07 _m_nDelaySend2BuffAch
00a0d604 _d_DestBuf                       00a09c2d _m_Scc2RXBuff_Bch_Back
00a0dcc1 _d_Dest                          00a09e53 _m_Scc1TXBuff_Bch
00a0dcbd _d_Dest_All_Cnt                  00a0a079 _SCC2_INIT_A
00a0dccf _d_DiDi_Cnt                      00a0a086 _SCC2_INIT_B
00a0b2fe _d_GetUsedCluster_Pass           00a0a093 _m_nDelaySend2BuffBch
00a0d864 _d_GpRxCnt                       00a0a2b9 _m_Scc3RXBuff_Bch_Back
00a0d892 _d_GpSelfCnt                     00a0a4df _m_nDelaySend1BuffAch
00a0dcc8 _d_ICRCnt                        00a0a705 _m_Scc2RXBuff_Ach
00a0dcc9 _d_ICR_Select                    00a0a92b _m_Scc3RXBuff_Ach
00a0cad2 _d_IM_sendBuf                    00a0ab51 _m_nDelaySend1BuffBch
00a0b306 _d_IM_sned_cnt                   00a0ad77 _m_Scc2RXBuff_Bch
00a0dd23 _d_MC1_Flag                      00a0af9d _m_Scc3RXBuff_Bch
00a0dd24 _d_MC2_Flag                      00a0b1f8 _glCardInfoBuff
00a0dcbe _d_MaxStCnt                      00a0b2f8 _glHeader
00a0b31b _d_NVSRAM_Cnt                    00a0b2f9 _glSectPerTrack
00a0b641 _d_NVSRAM_Get_StopP_Buf          00a0b2fa _glDiskFail
00a0dcc0 _d_Next                          00a0b2fb _glSectorStartOffset
00a0d868 _d_NorCnt                        00a0b2fc _m_FileSize
00a0d865 _d_NowStPoint                    00a0b2fd _d_PassCount
00a0dcbf _d_Now                           00a0b2fe _d_GetUsedCluster_Pass
00a0b2fd _d_PassCount                     00a0b2ff _glStartCluster
00a0b305 _d_Pat_ReCnt                     00a0b300 _glTotalClusterCnt
00a07ddc _d_RX_SCC1_Ach                   00a0b301 _glSecCnt
00a0dd2b _d_RndTxCnt                      00a0b302 _PreSector
00a0dd34 _d_Rnd_Cnt                       00a0b303 _NowSector
00a07ddf _d_Scc1_B_TxCnt                  00a0b304 _nFileEntryCnt
00a0dccb _d_Scc2_A_Rx_Pacc_Cnt            00a0b305 _d_Pat_ReCnt
00a07de0 _d_Scc2_A_TxCnt                  00a0b306 _d_IM_sned_cnt
00a0dccc _d_Scc2_B_Rx_Pacc_Cnt            00a0b307 _nStCodeList
00a07de1 _d_Scc2_B_TxCnt                  00a0b31b _d_NVSRAM_Cnt
00a07de2 _d_Scc3_B_TxCnt                  00a0b31c _d_abcd
00a0e36a _d_Sdr_A                         00a0b31d _Cluster_OneFileBuf
00a0e36b _d_Sdr_B                         00a0b511 _m_nFat2Offset
00a0e36c _d_Sdr_C                         00a0b512 _m_nFatSize
00a0dcc7 _d_SelfCnt                       00a0b513 _nDisplayIndex
00a0dcca _d_SelfTestCnt                   00a0b641 _d_NVSRAM_Get_StopP_Buf
00a0dd21 _d_SelfTxCnt                     00a0b655 _m_nDataOffset
00a0dd2a _d_SendCnt                       00a0b656 _dSanDiskInfBuf
00a0dcd1 _d_SimEndCnt                     00a0b856 _StationNameAll
00a0dcc4 _d_SimuDist                      00a0ca4e _FileList
00a0dcc5 _d_SimuDistRe                    00a0cad0 _nStart_Address_Point
00a0dcc3 _d_SimuSpeed                     00a0cad2 _d_IM_sendBuf
00a0dcc2 _d_SimuTime                      00a0cae6 _StationName
00a0dcd4 _d_StCodeFineAuto                00a0d5dc _m_nSecPerClust
00a0dcd5 _d_StPointVal                    00a0d5dd _m_nFat
00a0dcdc _d_StallCnt_Text                 00a0d5de _d_abcdefg
00a07ddd _d_TX_Debug                      00a0d5f2 _m_nFat1Offset
00a07ddb _d_TX_SCC1_Ach                   00a0d5f3 _m_wTotalSec
00a0dd22 _d_TcmsRxInfo_Door               00a0d5f4 _m_szVolume
00a0dcd3 _d_TcmsRxNex                     00a0d600 _m_VolumeID
00a0dcd2 _d_TcmsRxNow                     00a0d604 _d_DestBuf
00a0dd19 _d_TextPo                        00a0d618 _m_nRootOffset
00a0dce0 _d_Text_Send_AllNow              00a0d619 _nNvsram_Variable
00a0dcde _d_Text_Send_Cnt                 00a0d85e _m_StartScreenSetTime
00a0dce1 _d_Text_Send_NowCnt              00a0d85f _nTimeGp_Cnt
00a0dd36 _d_Text_Send_NumBuf              00a0d860 _glTxA3_Len
00a0dcdf _d_Text_Send_Num                 00a0d861 _m_StScreen
00a0d863 _d_TranNum                       00a0d862 _d_txLenCnt
00a0dcd6 _d_a_Dest                        00a0d863 _d_TranNum
00a0dcd7 _d_a_Next                        00a0d864 _d_GpRxCnt
00a0dcd9 _d_a_abab                        00a0d865 _d_NowStPoint
00a0dcd8 _d_a_simCnt                      00a0d866 _d_abab
00a0d866 _d_abab                          00a0d867 _d_exCnt
00a0d5de _d_abcdefg                       00a0d868 _d_NorCnt
00a0b31c _d_abcd                          00a0d891 _d_gpNowPoint
00a0dd2f _d_disp_g_cnt                    00a0d892 _d_GpSelfCnt
00a0dd1f _d_dist                          00a0d893 _sCardInfo
00a0dd20 _d_dist1                         00a0d894 _nTimeGp_100Cnt
00a0dcd0 _d_doorPintCnt                   00a0d895 _glTxBufA3
00a0d867 _d_exCnt                         00a0dabb _nSelect_Button
00a0d891 _d_gpNowPoint                    00a0db00 _DISPLAY_UNIT_ADD
00a0dcc6 _d_jangaaa                       00a0db1e _DISPLAY_UNIT_ADD_NOR_PIB
00a0dcbc _d_sandisk_Count                 00a0db3c _DISPLAY_UNIT_ADD_NOR_RND
00a0e0b3 _d_self_Buf                      00a0db5a _m_JapanStBuf_R
00a0dcda _d_simaaa                        00a0db64 _m_JapanStBuf_L
00a0dd1e _d_stChCnt                       00a0db6e _m_ChangStBuf_R
00a0d862 _d_txLenCnt                      00a0db78 _m_ChangStBuf_L
00a04eeb _exit                            00a0db82 _m_ExperssTimeBuf
00a05042 _free                            00a0dcb8 _nSandiskInputCheck
00a0b1f8 _glCardInfoBuff                  00a0dcb9 _pTmsTxData
00a0e3a0 _glDebugCnt                      00a0dcba _d_Auto_Cnt
00a0b2fa _glDiskFail                      00a0dcbb _d_Auto_TxCnt
00a0b2f8 _glHeader                        00a0dcbc _d_sandisk_Count
00a0e3a5 _glScc1a_Delaycnt                00a0dcbd _d_Dest_All_Cnt
00a0e3a4 _glScc1a_cnt                     00a0dcbe _d_MaxStCnt
00a0b301 _glSecCnt                        00a0dcbf _d_Now
00a0b2f9 _glSectPerTrack                  00a0dcc0 _d_Next
00a0b2fb _glSectorStartOffset             00a0dcc1 _d_Dest
00a0b2ff _glStartCluster                  00a0dcc2 _d_SimuTime
00a0b300 _glTotalClusterCnt               00a0dcc3 _d_SimuSpeed
00a0d860 _glTxA3_Len                      00a0dcc4 _d_SimuDist
00a0d895 _glTxBufA3                       00a0dcc5 _d_SimuDistRe
00a0e3a6 _gpVersion                       00a0dcc6 _d_jangaaa
00a0194e _gp_ReadingWord                  00a0dcc7 _d_SelfCnt
00a018c5 _gp_WritingDWord                 00a0dcc8 _d_ICRCnt
00a0197f _gp_WritingStr                   00a0dcc9 _d_ICR_Select
00a01912 _gp_WritingWord                  00a0dcca _d_SelfTestCnt
00a0dd4a _mSelfTest_NG_CntBuf             00a0dccb _d_Scc2_A_Rx_Pacc_Cnt
00a0db78 _m_ChangStBuf_L                  00a0dccc _d_Scc2_B_Rx_Pacc_Cnt
00a0db6e _m_ChangStBuf_R                  00a0dccd _d_Auto_Flag
00a0db82 _m_ExperssTimeBuf                00a0dcce _d_Auto_Data
00a0b2fc _m_FileSize                      00a0dccf _d_DiDi_Cnt
00a0db64 _m_JapanStBuf_L                  00a0dcd0 _d_doorPintCnt
00a0db5a _m_JapanStBuf_R                  00a0dcd1 _d_SimEndCnt
00a0dd33 _m_PLUSCNT_Rem                   00a0dcd2 _d_TcmsRxNow
00a07bc5 _m_SCCPISTXBuff_Ach              00a0dcd3 _d_TcmsRxNex
00a0916f _m_Scc1RXBuff_Ach                00a0dcd4 _d_StCodeFineAuto
00a097e1 _m_Scc1RXBuff_Ach_Back           00a0dcd5 _d_StPointVal
00a09395 _m_Scc1RXBuff_Bch                00a0dcd6 _d_a_Dest
00a07de5 _m_Scc1RXBuff_Bch_Back           00a0dcd7 _d_a_Next
00a095bb _m_Scc1TXBuff_Ach                00a0dcd8 _d_a_simCnt
00a09e53 _m_Scc1TXBuff_Bch                00a0dcd9 _d_a_abab
00a08d09 _m_Scc2RXBuff_Ach_Back           00a0dcda _d_simaaa
00a0a705 _m_Scc2RXBuff_Ach                00a0dcdb _sInfoNum
00a09c2d _m_Scc2RXBuff_Bch_Back           00a0dcdc _d_StallCnt_Text
00a0ad77 _m_Scc2RXBuff_Bch                00a0dcdd _d_BetweenCnt
00a08231 _m_Scc2TXBuff_Ach                00a0dcde _d_Text_Send_Cnt
00a088bd _m_Scc2TXBuff_Bch                00a0dcdf _d_Text_Send_Num
00a08f49 _m_Scc3RXBuff_Ach_Back           00a0dce0 _d_Text_Send_AllNow
00a0a92b _m_Scc3RXBuff_Ach                00a0dce1 _d_Text_Send_NowCnt
00a0a2b9 _m_Scc3RXBuff_Bch_Back           00a0dd19 _d_TextPo
00a0af9d _m_Scc3RXBuff_Bch                00a0dd1a _d_CarNum1
00a08457 _m_Scc3TXBuff_Ach                00a0dd1b _d_CarNumRem1
00a08ae3 _m_Scc3TXBuff_Bch                00a0dd1c _d_CarNum
00a0d861 _m_StScreen                      00a0dd1d _d_CarNumRem
00a0d85e _m_StartScreenSetTime            00a0dd1e _d_stChCnt
00a0d600 _m_VolumeID                      00a0dd1f _d_dist
00a0b655 _m_nDataOffset                   00a0dd20 _d_dist1
00a0a4df _m_nDelaySend1BuffAch            00a0dd21 _d_SelfTxCnt
00a0ab51 _m_nDelaySend1BuffBch            00a0dd22 _d_TcmsRxInfo_Door
00a09a07 _m_nDelaySend2BuffAch            00a0dd23 _d_MC1_Flag
00a0a093 _m_nDelaySend2BuffBch            00a0dd24 _d_MC2_Flag
00a0800b _m_nDelaySend3BuffAch            00a0dd25 _dStStion
00a08697 _m_nDelaySend3BuffBch            00a0dd26 _dRndNow
00a0d5f2 _m_nFat1Offset                   00a0dd27 _dRndNext
00a0d5dd _m_nFat                          00a0dd28 _dRndDest
00a0b511 _m_nFat2Offset                   00a0dd29 _dRndDistance
00a0b512 _m_nFatSize                      00a0dd2a _d_SendCnt
00a0d618 _m_nRootOffset                   00a0dd2b _d_RndTxCnt
00a0d5dc _m_nSecPerClust                  00a0dd2c _d_DP_STOP_PT_INFO_ITEM_FUNCT
00a07bba _m_nSendTo1DlyTmAch              00a0dd2d _d_DP_STOP_PT_INFO_ITEM_FUNCT_2
00a07bbc _m_nSendTo1DlyTmBch              00a0dd2e _d_DP_STOP_PT_INFO_G_FUNCT
00a07bb9 _m_nSendTo1LenAch                00a0dd2f _d_disp_g_cnt
00a07bbb _m_nSendTo1LenBch                00a0dd30 _nTimeDataPro_Cnt
00a07bbe _m_nSendTo2DlyTmAch              00a0dd31 _d_DI_Door
00a07bc0 _m_nSendTo2DlyTmBch              00a0dd32 _d_DI_Dist_cnt
00a07bbd _m_nSendTo2LenAch                00a0dd33 _m_PLUSCNT_Rem
00a07bbf _m_nSendTo2LenBch                00a0dd34 _d_Rnd_Cnt
00a07bc2 _m_nSendTo3DlyTmAch              00a0dd35 _nTimeDataPro_100Cnt
00a07bc4 _m_nSendTo3DlyTmBch              00a0dd36 _d_Text_Send_NumBuf
00a07bc1 _m_nSendTo3LenAch                00a0dd4a _mSelfTest_NG_CntBuf
00a07bc3 _m_nSendTo3LenBch                00a0dd86 _d_DP_STOP_Buf
00a0d5f4 _m_szVolume                      00a0dd9a _nIndex_Flag
00a0d5f3 _m_wTotalSec                     00a0dfdc _nTmsRxData
00a04cdf _main                            00a0dfe4 _nSelf_Test
00a04f85 _malloc                          00a0e09f _d_DP_BUFF
00a04f11 _memcpy                          00a0e0b3 _d_self_Buf
00a050f8 _memset                          00a0e0ef _nTimeFlag
00a04f7e _minit                           00a0e0f3 _Idc_Load
00a0e0f9 _nDi_Check                       00a0e0f9 _nDi_Check
00a0b513 _nDisplayIndex                   00a0e112 _nTr_St_Info
00a04dbf _nDisplay_Pro                    00a0e28f _TCMSSD
00a0b304 _nFileEntryCnt                   00a0e2a3 _SanDisk_Vari
00a0dd9a _nIndex_Flag                     00a0e2a7 _nSccSendFlag
00a0e317 _nLED_200ms_Flag                 00a0e317 _nLED_200ms_Flag
00a0e318 _nLED_Time_Change                00a0e318 _nLED_Time_Change
00a0e319 _nLED_Time_Cnt                   00a0e319 _nLED_Time_Cnt
00a0e377 _nLedDataLoad                    00a0e31a _DISPLAY_UNIT_IDD
00a0d619 _nNvsram_Variable                00a0e338 _DISPLAY_UNIT_RND
00a0dcb8 _nSandiskInputCheck              00a0e356 _DISPLAY_UNIT_FDD
00a0e2a7 _nSccSendFlag                    00a0e35b _DISPLAY_UNIT_TND
00a0dabb _nSelect_Button                  00a0e36a _d_Sdr_A
00a0dfe4 _nSelf_Test                      00a0e36b _d_Sdr_B
00a0b307 _nStCodeList                     00a0e36c _d_Sdr_C
00a0cad0 _nStart_Address_Point            00a0e377 _nLedDataLoad
00a0dd35 _nTimeDataPro_100Cnt             00a0e39a _c_int01_ECC
00a0dd30 _nTimeDataPro_Cnt                00a0e39b _c_int02_ECC
00a0e0ef _nTimeFlag                       00a0e39c _c_int03_ECC
00a0d894 _nTimeGp_100Cnt                  00a0e39d _cint04
00a0d85f _nTimeGp_Cnt                     00a0e39e _cint09
00a07de4 _nTimeScc_100Cnt                 00a0e39f _cint10
00a07de3 _nTimeScc_Cnt                    00a0e3a0 _glDebugCnt
00a0dfdc _nTmsRxData                      00a0e3a1 _cint01
00a0e112 _nTr_St_Info                     00a0e3a2 _cint02
00a0dcb9 _pTmsTxData                      00a0e3a3 _cint03
00a04fd5 _realloc                         00a0e3a4 _glScc1a_cnt
00a0d893 _sCardInfo                       00a0e3a5 _glScc1a_Delaycnt
00a0dcdb _sInfoNum                        00a0e3a6 _gpVersion
00a05108 _strcat                          00a0e3a7 __glDebugData
00a05118 _strncmp                         00a0e3a8 __glDebugAddr
00a0478f _user_DebugPrint                 00a0e3d3 __cleanup_ptr
00a05164 cinit                            00a0e3fd ___end__
00a00000 edata                            00a0e3fd end
00a0e3fd end                              00a0e3fd __sys_memory
00a05164 etext                            ffffffff ___pinit__
ffffffff pinit                            ffffffff pinit

[431 symbols]
