###############################################################################
#                                                                             #
# IAR ELF Linker V6.30.6.53336/W32 for ARM              02/Sep/2014  08:11:49 #
# Copyright 2007-2012 IAR Systems AB.                                         #
#                                                                             #
#    Output file  =  C:\Users\JDS_Retina\Dropbox\회사\JDS_PRO\국내            #
#                    프로젝트\대구 모노레일\프로그램\ARM_AT91sam7se512_Dagu_L #
#                    ED\at91sam7se-ek\basic-usart-hw-handshaking-project\ewp\ #
#                    at91sam7se512_sram\Exe\at91sam7se512_sram.out            #
#    Map file     =  C:\Users\JDS_Retina\Dropbox\회사\JDS_PRO\국내            #
#                    프로젝트\대구 모노레일\프로그램\ARM_AT91sam7se512_Dagu_L #
#                    ED\at91sam7se-ek\basic-usart-hw-handshaking-project\ewp\ #
#                    at91sam7se512_sram\List\at91sam7se512_sram.map           #
#    Command line =  "C:\Users\JDS_Retina\Dropbox\회사\JDS_PRO\국내           #
#                    프로젝트\대구 모노레일\프로그램\ARM_AT91sam7se512_Dagu_L #
#                    ED\at91sam7se-ek\basic-usart-hw-handshaking-project\ewp\ #
#                    at91sam7se512_sram\Obj\Download.o"                       #
#                    "C:\Users\JDS_Retina\Dropbox\회사\JDS_PRO\국내           #
#                    프로젝트\대구 모노레일\프로그램\ARM_AT91sam7se512_Dagu_L #
#                    ED\at91sam7se-ek\basic-usart-hw-handshaking-project\ewp\ #
#                    at91sam7se512_sram\Obj\EccNandFlash.o"                   #
#                    "C:\Users\JDS_Retina\Dropbox\회사\JDS_PRO\국내           #
#                    프로젝트\대구 모노레일\프로그램\ARM_AT91sam7se512_Dagu_L #
#                    ED\at91sam7se-ek\basic-usart-hw-handshaking-project\ewp\ #
#                    at91sam7se512_sram\Obj\LED_Display.o"                    #
#                    "C:\Users\JDS_Retina\Dropbox\회사\JDS_PRO\국내           #
#                    프로젝트\대구 모노레일\프로그램\ARM_AT91sam7se512_Dagu_L #
#                    ED\at91sam7se-ek\basic-usart-hw-handshaking-project\ewp\ #
#                    at91sam7se512_sram\Obj\ManagedNandFlash.o"               #
#                    "C:\Users\JDS_Retina\Dropbox\회사\JDS_PRO\국내           #
#                    프로젝트\대구 모노레일\프로그램\ARM_AT91sam7se512_Dagu_L #
#                    ED\at91sam7se-ek\basic-usart-hw-handshaking-project\ewp\ #
#                    at91sam7se512_sram\Obj\MappedNandFlash.o"                #
#                    "C:\Users\JDS_Retina\Dropbox\회사\JDS_PRO\국내           #
#                    프로젝트\대구 모노레일\프로그램\ARM_AT91sam7se512_Dagu_L #
#                    ED\at91sam7se-ek\basic-usart-hw-handshaking-project\ewp\ #
#                    at91sam7se512_sram\Obj\NandFlashModel.o"                 #
#                    "C:\Users\JDS_Retina\Dropbox\회사\JDS_PRO\국내           #
#                    프로젝트\대구 모노레일\프로그램\ARM_AT91sam7se512_Dagu_L #
#                    ED\at91sam7se-ek\basic-usart-hw-handshaking-project\ewp\ #
#                    at91sam7se512_sram\Obj\NandFlashModelList.o"             #
#                    "C:\Users\JDS_Retina\Dropbox\회사\JDS_PRO\국내           #
#                    프로젝트\대구 모노레일\프로그램\ARM_AT91sam7se512_Dagu_L #
#                    ED\at91sam7se-ek\basic-usart-hw-handshaking-project\ewp\ #
#                    at91sam7se512_sram\Obj\NandSpareScheme.o"                #
#                    "C:\Users\JDS_Retina\Dropbox\회사\JDS_PRO\국내           #
#                    프로젝트\대구 모노레일\프로그램\ARM_AT91sam7se512_Dagu_L #
#                    ED\at91sam7se-ek\basic-usart-hw-handshaking-project\ewp\ #
#                    at91sam7se512_sram\Obj\NorFlashAmd.o"                    #
#                    "C:\Users\JDS_Retina\Dropbox\회사\JDS_PRO\국내           #
#                    프로젝트\대구 모노레일\프로그램\ARM_AT91sam7se512_Dagu_L #
#                    ED\at91sam7se-ek\basic-usart-hw-handshaking-project\ewp\ #
#                    at91sam7se512_sram\Obj\NorFlashApi.o"                    #
#                    "C:\Users\JDS_Retina\Dropbox\회사\JDS_PRO\국내           #
#                    프로젝트\대구 모노레일\프로그램\ARM_AT91sam7se512_Dagu_L #
#                    ED\at91sam7se-ek\basic-usart-hw-handshaking-project\ewp\ #
#                    at91sam7se512_sram\Obj\NorFlashCFI.o"                    #
#                    "C:\Users\JDS_Retina\Dropbox\회사\JDS_PRO\국내           #
#                    프로젝트\대구 모노레일\프로그램\ARM_AT91sam7se512_Dagu_L #
#                    ED\at91sam7se-ek\basic-usart-hw-handshaking-project\ewp\ #
#                    at91sam7se512_sram\Obj\NorFlashCommon.o"                 #
#                    "C:\Users\JDS_Retina\Dropbox\회사\JDS_PRO\국내           #
#                    프로젝트\대구 모노레일\프로그램\ARM_AT91sam7se512_Dagu_L #
#                    ED\at91sam7se-ek\basic-usart-hw-handshaking-project\ewp\ #
#                    at91sam7se512_sram\Obj\NorFlashIntel.o"                  #
#                    "C:\Users\JDS_Retina\Dropbox\회사\JDS_PRO\국내           #
#                    프로젝트\대구 모노레일\프로그램\ARM_AT91sam7se512_Dagu_L #
#                    ED\at91sam7se-ek\basic-usart-hw-handshaking-project\ewp\ #
#                    at91sam7se512_sram\Obj\RawNandFlash.o"                   #
#                    "C:\Users\JDS_Retina\Dropbox\회사\JDS_PRO\국내           #
#                    프로젝트\대구 모노레일\프로그램\ARM_AT91sam7se512_Dagu_L #
#                    ED\at91sam7se-ek\basic-usart-hw-handshaking-project\ewp\ #
#                    at91sam7se512_sram\Obj\SPI_FUN.o"                        #
#                    "C:\Users\JDS_Retina\Dropbox\회사\JDS_PRO\국내           #
#                    프로젝트\대구 모노레일\프로그램\ARM_AT91sam7se512_Dagu_L #
#                    ED\at91sam7se-ek\basic-usart-hw-handshaking-project\ewp\ #
#                    at91sam7se512_sram\Obj\SkipBlockNandFlash.o"             #
#                    "C:\Users\JDS_Retina\Dropbox\회사\JDS_PRO\국내           #
#                    프로젝트\대구 모노레일\프로그램\ARM_AT91sam7se512_Dagu_L #
#                    ED\at91sam7se-ek\basic-usart-hw-handshaking-project\ewp\ #
#                    at91sam7se512_sram\Obj\TranslatedNandFlash.o"            #
#                    "C:\Users\JDS_Retina\Dropbox\회사\JDS_PRO\국내           #
#                    프로젝트\대구 모노레일\프로그램\ARM_AT91sam7se512_Dagu_L #
#                    ED\at91sam7se-ek\basic-usart-hw-handshaking-project\ewp\ #
#                    at91sam7se512_sram\Obj\UART.o"                           #
#                    "C:\Users\JDS_Retina\Dropbox\회사\JDS_PRO\국내           #
#                    프로젝트\대구 모노레일\프로그램\ARM_AT91sam7se512_Dagu_L #
#                    ED\at91sam7se-ek\basic-usart-hw-handshaking-project\ewp\ #
#                    at91sam7se512_sram\Obj\aic.o"                            #
#                    "C:\Users\JDS_Retina\Dropbox\회사\JDS_PRO\국내           #
#                    프로젝트\대구 모노레일\프로그램\ARM_AT91sam7se512_Dagu_L #
#                    ED\at91sam7se-ek\basic-usart-hw-handshaking-project\ewp\ #
#                    at91sam7se512_sram\Obj\at26.o"                           #
#                    "C:\Users\JDS_Retina\Dropbox\회사\JDS_PRO\국내           #
#                    프로젝트\대구 모노레일\프로그램\ARM_AT91sam7se512_Dagu_L #
#                    ED\at91sam7se-ek\basic-usart-hw-handshaking-project\ewp\ #
#                    at91sam7se512_sram\Obj\at26d.o"                          #
#                    "C:\Users\JDS_Retina\Dropbox\회사\JDS_PRO\국내           #
#                    프로젝트\대구 모노레일\프로그램\ARM_AT91sam7se512_Dagu_L #
#                    ED\at91sam7se-ek\basic-usart-hw-handshaking-project\ewp\ #
#                    at91sam7se512_sram\Obj\at45.o"                           #
#                    "C:\Users\JDS_Retina\Dropbox\회사\JDS_PRO\국내           #
#                    프로젝트\대구 모노레일\프로그램\ARM_AT91sam7se512_Dagu_L #
#                    ED\at91sam7se-ek\basic-usart-hw-handshaking-project\ewp\ #
#                    at91sam7se512_sram\Obj\at45d.o"                          #
#                    "C:\Users\JDS_Retina\Dropbox\회사\JDS_PRO\국내           #
#                    프로젝트\대구 모노레일\프로그램\ARM_AT91sam7se512_Dagu_L #
#                    ED\at91sam7se-ek\basic-usart-hw-handshaking-project\ewp\ #
#                    at91sam7se512_sram\Obj\board_cstartup_iar.o"             #
#                    "C:\Users\JDS_Retina\Dropbox\회사\JDS_PRO\국내           #
#                    프로젝트\대구 모노레일\프로그램\ARM_AT91sam7se512_Dagu_L #
#                    ED\at91sam7se-ek\basic-usart-hw-handshaking-project\ewp\ #
#                    at91sam7se512_sram\Obj\board_lowlevel.o"                 #
#                    "C:\Users\JDS_Retina\Dropbox\회사\JDS_PRO\국내           #
#                    프로젝트\대구 모노레일\프로그램\ARM_AT91sam7se512_Dagu_L #
#                    ED\at91sam7se-ek\basic-usart-hw-handshaking-project\ewp\ #
#                    at91sam7se512_sram\Obj\board_memories.o"                 #
#                    "C:\Users\JDS_Retina\Dropbox\회사\JDS_PRO\국내           #
#                    프로젝트\대구 모노레일\프로그램\ARM_AT91sam7se512_Dagu_L #
#                    ED\at91sam7se-ek\basic-usart-hw-handshaking-project\ewp\ #
#                    at91sam7se512_sram\Obj\cp15.o"                           #
#                    "C:\Users\JDS_Retina\Dropbox\회사\JDS_PRO\국내           #
#                    프로젝트\대구 모노레일\프로그램\ARM_AT91sam7se512_Dagu_L #
#                    ED\at91sam7se-ek\basic-usart-hw-handshaking-project\ewp\ #
#                    at91sam7se512_sram\Obj\cp15_asm_iar.o"                   #
#                    "C:\Users\JDS_Retina\Dropbox\회사\JDS_PRO\국내           #
#                    프로젝트\대구 모노레일\프로그램\ARM_AT91sam7se512_Dagu_L #
#                    ED\at91sam7se-ek\basic-usart-hw-handshaking-project\ewp\ #
#                    at91sam7se512_sram\Obj\hamming.o"                        #
#                    "C:\Users\JDS_Retina\Dropbox\회사\JDS_PRO\국내           #
#                    프로젝트\대구 모노레일\프로그램\ARM_AT91sam7se512_Dagu_L #
#                    ED\at91sam7se-ek\basic-usart-hw-handshaking-project\ewp\ #
#                    at91sam7se512_sram\Obj\main.o"                           #
#                    "C:\Users\JDS_Retina\Dropbox\회사\JDS_PRO\국내           #
#                    프로젝트\대구 모노레일\프로그램\ARM_AT91sam7se512_Dagu_L #
#                    ED\at91sam7se-ek\basic-usart-hw-handshaking-project\ewp\ #
#                    at91sam7se512_sram\Obj\math.o"                           #
#                    "C:\Users\JDS_Retina\Dropbox\회사\JDS_PRO\국내           #
#                    프로젝트\대구 모노레일\프로그램\ARM_AT91sam7se512_Dagu_L #
#                    ED\at91sam7se-ek\basic-usart-hw-handshaking-project\ewp\ #
#                    at91sam7se512_sram\Obj\pio.o"                            #
#                    "C:\Users\JDS_Retina\Dropbox\회사\JDS_PRO\국내           #
#                    프로젝트\대구 모노레일\프로그램\ARM_AT91sam7se512_Dagu_L #
#                    ED\at91sam7se-ek\basic-usart-hw-handshaking-project\ewp\ #
#                    at91sam7se512_sram\Obj\pit.o"                            #
#                    "C:\Users\JDS_Retina\Dropbox\회사\JDS_PRO\국내           #
#                    프로젝트\대구 모노레일\프로그램\ARM_AT91sam7se512_Dagu_L #
#                    ED\at91sam7se-ek\basic-usart-hw-handshaking-project\ewp\ #
#                    at91sam7se512_sram\Obj\pmc.o"                            #
#                    "C:\Users\JDS_Retina\Dropbox\회사\JDS_PRO\국내           #
#                    프로젝트\대구 모노레일\프로그램\ARM_AT91sam7se512_Dagu_L #
#                    ED\at91sam7se-ek\basic-usart-hw-handshaking-project\ewp\ #
#                    at91sam7se512_sram\Obj\printf_usart.o"                   #
#                    "C:\Users\JDS_Retina\Dropbox\회사\JDS_PRO\국내           #
#                    프로젝트\대구 모노레일\프로그램\ARM_AT91sam7se512_Dagu_L #
#                    ED\at91sam7se-ek\basic-usart-hw-handshaking-project\ewp\ #
#                    at91sam7se512_sram\Obj\spi.o"                            #
#                    "C:\Users\JDS_Retina\Dropbox\회사\JDS_PRO\국내           #
#                    프로젝트\대구 모노레일\프로그램\ARM_AT91sam7se512_Dagu_L #
#                    ED\at91sam7se-ek\basic-usart-hw-handshaking-project\ewp\ #
#                    at91sam7se512_sram\Obj\spid.o"                           #
#                    "C:\Users\JDS_Retina\Dropbox\회사\JDS_PRO\국내           #
#                    프로젝트\대구 모노레일\프로그램\ARM_AT91sam7se512_Dagu_L #
#                    ED\at91sam7se-ek\basic-usart-hw-handshaking-project\ewp\ #
#                    at91sam7se512_sram\Obj\tc.o"                             #
#                    "C:\Users\JDS_Retina\Dropbox\회사\JDS_PRO\국내           #
#                    프로젝트\대구 모노레일\프로그램\ARM_AT91sam7se512_Dagu_L #
#                    ED\at91sam7se-ek\basic-usart-hw-handshaking-project\ewp\ #
#                    at91sam7se512_sram\Obj\usart.o" --redirect               #
#                    _Printf=_PrintfSmall --redirect _Scanf=_ScanfSmall -o    #
#                    "C:\Users\JDS_Retina\Dropbox\회사\JDS_PRO\국내           #
#                    프로젝트\대구 모노레일\프로그램\ARM_AT91sam7se512_Dagu_L #
#                    ED\at91sam7se-ek\basic-usart-hw-handshaking-project\ewp\ #
#                    at91sam7se512_sram\Exe\at91sam7se512_sram.out" --map     #
#                    "C:\Users\JDS_Retina\Dropbox\회사\JDS_PRO\국내           #
#                    프로젝트\대구 모노레일\프로그램\ARM_AT91sam7se512_Dagu_L #
#                    ED\at91sam7se-ek\basic-usart-hw-handshaking-project\ewp\ #
#                    at91sam7se512_sram\List\at91sam7se512_sram.map"          #
#                    --config "C:\Users\JDS_Retina\Dropbox\회사\JDS_PRO\국내  #
#                    프로젝트\대구 모노레일\프로그램\ARM_AT91sam7se512_Dagu_L #
#                    ED\at91sam7se-ek\basic-usart-hw-handshaking-project\ewp\ #
#                    ..\..\..\at91lib\boards\at91sam7se-ek\at91sam7se512\sram #
#                    " --diag_suppress Lp005,Lp006 --semihosting --entry      #
#                    resetHandler --vfe                                       #
#                                                                             #
#                                                                             #
###############################################################################

*******************************************************************************
*** MESSAGES
***

Error[Lp011]: section placement failed: unable to allocate space for
          sections/blocks with a total estimated minimum size of 0xab0c bytes
          in <[0x00200100-0x00207fff]> (total uncommitted space 0x7f00).


*******************************************************************************
*** RUNTIME MODEL ATTRIBUTES
***

CppFlavor                     = *
__Heap_Handler                = Basic
__SystemLibrary               = DLib
__dlib_dynamic_initialization = normal


*******************************************************************************
*** PLACEMENT SUMMARY
***

"P1":  place in [from 0x00200000 to 0x002000ff] { section .vectors };
"P2":  place in [from 0x00200100 to 0x00207fff] {
          section .cstartup, ro, rw, block IRQ_STACK, block SYS_STACK,
          block CSTACK, block HEAP };

  Section           Kind        Address    Size  Object
  -------           ----        -------    ----  ------
"P1":                                      0x88
  .vectors          ro code  0x00200000    0x88  board_cstartup_iar.o [1]
                           - 0x00200088    0x88

"P2", part 1 of 4 (*** FAILED ***):      0x735c
  .text             ro code              0x2a34  LED_Display.o [1]
  .text             ro code                0x28  at45.o [1]
  .text             ro code                0x18  NandFlashModel.o [1]
  .text             ro code                0x44  strncmp.o [3]
  .text             ro code               0x6b4  main.o [1]
  .text             ro code                0xc4  NorFlashApi.o [1]
  .text             ro code               0x1d4  I32DivMod.o [4]
  .text             ro code               0x354  UART.o [1]
  .text             ro code                0x7c  ABImemset.o [4]
  .text             ro code                0xd4  ABImemcpy.o [4]
  .text             ro code               0x158  usart.o [1]
  .text             ro code               0x168  SPI_FUN.o [1]
  .text             ro code                0x7c  pmc.o [1]
  .text             ro code                0x5c  aic.o [1]
  .text             ro code                0xd8  tc.o [1]
  .text             ro code                0x74  pit.o [1]
  .text             ro code               0x1b0  pio.o [1]
  .text             ro code               0x284  board_memories.o [1]
  .text             ro code               0x28c  NorFlashCFI.o [1]
  .text             ro code               0x7b0  Download.o [1]
  .text             ro code                0x98  NorFlashCommon.o [1]
  .text             ro code                 0x4  IntDivZer.o [4]
  .text             ro code                0x40  printf.o [3]
  .text             ro code               0x16c  spid.o [1]
  .text             ro code                 0xc  math.o [1]
  .text             ro code               0x12c  at26.o [1]
  .text             ro code               0xbf4  xprintfsmall.o [3]
  .text             ro code                0x34  xmbtowc.o [3]
  .text             ro code                0x20  strchr.o [4]
  .text             ro code                0x54  strlen.o [4]
  .text             ro code                0x94  memchr.o [4]
  .text             ro code                0x14  xmbcurmax.o [3]
  .text             ro code               0x150  xxmemxmalloc.o [3]
  .text             ro code                0x28  xwctomb.o [3]
  .text             ro code               0x10c  xxmemxfree.o [3]
  .text             ro code                0x1c  setlocale.o [3]
  .text             ro code                0x94  xencoding_sb.o [3]
  .text             ro code               0x148  xsyslock.o [3]
  .text             ro code                0x40  xgetmemchunk.o [3]
  .text             ro code                 0x4  xtls.o [3]
  .text             ro code                 0x8  xmtx2.o [3]
  .text             ro code                0x10  xmtx.o [3]
  .text             ro code               0x604  NorFlashAmd.o [1]
  .text             ro code               0x454  NorFlashIntel.o [1]
  .text             ro code               0x17c  board_lowlevel.o [1]
  .rodata           const                  0xd8  main.o [1]
  .rodata           const                  0xb0  SPI_FUN.o [1]
  .rodata           const                  0x94  pmc.o [1]
  .rodata           const                  0x8c  at26.o [1]
  .text             ro code                0x58  printf_usart.o [1]
  .text             ro code                0x54  data_init3.o [4]
  .cstartup         ro code                0x4c  board_cstartup_iar.o [1]
  .rodata           const                  0x48  pmc.o [1]
  .text             ro code                0x28  xprout.o [3]
  .text             ro code                0x28  zero_init3.o [4]
  .rodata           const                  0x24  SPI_FUN.o [1]
  .rodata           const                  0x24  board_memories.o [1]
  .text             ro code                0x24  cmain.o [4]
  .text             ro code                 0x8  low_level_init.o [3]
  .text             ro code                 0x4  exit.o [3]
  .text             ro code                0x20  exit.o [5]
  .text             ro code                0x14  cexit.o [4]
  .iar.init_table   const                   0x0  - Linker created -
  .rodata           const                  0x20  SPI_FUN.o [1]
  .rodata           const                  0x20  at26.o [1]
  .rodata           const                  0x20  pmc.o [1]
  .rodata           const                  0x20  usart.o [1]
  .rodata           const                  0x18  NorFlashCFI.o [1]
  .rodata           const                  0x18  NorFlashCFI.o [1]
  .rodata           const                  0x14  tc.o [1]
  .rodata           const                  0x10  SPI_FUN.o [1]
  .rodata           const                  0x10  at26.o [1]
  .rodata           const                  0x10  pmc.o [1]
  .text             ro code                 0x4  vectortrap.o [4]
  .text             ro code                 0x4  xreturnswi.o [5]
  .text             ro code                 0x0  cstart_clearlocks.o [4]
  .rodata           const                   0x0  bwt_init3c.o [4]
                                         0x735c

"P2", part 2 of 4 (*** FAILED ***):       0x524
  .data             const                 0x400  UART.o [1]
  .data             const                  0x40  xfiles.o [3]
  .data             const                  0x40  xfiles.o [3]
  .data             const                  0x30  SPI_FUN.o [1]
  .data             const                  0x24  LED_Display.o [1]
  .data             const                  0x10  LED_Display.o [1]
  .data             const                   0xc  LED_Display.o [1]
  .data             const                   0xc  LED_Display.o [1]
  .data             const                   0x8  LED_Display.o [1]
  .data             const                   0x4  Download.o [1]
  .data             const                   0x4  Download.o [1]
  .data             const                   0x4  LED_Display.o [1]
  .data             const                   0x4  LED_Display.o [1]
  .data             const                   0x4  LED_Display.o [1]
  .data             const                   0x4  LED_Display.o [1]
  .data             const                   0x4  main.o [1]
  .data             const                   0x4  main.o [1]
                                          0x524

"P2", part 3 of 4 (*** FAILED ***):      0x2a2a
  .bss              zero                  0xbb8  LED_Display.o [1]
  .bss              zero                  0x400  LED_Display.o [1]
  .bss              zero                  0x400  LED_Display.o [1]
  .bss              zero                  0x400  LED_Display.o [1]
  .bss              zero                  0x400  LED_Display.o [1]
  .bss              zero                  0x200  UART.o [1]
  .bss              zero                  0x200  UART.o [1]
  .bss              zero                  0x200  UART.o [1]
  .bss              zero                  0x200  UART.o [1]
  .bss              zero                  0x190  Download.o [1]
  .bss              zero                  0x190  main.o [1]
  __DLIB_PERTHREAD  zero                   0x74  setlocale.o [3]
  .bss              zero                   0x68  main.o [1]
  .bss              zero                   0x50  xfiles.o [3]
  .bss              zero                   0x50  xfiles.o [3]
  .bss              zero                   0x38  LED_Display.o [1]
  .bss              zero                   0x38  xsyslock.o [3]
  .bss              zero                   0x34  LED_Display.o [1]
  .bss              zero                   0x34  UART.o [1]
  .bss              zero                   0x28  SPI_FUN.o [1]
  .bss              zero                   0x10  SPI_FUN.o [1]
  .bss              zero                    0xc  LED_Display.o [1]
  .bss              zero                    0xc  LED_Display.o [1]
  .bss              zero                    0x8  LED_Display.o [1]
  .bss              zero                    0x8  xxmemxmalloc.o [3]
  .bss              zero                    0x4  Download.o [1]
  .bss              zero                    0x4  Download.o [1]
  .bss              zero                    0x4  Download.o [1]
  .bss              zero                    0x4  Download.o [1]
  .bss              zero                    0x4  Download.o [1]
  .bss              zero                    0x4  LED_Display.o [1]
  .bss              zero                    0x4  LED_Display.o [1]
  .bss              zero                    0x4  LED_Display.o [1]
  .bss              zero                    0x4  LED_Display.o [1]
  .bss              zero                    0x4  LED_Display.o [1]
  .bss              zero                    0x4  LED_Display.o [1]
  .bss              zero                    0x4  LED_Display.o [1]
  .bss              zero                    0x4  LED_Display.o [1]
  .bss              zero                    0x4  LED_Display.o [1]
  .bss              zero                    0x4  LED_Display.o [1]
  .bss              zero                    0x4  LED_Display.o [1]
  .bss              zero                    0x4  LED_Display.o [1]
  .bss              zero                    0x4  LED_Display.o [1]
  .bss              zero                    0x4  LED_Display.o [1]
  .bss              zero                    0x4  LED_Display.o [1]
  .bss              zero                    0x4  LED_Display.o [1]
  .bss              zero                    0x4  LED_Display.o [1]
  .bss              zero                    0x4  LED_Display.o [1]
  .bss              zero                    0x4  LED_Display.o [1]
  .bss              zero                    0x4  LED_Display.o [1]
  .bss              zero                    0x4  LED_Display.o [1]
  .bss              zero                    0x4  LED_Display.o [1]
  .bss              zero                    0x4  LED_Display.o [1]
  .bss              zero                    0x4  LED_Display.o [1]
  .bss              zero                    0x4  LED_Display.o [1]
  .bss              zero                    0x4  LED_Display.o [1]
  .bss              zero                    0x4  LED_Display.o [1]
  .bss              zero                    0x4  main.o [1]
  .bss              zero                    0x4  main.o [1]
  .bss              zero                    0x4  main.o [1]
  .bss              zero                    0x4  main.o [1]
  .bss              zero                    0x4  main.o [1]
  .bss              zero                    0x4  main.o [1]
  .bss              zero                    0x4  xgetmemchunk.o [3]
  .bss              zero                    0x1  main.o [1]
  .bss              zero                    0x1  main.o [1]
                                         0x2a2a

"P2", part 4 of 4 (*** FAILED ***):       0x860
  CSTACK                                  0x800  <Block>
    CSTACK          uninit                0x800  <Block tail>
  IRQ_STACK                                0x60  <Block>
    IRQ_STACK       uninit                 0x60  <Block tail>
  HEAP                                      0x0  <Block>
                                          0x860



*******************************************************************************
*** MODULE SUMMARY
***

    Module                ro code  ro data  rw data
    ------                -------  -------  -------
C:\Users\JDS_Retina\Dropbox\회사\JDS_PRO\국내 프로젝트\대구 모노레일\프로그램\ARM_AT91sam7se512_Dagu_LED\at91sam7se-ek\basic-usart-hw-handshaking-project\ewp\at91sam7se512_sram\Obj: [1]
    Download.o              1 968               428
    LED_Display.o          10 804             7 444
    NandFlashModel.o           24
    NorFlashAmd.o           1 540
    NorFlashApi.o             196
    NorFlashCFI.o             652       48
    NorFlashCommon.o          152
    NorFlashIntel.o         1 108
    SPI_FUN.o                 360      260      104
    UART.o                    852             3 124
    aic.o                      92
    at26.o                    300      188
    at45.o                     40
    board_cstartup_iar.o      212
    board_lowlevel.o          380
    board_memories.o          644       36
    main.o                  1 716      216      538
    math.o                     12
    pio.o                     432
    pit.o                     116
    pmc.o                     124      268
    printf_usart.o             88
    spid.o                    364
    tc.o                      216       20
    usart.o                   344       32
    -----------------------------------------------
    Total:                 22 736    1 068   11 638

command line: [2]
    -----------------------------------------------
    Total:

dl4t_alf.a: [3]
    exit.o                      4
    low_level_init.o            8
    printf.o                   64
    setlocale.o                28               116
    strncmp.o                  68
    xencoding_sb.o            148
    xfiles.o                                    288
    xgetmemchunk.o             64                 4
    xmbcurmax.o                20
    xmbtowc.o                  52
    xmtx.o                     16
    xmtx2.o                     8
    xprintfsmall.o          3 060
    xprout.o                   40
    xsyslock.o                328                56
    xtls.o                      4
    xwctomb.o                  40
    xxmemxfree.o              268
    xxmemxmalloc.o            336                 8
    -----------------------------------------------
    Total:                  4 556               472

rt4t_al.a: [4]
    ABImemcpy.o               212
    ABImemset.o               124
    I32DivMod.o               468
    IntDivZer.o                 4
    bwt_init3c.o
    cexit.o                    20
    cmain.o                    36
    cstart_clearlocks.o
    data_init3.o               84
    memchr.o                  148
    strchr.o                   32
    strlen.o                   84
    vectortrap.o                4
    zero_init3.o               40
    -----------------------------------------------
    Total:                  1 256

shs_l.a: [5]
    exit.o                     32
    xreturnswi.o                4
    -----------------------------------------------
    Total:                     36

    Linker created                            2 144
---------------------------------------------------
    Grand Total:           28 584    1 068   14 254


*******************************************************************************
*** ENTRY LIST
***

Entry                      Address   Size  Type      Object
-----                      -------   ----  ----      ------
?main                   0x000071ec         Code  Gb  cmain.o [4]
ADD_CHECK               0x00002f78   0x30  Code  Gb  main.o [1]
AIC_ConfigureIT         0x00003be4   0x34  Code  Gb  aic.o [1]
AIC_DisableIT           0x00003c28    0xc  Code  Gb  aic.o [1]
AIC_EnableIT            0x00003c18   0x10  Code  Gb  aic.o [1]
AMD_EraseChip           0x00006568  0x14c  Code  Gb  NorFlashAmd.o [1]
AMD_EraseSector         0x00006430  0x138  Code  Gb  NorFlashAmd.o [1]
AMD_ReadDeviceID        0x00006428    0x8  Code  Gb  NorFlashAmd.o [1]
AMD_ReadManufactoryId   0x00006420    0x8  Code  Gb  NorFlashAmd.o [1]
AMD_Reset               0x0000641c    0x4  Code  Gb  NorFlashAmd.o [1]
AMD_Write_Data          0x000066b4   0xe8  Code  Gb  NorFlashAmd.o [1]
AT26_Configure          0x00004e50   0xbc  Code  Gb  at26.o [1]
AT26_SendCommand        0x00004f0c   0x60  Code  Gb  at26.o [1]
AT26_Write              0x00003a08   0xe0  Code  Gb  SPI_FUN.o [1]
Abort_Handler           0x00007354         Code  Wk  vectortrap.o [4]
Arrow_L                 0x000004f0    0xc  Data  Gb  LED_Display.o [1]
Arrow_R                 0x000004e4    0xc  Data  Gb  LED_Display.o [1]
BASIC_VALUE             0x00001b38   0xb4  Code  Gb  LED_Display.o [1]
BLINK_DCC_T_C           0x000029e8    0x4  Data  Gb  LED_Display.o [1]
BOARD_ConfigureFlash48MHz
                        0x0000416c   0x18  Code  Gb  board_memories.o [1]
BOARD_ConfigureNorFlash
                        0x00004184   0x10  Code  Gb  board_memories.o [1]
BOARD_ConfigureSdram    0x00003f94  0x1cc  Code  Gb  board_memories.o [1]
BOARD_GetRemap          0x00003f3c   0x38  Code  Lc  board_memories.o [1]
BOARD_RemapRam          0x00003f74    0xc  Code  Gb  board_memories.o [1]
B_FRONT                 0x000029dc    0x4  Data  Gb  LED_Display.o [1]
Blink_Timer_Count       0x00000518    0x4  Data  Gb  LED_Display.o [1]
CH                      0x00000510    0x4  Data  Gb  LED_Display.o [1]
CHACK_DATA              0x000029f4    0x4  Data  Gb  LED_Display.o [1]
CHH                     0x000029b8    0x4  Data  Gb  LED_Display.o [1]
CRC_Table               0x00000000  0x400  Data  Lc  UART.o [1]
CSTACK$$Base            0x00000000          --   Gb  - Linker created -
CSTACK$$Limit           0x00000800          --   Gb  - Linker created -
ChackHexa               0x00002ed8   0xa0  Code  Gb  main.o [1]
Compari_Arrow_L         0x00002970    0xc  Data  Gb  LED_Display.o [1]
Compari_Arrow_R         0x00002964    0xc  Data  Gb  LED_Display.o [1]
Compari_ITEM            0x0000297c    0x8  Data  Gb  LED_Display.o [1]
ConfigurePit            0x00002e24   0x3c  Code  Lc  main.o [1]
ConfigureTc0            0x00002cf4   0x7c  Code  Gb  main.o [1]
ConfigureTc1            0x00002d70   0x7c  Code  Gb  main.o [1]
ConfigureUsart0         0x00002c8c   0x68  Code  Gb  main.o [1]
DCC                     0x000004d4   0x10  Data  Gb  LED_Display.o [1]
DCC_CONTROL             0x00002164  0x3ac  Code  Gb  LED_Display.o [1]
DCC_T_C                 0x000029e4    0x4  Data  Gb  LED_Display.o [1]
DOT_VIDEO_PIRNT         0x00001710   0xe4  Code  Gb  LED_Display.o [1]
Display_Init            0x00000000   0x48  Code  Gb  LED_Display.o [1]
Display_main            0x00000048  0x2fc  Code  Gb  LED_Display.o [1]
Dot_Video               0x000029c8    0x4  Data  Gb  LED_Display.o [1]
Down_int09              0x00004b6c   0x60  Code  Gb  Download.o [1]
Download_main           0x0000444c  0x2c0  Code  Gb  Download.o [1]
ESC                     0x000004b0   0x24  Data  Gb  LED_Display.o [1]
FIQ_Handler             0x00007354         Code  Wk  vectortrap.o [4]
FONT_POSITION           0x00000344  0xb60  Code  Gb  LED_Display.o [1]
FRONT                   0x000029d8    0x4  Data  Gb  LED_Display.o [1]
Font_Data               0x000013b8  0x400  Data  Gb  LED_Display.o [1]
HEAP$$Base              0x00000860          --   Gb  - Linker created -
HEAP$$Limit             0x00000860          --   Gb  - Linker created -
HEX_SWITCH              0x00001d2c  0x130  Code  Gb  LED_Display.o [1]
Hex_Pri_T_F             0x00000514    0x4  Data  Gb  LED_Display.o [1]
Hex_Pri_Tim             0x000029c4    0x4  Data  Gb  LED_Display.o [1]
IMAG_POINT_VALUE        0x00000edc  0x158  Code  Gb  LED_Display.o [1]
INTEL_EraseChip         0x00006aac   0x54  Code  Gb  NorFlashIntel.o [1]
INTEL_EraseSector       0x000069ec   0xc0  Code  Gb  NorFlashIntel.o [1]
INTEL_ReadDeviceID      0x000069e4    0x8  Code  Gb  NorFlashIntel.o [1]
INTEL_ReadManufactoryId
                        0x000069dc    0x8  Code  Gb  NorFlashIntel.o [1]
INTEL_Reset             0x000069d8    0x4  Code  Gb  NorFlashIntel.o [1]
INTEL_Write_Data        0x00006b00   0xf0  Code  Gb  NorFlashIntel.o [1]
IRQ_Handler             0x00007354         Code  Wk  vectortrap.o [4]
IRQ_STACK$$Base         0x00000800          --   Gb  - Linker created -
IRQ_STACK$$Limit        0x00000860          --   Gb  - Linker created -
ISR_Pit                 0x00002dfc   0x28  Code  Lc  main.o [1]
ISR_Spi                 0x00003a00    0x8  Code  Gb  SPI_FUN.o [1]
ISR_Tc0                 0x00002b30   0x78  Code  Gb  main.o [1]
ISR_Tc1                 0x00002ba8   0xe4  Code  Gb  main.o [1]
ISR_Usart0              0x00002ab8   0x78  Code  Gb  main.o [1]
ITEM                    0x000004fc    0x8  Data  Gb  LED_Display.o [1]
Imag_Screen             0x00001068  0x270  Code  Gb  LED_Display.o [1]
Imag_Screen_8           0x0000158c  0x17c  Code  Gb  LED_Display.o [1]
Imag_Screen_door        0x000012e0  0x298  Code  Gb  LED_Display.o [1]
IsDisplayAddressOk      0x00004718   0xe8  Code  Gb  Download.o [1]
IsPrintOfVersion        0x00004800   0x38  Code  Gb  Download.o [1]
LED_Display_c_int10     0x0000280c  0x21c  Code  Gb  LED_Display.o [1]
LEFT_DOT_VIDEO_PIRNT    0x000017f4  0x104  Code  Gb  LED_Display.o [1]
LEF_Font_posi           0x000029fc    0x4  Data  Gb  LED_Display.o [1]
LINE_BUFF               0x00000000  0xbb8  Data  Gb  LED_Display.o [1]
Left_Dot_Video          0x000029d0    0x4  Data  Gb  LED_Display.o [1]
LowLevelInit            0x00006bfc  0x16c  Code  Gb  board_lowlevel.o [1]
MODE_SET                0x00002fa8   0x38  Code  Gb  main.o [1]
NORFLASH_EraseSector    0x00003180   0x14  Code  Gb  NorFlashApi.o [1]
NORFLASH_ReadData       0x000031a8   0x88  Code  Gb  NorFlashApi.o [1]
NORFLASH_Reset          0x0000316c   0x14  Code  Gb  NorFlashApi.o [1]
NORFLASH_WriteData      0x00003194   0x14  Code  Gb  NorFlashApi.o [1]
NORMAL_DCC_COUNT        0x00002524  0x1dc  Code  Gb  LED_Display.o [1]
NorFlash_CFI_Detect     0x00004344  0x100  Code  Gb  NorFlashCFI.o [1]
NorFlash_GetAddressInChip
                        0x00004328    0xc  Code  Gb  NorFlashCFI.o [1]
NorFlash_GetByteAddress
                        0x0000430c    0xc  Code  Gb  NorFlashCFI.o [1]
NorFlash_GetByteAddressInChip
                        0x00004318   0x10  Code  Gb  NorFlashCFI.o [1]
NorFlash_GetDataBusWidth
                        0x00004334   0x10  Code  Gb  NorFlashCFI.o [1]
NorFlash_GetDeviceBlockSize
                        0x000041f8   0x94  Code  Gb  NorFlashCFI.o [1]
NorFlash_GetDeviceNumOfBlocks
                        0x000041c0   0x38  Code  Gb  NorFlashCFI.o [1]
NorFlash_GetDeviceSectorAddress
                        0x0000428c   0x80  Code  Gb  NorFlashCFI.o [1]
PATTREN                 0x00001e60   0xe0  Code  Gb  LED_Display.o [1]
PATTREN_MOVE_VALUE      0x00001f40  0x210  Code  Gb  LED_Display.o [1]
PAT_COLOR               0x000029bc    0x4  Data  Gb  LED_Display.o [1]
PIO_Configure           0x00003e24   0xe4  Code  Gb  pio.o [1]
PIO_Get                 0x00003f08   0x20  Code  Gb  pio.o [1]
PIO_SetInput            0x00003dc4   0x28  Code  Lc  pio.o [1]
PIO_SetOutput           0x00003dec   0x38  Code  Lc  pio.o [1]
PIO_SetPeripheralA      0x00003d8c   0x1c  Code  Lc  pio.o [1]
PIO_SetPeripheralB      0x00003da8   0x1c  Code  Lc  pio.o [1]
PIT_Enable              0x00003d40   0x10  Code  Gb  pit.o [1]
PIT_EnableIT            0x00003d60   0x14  Code  Gb  pit.o [1]
PIT_GetPIVR             0x00003d84    0x8  Code  Gb  pit.o [1]
PIT_GetStatus           0x00003d74    0x4  Code  Gb  pit.o [1]
PIT_Init                0x00003d18   0x28  Code  Gb  pit.o [1]
PMC_EnablePeripheral    0x00003b68   0x5c  Code  Gb  pmc.o [1]
POP                     0x00001a78   0xb8  Code  Gb  LED_Display.o [1]
PUSH                    0x00001970  0x100  Code  Gb  LED_Display.o [1]
Pattren_inter_time      0x000029c0    0x4  Data  Gb  LED_Display.o [1]
PixelPut                0x000049bc   0x68  Code  Gb  Download.o [1]
Prefetch_Handler        0x00007354         Code  Wk  vectortrap.o [4]
RECEIVECnt              0x000029f0    0x4  Data  Gb  LED_Display.o [1]
REMEMBER_RING           0x000028c4   0x34  Data  Gb  LED_Display.o [1]
RING_DATA               0x00000fb8  0x400  Data  Gb  LED_Display.o [1]
ReadRawData             0x00004c24   0x38  Code  Gb  NorFlashCommon.o [1]
Region$$Table$$Base     0x00007250          --   Gb  - Linker created -
Region$$Table$$Limit    0x00007260          --   Gb  - Linker created -
RxTimerBuf              0x00002548  0x190  Data  Gb  main.o [1]
SCAN                    0x00002854   0x38  Data  Gb  LED_Display.o [1]
SCC1_Init_AChl          0x000028f8   0x34  Data  Gb  UART.o [1]
SCC_ISR                 0x000034e0  0x1e8  Code  Gb  UART.o [1]
SCC_ISR_Timer           0x000036c8   0x78  Code  Gb  UART.o [1]
SCC_Init                0x00003404   0x9c  Code  Gb  UART.o [1]
SCC_RxBuf               0x00001bb8  0x200  Data  Gb  UART.o [1]
SCC_RxBuf_BackUP        0x00001db8  0x200  Data  Gb  UART.o [1]
SCC_TxBuf               0x00001fb8  0x200  Data  Gb  UART.o [1]
SCC_TxBuf_BackUP        0x000021b8  0x200  Data  Gb  UART.o [1]
SCREEN_PRINT            0x000018fc   0x68  Code  Gb  LED_Display.o [1]
SCREEN_WIDTH_MAX        0x00000504    0x4  Data  Gb  Download.o [1]
SEND_DATA               0x00001c00  0x124  Code  Gb  LED_Display.o [1]
SPID_Configure          0x00004cd8   0x70  Code  Gb  spid.o [1]
SPID_ConfigureCS        0x00004d48   0x10  Code  Gb  spid.o [1]
SPID_Handler            0x00004dc0   0x84  Code  Gb  spid.o [1]
SPID_SendCommand        0x00004d58   0x68  Code  Gb  spid.o [1]
SPI_Init                0x00003ae8   0x64  Code  Gb  SPI_FUN.o [1]
STATIC_LEF_Posi         0x00002a00    0x4  Data  Gb  LED_Display.o [1]
STATIC_Left_Dot_Video   0x000029d4    0x4  Data  Gb  LED_Display.o [1]
STOP_DCC_COUNT          0x00002700   0xa0  Code  Gb  LED_Display.o [1]
SWI_Handler             0x00007354         Code  Wk  vectortrap.o [4]
SW_TIMER                0x00002e60   0x78  Code  Gb  main.o [1]
SendStatusReq           0x00004838  0x184  Code  Gb  Download.o [1]
Spi_pins                0x00000480   0x30  Data  Gb  SPI_FUN.o [1]
TC_Configure            0x00003c40   0x1c  Code  Gb  tc.o [1]
TC_FindMckDivisor       0x00003c74   0xa0  Code  Gb  tc.o [1]
TC_Start                0x00003c5c    0xc  Code  Gb  tc.o [1]
TC_Stop                 0x00003c68    0xc  Code  Gb  tc.o [1]
TextOut                 0x00004a24   0x88  Code  Gb  Download.o [1]
UP_DATA_LEN             0x000029f8    0x4  Data  Gb  LED_Display.o [1]
UP_Font_posi            0x00002a04    0x4  Data  Gb  LED_Display.o [1]
USART_Configure         0x000038a8   0x40  Code  Gb  usart.o [1]
USART_ReadBuffer        0x000039b0   0x40  Code  Gb  usart.o [1]
USART_SetReceiverEnabled
                        0x000038fc   0x14  Code  Gb  usart.o [1]
USART_SetTransmitterEnabled
                        0x000038e8   0x14  Code  Gb  usart.o [1]
USART_Write             0x00003910   0x5c  Code  Gb  usart.o [1]
USART_WriteBuffer       0x0000396c   0x44  Code  Gb  usart.o [1]
Undefined_Handler       0x00007354         Code  Wk  vectortrap.o [4]
Up_Dot_Video            0x000029cc    0x4  Data  Gb  LED_Display.o [1]
VersionImagePut         0x00004aac   0xc0  Code  Gb  Download.o [1]
WriteCommand            0x00004bfc   0x28  Code  Gb  NorFlashCommon.o [1]
WriteRawData            0x00004c5c   0x38  Code  Gb  NorFlashCommon.o [1]
_EncodingSb_Mbtowc      0x00005f94   0x50  Code  Gb  xencoding_sb.o [3]
_EncodingSb_Wctomb      0x00005f60   0x34  Code  Gb  xencoding_sb.o [3]
_IsdstStr               0x000026dc    0x4  Data  Gb  setlocale.o [3]
_LitobSmall             0x00005990  0x168  Code  Lc  xprintfsmall.o [3]
_LocaleEncoding         0x00005f44   0x18  Code  Gb  setlocale.o [3]
_LocaleReturnString     0x000026fc   0x50  Data  Lc  setlocale.o [3]
_Locale_Profile         0x000026e0   0x1c  Data  Gb  setlocale.o [3]
_Mbtowc                 0x00005b70   0x34  Code  Gb  xmbtowc.o [3]
_PrintfSmall            0x00004f7c  0x6a4  Code  Gb  xprintfsmall.o [3]
_Prout                  0x00007154   0x28  Code  Gb  xprout.o [3]
_PutcharsSmall          0x00005af8   0x60  Code  Lc  xprintfsmall.o [3]
_PutstrSmall            0x00005620  0x364  Code  Lc  xprintfsmall.o [3]
_TzoneStr               0x000026d8    0x4  Data  Gb  setlocale.o [3]
_Wctomb                 0x00005e10   0x28  Code  Gb  xwctomb.o [3]
__ICFEDIT_region_RAM_end__ {Abs}
                        0x00207fff          --   Gb  command line/config [2]
__ICFEDIT_region_RAM_start__ {Abs}
                        0x00200000          --   Gb  command line/config [2]
__ICFEDIT_size_cstack__ {Abs}
                        0x00000800          --   Gb  command line/config [2]
__ICFEDIT_size_heap__ {Abs}
                        0x00000000          --   Gb  command line/config [2]
__ICFEDIT_size_irqstack__ {Abs}
                        0x00000060          --   Gb  command line/config [2]
__ICFEDIT_size_sysstack__ {Abs}
                        0x00000060          --   Gb  command line/config [2]
__ICFEDIT_size_vectors__ {Abs}
                        0x00000100          --   Gb  command line/config [2]
__aeabi_idiv            0x00003230         Code  Gb  I32DivMod.o [4]
__aeabi_idiv0           0x00004c94         Code  Gb  IntDivZer.o [4]
__aeabi_idivmod         0x00003230         Code  Gb  I32DivMod.o [4]
__aeabi_memcpy          0x000037d4         Code  Gb  ABImemcpy.o [4]
__aeabi_memcpy4         0x000037f8         Code  Gb  ABImemcpy.o [4]
__aeabi_memcpy8         0x000037f8         Code  Gb  ABImemcpy.o [4]
__aeabi_memset          0x00003758         Code  Gb  ABImemset.o [4]
__aeabi_uidiv           0x00003260         Code  Gb  I32DivMod.o [4]
__aeabi_uidivmod        0x00003260         Code  Gb  I32DivMod.o [4]
__cexit_clearlocks      0x00007240         Code  Gb  cexit.o [4]
__cmain                 0x000071ec         Code  Gb  cmain.o [4]
__cstart_clearlocks     0x0000735c         Data  Gb  cstart_clearlocks.o [4]
__data_Aldata           0x00002984    0x8  Data  Gb  xxmemxmalloc.o [3]
__data_GetMemChunk      0x0000613c   0x40  Code  Gb  xgetmemchunk.o [3]
__exit                  0x0000721c   0x20  Code  Gb  exit.o [5]
__iar_Locksyslock       0x0000607c   0xa4  Code  Gb  xsyslock.o [3]
__iar_Mbcurmax          0x00005cac   0x14  Code  Gb  xmbcurmax.o [3]
__iar_Memchr            0x00005c18         Code  Gb  memchr.o [4]
__iar_Memset            0x00003758         Code  Gb  ABImemset.o [4]
__iar_Memset_word       0x00003764         Code  Gb  ABImemset.o [4]
__iar_SB                0x0000735c         Data  Gb  bwt_init3c.o [4]
__iar_Stderr            0x00000440   0x40  Data  Gb  xfiles.o [3]
__iar_Stdout            0x00000400   0x40  Data  Gb  xfiles.o [3]
__iar_Strchr            0x00005ba4         Code  Gb  strchr.o [4]
__iar_Unlocksyslock     0x00006120   0x18  Code  Gb  xsyslock.o [3]
__iar_clearlocks        0x00005ff4   0x88  Code  Gb  xsyslock.o [3]
__iar_data_init3        0x0000706c   0x54  Code  Gb  data_init3.o [4]
__iar_dlib_perthread_access
                        0x0000617c    0x4  Code  Gb  xtls.o [3]
__iar_file_Mtxdst       0x00006184    0x4  Code  Gb  xmtx2.o [3]
__iar_file_Mtxinit      0x00006180    0x4  Code  Gb  xmtx2.o [3]
__iar_return_from_swi   0x00007358    0x4  Code  Gb  xreturnswi.o [5]
__iar_system_Mtxdst     0x0000618c    0x4  Code  Gb  xmtx.o [3]
__iar_system_Mtxinit    0x00006188    0x4  Code  Gb  xmtx.o [3]
__iar_system_Mtxlock    0x00006190    0x4  Code  Gb  xmtx.o [3]
__iar_system_Mtxunlock  0x00006194    0x4  Code  Gb  xmtx.o [3]
__iar_zero_init3        0x0000717d   0x28  Code  Gb  zero_init3.o [4]
__low_level_init        0x00007210    0x8  Code  Gb  low_level_init.o [3]
_call_main              0x000071fc         Code  Gb  cmain.o [4]
_exit                   0x0000723c         Code  Gb  cexit.o [4]
_main                   0x00007204         Code  Gb  cmain.o [4]
amdOperations           0x000072e0   0x18  Data  Gb  NorFlashCFI.o [1]
amd_Program             0x0000630c  0x110  Code  Gb  NorFlashAmd.o [1]
amd_ReadIdentification  0x0000620c  0x100  Code  Gb  NorFlashAmd.o [1]
amd_Reset               0x00006198   0x74  Code  Gb  NorFlashAmd.o [1]
at26                    0x0000292c   0x28  Data  Gb  SPI_FUN.o [1]
bytesReceived           0x00002a0c    0x4  Data  Gb  main.o [1]
cal_CRC16               0x000034a0   0x40  Code  Gb  UART.o [1]
defaultFiqHandler       0x00006bf4    0x4  Code  Gb  board_lowlevel.o [1]
defaultIrqHandler       0x00006bf8    0x4  Code  Gb  board_lowlevel.o [1]
defaultSpuriousHandler  0x00006bf0    0x4  Code  Gb  board_lowlevel.o [1]
ebuf                    0x000027b4   0x50  Data  Lc  xfiles.o [3]
exit                    0x00007218    0x4  Code  Gb  exit.o [3]
file_mtx                0x00002890   0x20  Data  Lc  xsyslock.o [3]
fputc                   0x00007014   0x48  Code  Gb  printf_usart.o [1]
free                    0x00005e38  0x108  Code  Gb  xxmemxfree.o [3]
gFirmWareExeFlag        0x00000508    0x4  Data  Gb  Download.o [1]
gFirmWareExeTime        0x0000299c    0x4  Data  Gb  Download.o [1]
gOneSec                 0x000029a4    0x4  Data  Gb  LED_Display.o [1]
gTxDisableTimerCnt      0x00002994    0x4  Data  Gb  Download.o [1]
gTxEnableTimerCnt       0x00002990    0x4  Data  Gb  Download.o [1]
gVersionPrintFlag       0x00002998    0x4  Data  Gb  Download.o [1]
glDebugCnt              0x000029ec    0x4  Data  Gb  LED_Display.o [1]
hnum                    0x000029b0    0x4  Data  Gb  LED_Display.o [1]
hnumm                   0x000029b4    0x4  Data  Gb  LED_Display.o [1]
intelOperations         0x000072f8   0x18  Data  Gb  NorFlashCFI.o [1]
intel_ClearStatus       0x00006894   0x30  Code  Gb  NorFlashIntel.o [1]
intel_GetBlockLockStatus
                        0x00006924   0x24  Code  Gb  NorFlashIntel.o [1]
intel_Program           0x00006948   0x90  Code  Gb  NorFlashIntel.o [1]
intel_ReadIdentification
                        0x000067d0   0x6c  Code  Gb  NorFlashIntel.o [1]
intel_ReadStatus        0x0000683c   0x58  Code  Gb  NorFlashIntel.o [1]
intel_Reset             0x0000679c   0x34  Code  Gb  NorFlashIntel.o [1]
intel_UnlockSector      0x000068c4   0x60  Code  Gb  NorFlashIntel.o [1]
irqHandler              0x00200034         Code  Gb  board_cstartup_iar.o [1]
mBlackChick             0x000023b8  0x190  Data  Gb  Download.o [1]
mBlockSize              0x0000298c    0x4  Data  Gb  Download.o [1]
mFont_Save_posi         0x00002a08    0x4  Data  Gb  LED_Display.o [1]
mHexSwitchAdd           0x00002a29    0x1  Data  Gb  main.o [1]
mScanVidioFlag          0x0000050c    0x4  Data  Gb  LED_Display.o [1]
mTimerDebugCnt          0x00002a14    0x4  Data  Gb  main.o [1]
mTimerFlag              0x00002a10    0x4  Data  Gb  main.o [1]
main                    0x00002fe0   0xf8  Code  Gb  main.o [1]
malloc                  0x00005cc0  0x14c  Code  Gb  xxmemxmalloc.o [3]
memchr                  0x00005c18         Code  Gb  memchr.o [4]
memcpy                  0x00002a5c   0x18  Code  Gb  NandFlashModel.o [1]
memset                  0x00002a34   0x28  Code  Gb  at45.o [1]
min                     0x00004e44    0xc  Code  Gb  math.o [1]
mtx                     0x000028b0   0x14  Data  Lc  xsyslock.o [3]
nBB                     0x000017b8  0x400  Data  Gb  LED_Display.o [1]
nBuff                   0x00000bb8  0x400  Data  Gb  LED_Display.o [1]
nIsPattern              0x000029a0    0x4  Data  Gb  LED_Display.o [1]
norFlash                0x0000274c   0x68  Data  Gb  main.o [1]
num                     0x000029a8    0x4  Data  Gb  LED_Display.o [1]
numm                    0x000029ac    0x4  Data  Gb  LED_Display.o [1]
obuf                    0x00002804   0x50  Data  Lc  xfiles.o [3]
pBuffer                 0x00002a28    0x1  Data  Gb  main.o [1]
pins                    0x00006d6c   0xd8  Data  Gb  main.o [1]
printf                  0x00004c98   0x40  Code  Gb  printf.o [3]
putchar                 0x0000705c    0x8  Code  Gb  printf_usart.o [1]
resetHandler            0x000070c0         Code  Gb  board_cstartup_iar.o [1]
resetVector             0x00200000         Code  Gb  board_cstartup_iar.o [1]
spid                    0x00002954   0x10  Data  Gb  SPI_FUN.o [1]
stop_time               0x000029e0    0x4  Data  Gb  LED_Display.o [1]
strchr                  0x00005ba4         Code  Gb  strchr.o [4]
strlen                  0x00005bc4         Code  Gb  strlen.o [4]
strncmp                 0x00002a74   0x44  Code  Gb  strncmp.o [3]
syslock_o               0x0000288c    0x4  Data  Lc  xsyslock.o [3]


[1] = C:\Users\JDS_Retina\Dropbox\회사\JDS_PRO\국내 프로젝트\대구 모노레일\프로그램\ARM_AT91sam7se512_Dagu_LED\at91sam7se-ek\basic-usart-hw-handshaking-project\ewp\at91sam7se512_sram\Obj
[2] = command line
[3] = dl4t_alf.a
[4] = rt4t_al.a
[5] = shs_l.a

  28 584 bytes of readonly  code memory
   1 068 bytes of readonly  data memory
  14 254 bytes of readwrite data memory

Errors: 1
Warnings: none
