*****************************************************
TMS320C3x/4x COFF Linker        Version 4.70
*****************************************************
Thu Feb  8 21:52:29 2007

OUTPUT FILE NAME:   <main.out>
ENTRY POINT SYMBOL: "_c_int00"  address: 00700001


MEMORY CONFIGURATION

           name     origin    length      used    attributes    fill
         --------  --------  ---------  --------  ----------  --------
         SRAM      00700000  00000e000  00007e31     RWIX      
         IRAM      0087fe10  0000001f0  00000000     RWIX      
         FROM      00900000  000080000  00000000     RWIX      


SECTION ALLOCATION MAP

 output                                  attributes/
section   page    origin      length       input sections
--------  ----  ----------  ----------   ----------------
.text      0    00700000    00000120     
                  00700000    00000001     start.obj (.text)
                  00700001    0000001b     rts30.lib : boot.obj (.text)
                  0070001c    00000025               : divi.obj (.text)
                  00700041    00000033               : divu.obj (.text)
                  00700074    00000022               : modi.obj (.text)
                  00700096    0000002a               : modu.obj (.text)
                  007000c0    00000026               : exit.obj (.text)
                  007000e6    00000012               : memcpy.obj (.text)
                  007000f8    00000010               : memset.obj (.text)
                  00700108    00000018               : strncmp.obj (.text)

.text      0    00700120    00001905     
                  00700120    00001905     main.obj (.text)

.cinit     0    00701a25    0000029b     
                  00701a25    00000294     main.obj (.cinit)
                  00701cb9    00000006     rts30.lib : exit.obj (.cinit)
                  00701cbf    00000001     --HOLE-- [fill = 00000000]

.const     0    00701cc0    00000019     
                  00701cc0    00000019     main.obj (.const)

.data      0    00700000    00000000     UNINITIALIZED
                  00700000    00000000     start.obj (.data)
                  00700000    00000000     rts30.lib : strncmp.obj (.data)
                  00700000    00000000               : memset.obj (.data)
                  00700000    00000000               : memcpy.obj (.data)
                  00700000    00000000               : exit.obj (.data)
                  00700000    00000000               : modu.obj (.data)
                  00700000    00000000               : modi.obj (.data)
                  00700000    00000000               : divu.obj (.data)
                  00700000    00000000               : divi.obj (.data)
                  00700000    00000000               : boot.obj (.data)
                  00700000    00000000     main.obj (.data)

.stack     0    00701cd9    00004000     UNINITIALIZED
                  00701cd9    00000000     rts30.lib : boot.obj (.stack)

.bss       0    00705cd9    00002158     UNINITIALIZED
                  00705cd9    00000000     start.obj (.bss)
                  00705cd9    00000000     rts30.lib : strncmp.obj (.bss)
                  00705cd9    00000000               : memset.obj (.bss)
                  00705cd9    00000000               : memcpy.obj (.bss)
                  00705cd9    00000000               : modu.obj (.bss)
                  00705cd9    00000000               : modi.obj (.bss)
                  00705cd9    00000000               : divu.obj (.bss)
                  00705cd9    00000000               : divi.obj (.bss)
                  00705cd9    00000000               : boot.obj (.bss)
                  00705cd9    00002136     main.obj (.bss)
                  00707e0f    00000022     rts30.lib : exit.obj (.bss)


GLOBAL SYMBOLS

address  name                             address  name
-------- ----                             -------- ----
00705cd9 .bss                             00004000 __STACK_SIZE
00700000 .data                            00700000 .data
00700120 .text                            00700000 edata
0070001c DIV_I30                          00700001 _c_int00
00700041 DIV_U30                          0070001c DIV_I30
00700074 MOD_I30                          00700041 DIV_U30
00700096 MOD_U30                          00700074 MOD_I30
00705e59 _Arrow_L                         00700096 MOD_U30
00705e4f _Arrow_R                         007000c0 _exit
007014e6 _BASIC_VALUE                     007000ce _atexit
00705e2e _BLINK_DCC_T_C                   007000e1 _abort
00705e2b _B_FRONT                         007000e6 _memcpy
00705e29 _Blink_Timer_Count               007000f8 _memset
00705e4b _CHACK_DATA                      00700108 _strncmp
007018bd _CHECK_TEST                      00700120 .text
00705e11 _CHH                             00700120 _c_int06
00705e10 _CH                              0070016d _Debug3xInit
00705e03 _COUNT                           00700194 _FlashBusyWait
00705cd9 _CRC_Table                       00700199 _GetFlashId
00705e73 _Check_Blink                     007001b7 _FlashPageRead
00705e70 _Check_CLK                       007001e1 _GetLirAdrImg
00705e72 _Check_NOUT                      00700217 _FlashPageWrite
00705e71 _Check_OUT                       00700262 _FlashErase
007078ef _Compari_Arrow_L                 00700298 _NorFlashAllErase
007078f9 _Compari_Arrow_R                 007002a4 _NorFlashBlockErase
00707936 _Compari_ITEM                    007002ba _NorFlashWrite
00705dda _DATA_LEN                        007002d3 _SCC_8530_Initial
00705e2d _DCC_T_C                         00700314 _SCC2_SendTo
00705e2f _DCC                             00700365 _SCC_ISR
0070176e _DCC_CONTROL                     00700411 _LdmLatchClk
00701434 _DOT_PRINT                       00700429 _main
007012d9 _DOT_VIDEO_PIRNT                 00700523 _JUMPDOWLOAD
00701502 _DSP_INIT                        00700528 _START_CHAK_DATA
0070016d _Debug3xInit                     007005c8 _FONT_POSITION
00705e17 _Dot_Video                       00700dad _IMAG_POINT_VALUE
00705e3d _ESC                             00700dea _Imag_Screen
007005c8 _FONT_POSITION                   00700fb2 _Imag_Screen_door
00705e2a _FRONT                           007011b4 _Imag_Screen_8
00700194 _FlashBusyWait                   007012d9 _DOT_VIDEO_PIRNT
00700262 _FlashErase                      00701320 _UP_DOT_VIDEO_PIRNT
007001b7 _FlashPageRead                   0070136f _LEFT_DOT_VIDEO_PIRNT
00700217 _FlashPageWrite                  007013b0 _STATIC_LEFT_VIDEO_PRINT
007068d0 _Font_Data                       00701406 _SCREEN_PRINT
00705e6e _Font_Save_posi                  00701434 _DOT_PRINT
00705e74 _GREEN_Flag                      00701471 _PUSH
00705e75 _GREEN_RED_FLAG_Time             007014ae _POP
007018ea _GREEN_RED_FLAG                  007014e6 _BASIC_VALUE
00700199 _GetFlashId                      00701502 _DSP_INIT
007001e1 _GetLirAdrImg                    0070152f _IsBCCOK
007015c7 _HEX_SWITCH                      00701555 _cal_CRC16
00705e05 _HI_SEND                         00701572 _SEND_DATA
00705e13 _Hex_Pri_T_F                     007015b1 _RTS
00705e15 _Hex_Pri_Tim                     007015c7 _HEX_SWITCH
00700dad _IMAG_POINT_VALUE                00701671 _VER_PRINT
00705e63 _ITEM                            007016d0 _PATTREN
007011b4 _Imag_Screen_8                   0070171b _PATTREN_MOVE_VALUE
00700fb2 _Imag_Screen_door                0070176e _DCC_CONTROL
00700dea _Imag_Screen                     00701829 _NORMAL_DCC_COUNT
0070152f _IsBCCOK                         0070187c _STOP_DCC_COUNT
00700523 _JUMPDOWLOAD                     00701898 _ONTD
00705e6f _LDM_AB_Cnt                      007018bd _CHECK_TEST
0070136f _LEFT_DOT_VIDEO_PIRNT            007018ea _GREEN_RED_FLAG
00705e6b _LEF_Font_posi                   00701912 _c_int02
00705e06 _LOW_SEND                        00701949 _c_int09
00700411 _LdmLatchClk                     0070198b _c_int10
00705e19 _Left_Dot_Video                  00701a25 etext
00701829 _NORMAL_DCC_COUNT                00701a25 cinit
00705e08 _NUM_TX_DATA                     00701cd9 __stack
00705e07 _NUM_TX                          00705cd9 _CRC_Table
00700298 _NorFlashAllErase                00705cd9 .bss
007002a4 _NorFlashBlockErase              00705dd9 _gRxComplete
007002ba _NorFlashWrite                   00705dda _DATA_LEN
00701898 _ONTD                            00705ddb _cRc
0070171b _PATTREN_MOVE_VALUE              00705ddc _gRxPos
007016d0 _PATTREN                         00705ddd _gRxStTemp
00705e12 _PAT_COLOR                       00705dde _SCC_INIT_ASYNC_9600BPS
007014ae _POP                             00705e00 _gSccRxTimeout
00701471 _PUSH                            00705e01 _gDownloadRxBlock
00705e14 _Pattren_inter_time              00705e02 _gHexaSw
00705e47 _RECEIVECnt                      00705e03 _COUNT
00707904 _REMEMBER_RING                   00705e04 _TX_DA_ENA_COUNT
007062d0 _RING_DATA                       00705e05 _HI_SEND
007015b1 _RTS                             00705e06 _LOW_SEND
00705e1b _SCAN                            00705e07 _NUM_TX
007070d0 _SCC1_Init_AChl                  00705e08 _NUM_TX_DATA
0070793c _SCC1_Init_BChl                  00705e09 _glTest
00700314 _SCC2_SendTo                     00705e0a _nIsPattern
007002d3 _SCC_8530_Initial                00705e0b _gOneSec
00705dde _SCC_INIT_ASYNC_9600BPS          00705e0c _num
00700365 _SCC_ISR                         00705e0d _numm
00701406 _SCREEN_PRINT                    00705e0e _hnum
00705e4e _SCREEN_TIME                     00705e0f _hnumm
007074d5 _SEND_DATA_BUFF                  00705e10 _CH
00701572 _SEND_DATA                       00705e11 _CHH
00700528 _START_CHAK_DATA                 00705e12 _PAT_COLOR
007013b0 _STATIC_LEFT_VIDEO_PRINT         00705e13 _Hex_Pri_T_F
00705e6c _STATIC_LEF_Posi                 00705e14 _Pattren_inter_time
00705e1a _STATIC_Left_Dot_Video           00705e15 _Hex_Pri_Tim
0070187c _STOP_DCC_COUNT                  00705e16 _send_glDebugCnt
00705e4c _STRT_DA_CHK                     00705e17 _Dot_Video
00705e04 _TX_DA_ENA_COUNT                 00705e18 _Up_Dot_Video
00705e6a _UP_DATA_LEN                     00705e19 _Left_Dot_Video
00701320 _UP_DOT_VIDEO_PIRNT              00705e1a _STATIC_Left_Dot_Video
00705e6d _UP_Font_posi                    00705e1b _SCAN
00705e18 _Up_Dot_Video                    00705e29 _Blink_Timer_Count
00701671 _VER_PRINT                       00705e2a _FRONT
00004000 __STACK_SIZE                     00705e2b _B_FRONT
00707903 __glDebugAddr                    00705e2c _stop_time
007078ee __glDebugData                    00705e2d _DCC_T_C
00701cd9 __stack                          00705e2e _BLINK_DCC_T_C
007000e1 _abort                           00705e2f _DCC
007000ce _atexit                          00705e3d _ESC
00705ddb _cRc                             00705e46 _glDebugCnt
00700001 _c_int00                         00705e47 _RECEIVECnt
00701912 _c_int02                         00705e4a _font_Len
00700120 _c_int06                         00705e4b _CHACK_DATA
00701949 _c_int09                         00705e4c _STRT_DA_CHK
0070198b _c_int10                         00705e4d _gpVersion
00701555 _cal_CRC16                       00705e4e _SCREEN_TIME
00705e69 _d_C_24_Size                     00705e4f _Arrow_R
00707d41 _d_C_Buf                         00705e59 _Arrow_L
007000c0 _exit                            00705e63 _ITEM
00705e4a _font_Len                        00705e69 _d_C_24_Size
007060cf _gDownLoadBuf                    00705e6a _UP_DATA_LEN
00705e01 _gDownloadRxBlock                00705e6b _LEF_Font_posi
00705e02 _gHexaSw                         00705e6c _STATIC_LEF_Posi
00705e0b _gOneSec                         00705e6d _UP_Font_posi
00705e77 _gRxBuffer                       00705e6e _Font_Save_posi
00705dd9 _gRxComplete                     00705e6f _LDM_AB_Cnt
007066d0 _gRxExcCode                      00705e70 _Check_CLK
00705ddc _gRxPos                          00705e71 _Check_OUT
00705ddd _gRxStTemp                       00705e72 _Check_NOUT
00705e00 _gSccRxTimeout                   00705e73 _Check_Blink
007062cf _gTextBitLength                  00705e74 _GREEN_Flag
00705e46 _glDebugCnt                      00705e75 _GREEN_RED_FLAG_Time
00705e09 _glTest                          00705e76 _nInt09_Cnt
00705e4d _gpVersion                       00705e77 _gRxBuffer
00705e0f _hnumm                           007060cf _gDownLoadBuf
00705e0e _hnum                            007062cf _gTextBitLength
00700429 _main                            007062d0 _RING_DATA
007000e6 _memcpy                          007066d0 _gRxExcCode
007000f8 _memset                          007068d0 _Font_Data
00706cd0 _nBB                             00706cd0 _nBB
007074ee _nBuff                           007070d0 _SCC1_Init_AChl
00705e76 _nInt09_Cnt                      007074d5 _SEND_DATA_BUFF
00705e0a _nIsPattern                      007074ee _nBuff
00705e0d _numm                            007078ee __glDebugData
00705e0c _num                             007078ef _Compari_Arrow_L
00705e16 _send_glDebugCnt                 007078f9 _Compari_Arrow_R
00705e2c _stop_time                       00707903 __glDebugAddr
00700108 _strncmp                         00707904 _REMEMBER_RING
00701a25 cinit                            00707936 _Compari_ITEM
00700000 edata                            0070793c _SCC1_Init_BChl
00707e31 end                              00707d41 _d_C_Buf
00701a25 etext                            00707e31 end

[155 symbols]
