*****************************************************
TMS320C3x/4x COFF Linker        Version 4.70
*****************************************************
Wed Apr 15 08:36:49 2009

OUTPUT FILE NAME:   <main.out>
ENTRY POINT SYMBOL: "_c_int00"  address: 00700001


MEMORY CONFIGURATION

           name     origin    length      used    attributes    fill
         --------  --------  ---------  --------  ----------  --------
         SRAM      00700000  00000e000  00006359     RWIX      
         IRAM      0087fe10  0000001f0  00000000     RWIX      
         FROM      00900000  000080000  00000000     RWIX      


SECTION ALLOCATION MAP

 output                                  attributes/
section   page    origin      length       input sections
--------  ----  ----------  ----------   ----------------
.text      0    00700000    000000b0     
                  00700000    00000001     start.obj (.text)
                  00700001    0000001b     rts30.lib : boot.obj (.text)
                  0070001c    00000022               : modi.obj (.text)
                  0070003e    0000002a               : modu.obj (.text)
                  00700068    00000026               : exit.obj (.text)
                  0070008e    00000012               : memcpy.obj (.text)
                  007000a0    00000010               : memset.obj (.text)

.text      0    007000b0    0000081f     
                  007000b0    0000081f     main.obj (.text)

.cinit     0    007008cf    00000209     
                  007008cf    00000202     main.obj (.cinit)
                  00700ad1    00000006     rts30.lib : exit.obj (.cinit)
                  00700ad7    00000001     --HOLE-- [fill = 00000000]

.const     0    00700ad8    00000019     
                  00700ad8    00000019     main.obj (.const)

.data      0    00700000    00000000     UNINITIALIZED
                  00700000    00000000     start.obj (.data)
                  00700000    00000000     rts30.lib : memset.obj (.data)
                  00700000    00000000               : memcpy.obj (.data)
                  00700000    00000000               : exit.obj (.data)
                  00700000    00000000               : modu.obj (.data)
                  00700000    00000000               : modi.obj (.data)
                  00700000    00000000               : boot.obj (.data)
                  00700000    00000000     main.obj (.data)

.stack     0    00700af1    00004000     UNINITIALIZED
                  00700af1    00000000     rts30.lib : boot.obj (.stack)

.bss       0    00704af1    00001868     UNINITIALIZED
                  00704af1    00000000     start.obj (.bss)
                  00704af1    00000000     rts30.lib : memset.obj (.bss)
                  00704af1    00000000               : memcpy.obj (.bss)
                  00704af1    00000000               : modu.obj (.bss)
                  00704af1    00000000               : modi.obj (.bss)
                  00704af1    00000000               : boot.obj (.bss)
                  00704af1    00001846     main.obj (.bss)
                  00706337    00000022     rts30.lib : exit.obj (.bss)


GLOBAL SYMBOLS

address  name                             address  name
-------- ----                             -------- ----
00704af1 .bss                             00004000 __STACK_SIZE
00700000 .data                            00700000 .data
007000b0 .text                            00700000 edata
0070001c MOD_I30                          00700001 _c_int00
0070003e MOD_U30                          0070001c MOD_I30
0070053b _BIT_OPE                         0070003e MOD_U30
00700600 _CAR_NUMBER_PRINT                00700068 _exit
0070070f _CHECK_TEST                      00700076 _atexit
00704c1d _COUNT                           00700089 _abort
00704af1 _CRC_Table                       0070008e _memcpy
00704c34 _Check_Blink                     007000a0 _memset
00704c31 _Check_CLK                       007000b0 .text
00704c33 _Check_NOUT                      007000b0 _c_int06
00704c32 _Check_OUT                       007000fd _Debug3xInit
00704bf2 _DATA_LEN                        00700124 _FlashBusyWait
00700673 _DSP_INIT                        00700129 _GetFlashId
007000fd _Debug3xInit                     00700147 _FlashPageRead
00700124 _FlashBusyWait                   00700171 _GetLirAdrImg
007001f2 _FlashErase                      007001a7 _FlashPageWrite
00700147 _FlashPageRead                   007001f2 _FlashErase
007001a7 _FlashPageWrite                  00700228 _NorFlashAllErase
00704c35 _GREEN_Flag                      00700234 _NorFlashBlockErase
00704c36 _GREEN_RED_FLAG_Time             0070024a _NorFlashWrite
00700733 _GREEN_RED_FLAG                  00700263 _SCC_8530_Initial
00700129 _GetFlashId                      007002a3 _SCC2_SendTo
00700171 _GetLirAdrImg                    007002f4 _SCC_ISR
0070057d _HEX_SWITCH                      0070039a _LdmLatchClk
00704c1b _HI_SEND                         007003a4 _main
00704c2f _Hex_Pri_T_F                     0070047d _JUMPDOWLOAD
007006a5 _IsBCCOK                         00700482 _NORFLASH_MEMORY
0070047d _JUMPDOWLOAD                     007004b6 _START_CHAK_DATA
00704c1c _LOW_SEND                        0070053b _BIT_OPE
0070039a _LdmLatchClk                     0070057d _HEX_SWITCH
00700482 _NORFLASH_MEMORY                 00700600 _CAR_NUMBER_PRINT
00705ed0 _NOR_VAL                         00700665 _PATTREN
00704c27 _NUM_HI                          00700673 _DSP_INIT
00704c28 _NUM_LOW                         007006a5 _IsBCCOK
00704c1f _NUM_TX_DATA                     007006cd _cal_CRC16
00700228 _NorFlashAllErase                007006ea _ONTD
00700234 _NorFlashBlockErase              0070070f _CHECK_TEST
0070024a _NorFlashWrite                   00700733 _GREEN_RED_FLAG
00704c2c _Nor_Cou                         00700760 _SEND_DATA
00704c2e _Nor_Jump                        0070079f _RTS
00704c2d _Nor_Sav_C                       007007b5 _c_int02
00704c2b _Nor_T_F                         007007ec _c_int12
007006ea _ONTD                            00700823 _c_int09
00700665 _PATTREN                         00700863 _c_int10
00704c26 _PAT_COLOR                       007008cf etext
00704c2a _Pattren_inter_time              007008cf cinit
00704c23 _RECEIVECnt                      00700af1 __stack
0070079f _RTS                             00704af1 .bss
00704c25 _SAVE_STATION                    00704af1 _CRC_Table
007052b0 _SCC1_Init_AChl                  00704bf1 _gRxComplete
00705ee9 _SCC1_Init_BChl                  00704bf2 _DATA_LEN
007002a3 _SCC2_SendTo                     00704bf3 _cRc
00700263 _SCC_8530_Initial                00704bf4 _gRxPos
00704bf6 _SCC_INIT_ASYNC_9600BPS          00704bf5 _gRxStTemp
007002f4 _SCC_ISR                         00704bf6 _SCC_INIT_ASYNC_9600BPS
007056b5 _SEND_DATA_BUFF                  00704c18 _gSccRxTimeout
00700760 _SEND_DATA                       00704c19 _gDownloadRxBlock
007004b6 _START_CHAK_DATA                 00704c1a _gHexaSw
00704c20 _TX_DA_ENA_COUNT                 00704c1b _HI_SEND
00004000 __STACK_SIZE                     00704c1c _LOW_SEND
00705ecf __glDebugAddr                    00704c1d _COUNT
00705ece __glDebugData                    00704c1e _num_TX
00700af1 __stack                          00704c1f _NUM_TX_DATA
00700089 _abort                           00704c20 _TX_DA_ENA_COUNT
00700076 _atexit                          00704c21 _send_glDebugCnt
00704bf3 _cRc                             00704c22 _glDebugCnt
00700001 _c_int00                         00704c23 _RECEIVECnt
007007b5 _c_int02                         00704c24 _gOneSec
007000b0 _c_int06                         00704c25 _SAVE_STATION
00700823 _c_int09                         00704c26 _PAT_COLOR
00700863 _c_int10                         00704c27 _NUM_HI
007007ec _c_int12                         00704c28 _NUM_LOW
007006cd _cal_CRC16                       00704c29 _nIsPattern
00700068 _exit                            00704c2a _Pattren_inter_time
00704eb0 _gDownLoadBuf                    00704c2b _Nor_T_F
00704c19 _gDownloadRxBlock                00704c2c _Nor_Cou
00704c1a _gHexaSw                         00704c2d _Nor_Sav_C
00704c24 _gOneSec                         00704c2e _Nor_Jump
00704c58 _gRxBuffer                       00704c2f _Hex_Pri_T_F
00704bf1 _gRxComplete                     00704c30 _gpVersion
007050b0 _gRxExcCode                      00704c31 _Check_CLK
00704bf4 _gRxPos                          00704c32 _Check_OUT
00704bf5 _gRxStTemp                       00704c33 _Check_NOUT
00704c18 _gSccRxTimeout                   00704c34 _Check_Blink
00704c37 _gScnPosGray                     00704c35 _GREEN_Flag
00704c22 _glDebugCnt                      00704c36 _GREEN_RED_FLAG_Time
00704c30 _gpVersion                       00704c37 _gScnPosGray
007003a4 _main                            00704c58 _gRxBuffer
0070008e _memcpy                          00704eb0 _gDownLoadBuf
007000a0 _memset                          007050b0 _gRxExcCode
007056ce _nBuff                           007052b0 _SCC1_Init_AChl
00704c29 _nIsPattern                      007056b5 _SEND_DATA_BUFF
00704c1e _num_TX                          007056ce _nBuff
00704c21 _send_glDebugCnt                 00705ece __glDebugData
007008cf cinit                            00705ecf __glDebugAddr
00700000 edata                            00705ed0 _NOR_VAL
00706359 end                              00705ee9 _SCC1_Init_BChl
007008cf etext                            00706359 end

[101 symbols]
