*****************************************************
TMS320C3x/4x COFF Linker        Version 4.70
*****************************************************
Tue Mar 22 18:17:00 2011

OUTPUT FILE NAME:   <main.out>
ENTRY POINT SYMBOL: "_c_int00"  address: 00700001


MEMORY CONFIGURATION

           name     origin    length      used    attributes    fill
         --------  --------  ---------  --------  ----------  --------
         SRAM      00700000  00000e000  00008a97     RWIX      
         IRAM      0087fe10  0000001f0  00000000     RWIX      
         FROM      00900000  000080000  00000000     RWIX      


SECTION ALLOCATION MAP

 output                                  attributes/
section   page    origin      length       input sections
--------  ----  ----------  ----------   ----------------
.text      0    00700000    00000120     
                  00700000    00000001     start.obj (.text)
                  00700001    0000001b     rts30.lib : boot.obj (.text)
                  0070001c    00000025               : divi.obj (.text)
                  00700041    00000033               : divu.obj (.text)
                  00700074    00000022               : modi.obj (.text)
                  00700096    0000002a               : modu.obj (.text)
                  007000c0    00000026               : exit.obj (.text)
                  007000e6    00000012               : memcpy.obj (.text)
                  007000f8    00000010               : memset.obj (.text)
                  00700108    00000018               : strncmp.obj (.text)

.text      0    00700120    00001924     
                  00700120    00001924     main.obj (.text)

.cinit     0    00701a44    000002b8     
                  00701a44    000002b1     main.obj (.cinit)
                  00701cf5    00000006     rts30.lib : exit.obj (.cinit)
                  00701cfb    00000001     --HOLE-- [fill = 00000000]

.const     0    00701cfc    00000010     
                  00701cfc    00000010     main.obj (.const)

.data      0    00700000    00000000     UNINITIALIZED
                  00700000    00000000     start.obj (.data)
                  00700000    00000000     rts30.lib : strncmp.obj (.data)
                  00700000    00000000               : memset.obj (.data)
                  00700000    00000000               : memcpy.obj (.data)
                  00700000    00000000               : exit.obj (.data)
                  00700000    00000000               : modu.obj (.data)
                  00700000    00000000               : modi.obj (.data)
                  00700000    00000000               : divu.obj (.data)
                  00700000    00000000               : divi.obj (.data)
                  00700000    00000000               : boot.obj (.data)
                  00700000    00000000     main.obj (.data)

.stack     0    00701d0c    00004000     UNINITIALIZED
                  00701d0c    00000000     rts30.lib : boot.obj (.stack)

.bss       0    00705d0c    00002d8b     UNINITIALIZED
                  00705d0c    00000000     start.obj (.bss)
                  00705d0c    00000000     rts30.lib : strncmp.obj (.bss)
                  00705d0c    00000000               : memset.obj (.bss)
                  00705d0c    00000000               : memcpy.obj (.bss)
                  00705d0c    00000000               : modu.obj (.bss)
                  00705d0c    00000000               : modi.obj (.bss)
                  00705d0c    00000000               : divu.obj (.bss)
                  00705d0c    00000000               : divi.obj (.bss)
                  00705d0c    00000000               : boot.obj (.bss)
                  00705d0c    00002d69     main.obj (.bss)
                  00708a75    00000022     rts30.lib : exit.obj (.bss)


GLOBAL SYMBOLS

address  name                             address  name
-------- ----                             -------- ----
00705d0c .bss                             00004000 __STACK_SIZE
00700000 .data                            00700000 .data
00700120 .text                            00700000 edata
0070001c DIV_I30                          00700001 _c_int00
00700041 DIV_U30                          0070001c DIV_I30
00700074 MOD_I30                          00700041 DIV_U30
00700096 MOD_U30                          00700074 MOD_I30
00705eaf _Arrow_L                         00700096 MOD_U30
00705ea5 _Arrow_R                         007000c0 _exit
00701342 _BASIC_VALUE                     007000ce _atexit
00705e86 _BLINK_DCC_T_C                   007000e1 _abort
00705e62 _B_FRONT                         007000e6 _memcpy
00705e60 _Blink_Timer_Count               007000f8 _memset
00705ea0 _CHACK_DATA                      00700108 _strncmp
00705e48 _CHH                             00700120 .text
00705e47 _CH                              00700120 _c_int06
00705e3a _COUNT                           0070016d _Debug3xInit
00705d0c _CRC_Table                       00700194 _FlashBusyWait
007085c4 _Compari_Arrow_L                 00700199 _GetFlashId
007085ce _Compari_Arrow_R                 007001b7 _FlashPageRead
0070860b _Compari_ITEM                    007001e1 _GetLirAdrImg
00705e0d _DATA_LEN                        00700217 _FlashPageWrite
007017ba _DCC_CONTROL                     00700262 _FlashErase
00705e87 _DCC                             00700298 _NorFlashAllErase
00705e85 _DCC_T_C                         007002a4 _NorFlashBlockErase
00700f9e _DOT_VIDEO_PIRNT                 007002ba _NorFlashWrite
00701370 _DSP_INIT                        007002d3 _SCC_8530_Initial
0070016d _Debug3xInit                     00700314 _SCC2_SendTo
00705e4e _Dot_Video                       00700365 _SCC_ISR
00705e95 _ESC                             00700415 _LdmLatchClk
007005f9 _FONT_POSITION                   00700425 _main
00705e61 _FRONT                           00700551 _MEMORY_WR
00700194 _FlashBusyWait                   00700571 _JUMPDOWLOAD
00700262 _FlashErase                      00700576 _START_CHAK_DATA
007001b7 _FlashPageRead                   007005f9 _FONT_POSITION
00700217 _FlashPageWrite                  00700a64 _IMAG_POINT_VALUE
007075a5 _Font_Data                       00700aa6 _Imag_Screen
00705ec3 _Font_Save_posi                  00700c71 _Imag_Screen_door
00700199 _GetFlashId                      00700e76 _Imag_Screen_8
007001e1 _GetLirAdrImg                    00700f9e _DOT_VIDEO_PIRNT
00701455 _HEX_SWITCH                      00701045 _UP_DOT_VIDEO_PIRNT
00705e3c _HI_SEND                         00701179 _LEFT_DOT_VIDEO_PIRNT
00705e4a _Hex_Pri_T_F                     007011ba _STATIC_LEFT_VIDEO_PRINT
00705e4c _Hex_Pri_Tim                     00701255 _SCREEN_PRINT
00700a64 _IMAG_POINT_VALUE                0070128d _PUSH
00705eb9 _ITEM                            007012cc _POP
00700aa6 _Imag_Screen                     00701305 _MEMORY_WR_POP
00700e76 _Imag_Screen_8                   00701342 _BASIC_VALUE
00700c71 _Imag_Screen_door                00701370 _DSP_INIT
007013a3 _IsBCCOK                         007013a3 _IsBCCOK
00700571 _JUMPDOWLOAD                     007013c9 _MakeBcc
00701179 _LEFT_DOT_VIDEO_PIRNT            007013e7 _cal_CRC16
00705ec0 _LEF_Font_posi                   00701404 _SEND_DATA
00706325 _LINE_BUFF                       0070143f _RTS
00705e3d _LOW_SEND                        00701455 _HEX_SWITCH
00700415 _LdmLatchClk                     007016bf _VER_PRINT
00705e50 _Left_Dot_Video                  0070171e _PATTREN
00701305 _MEMORY_WR_POP                   00701765 _PATTREN_MOVE_VALUE
00700551 _MEMORY_WR                       007017ba _DCC_CONTROL
00705e35 _ME_B_FRONT                      00701875 _NORMAL_DCC_COUNT
00705ea4 _M_ReadCnt                       007018c8 _STOP_DCC_COUNT
007013c9 _MakeBcc                         007018e4 _c_int02
00701875 _NORMAL_DCC_COUNT                0070191b _c_int09
00705e3f _NUM_TX_DATA                     0070196a _c_int12
00705e3e _NUM_TX                          007019a4 _c_int10
00700298 _NorFlashAllErase                00701a44 etext
007002a4 _NorFlashBlockErase              00701a44 cinit
007002ba _NorFlashWrite                   00701d0c __stack
0070171e _PATTREN                         00705d0c _CRC_Table
00701765 _PATTREN_MOVE_VALUE              00705d0c .bss
00705e49 _PAT_COLOR                       00705e0c _gRxComplete
007012cc _POP                             00705e0d _DATA_LEN
0070128d _PUSH                            00705e0e _cRc
00705e4b _Pattren_inter_time              00705e0f _gRxPos
00705e9b _RECEIVECnt                      00705e10 _gRxStTemp
007085d9 _REMEMBER_RING                   00705e11 _SCC_INIT_ASYNC_9600BPS
00706fa5 _RING_DATA                       00705e33 _gSccRxTimeout
0070143f _RTS                             00705e34 _gDownloadRxBlock
00705e52 _SCAN                            00705e35 _ME_B_FRONT
00707da5 _SCC1_Init_AChl                  00705e36 _WR_TIME_Flag_1sec
00708611 _SCC1_Init_BChl                  00705e37 _WR_Flag
00700314 _SCC2_SendTo                     00705e38 _gHexaSw
007002d3 _SCC_8530_Initial                00705e39 _gHexaSw_ICR
00705e11 _SCC_INIT_ASYNC_9600BPS          00705e3a _COUNT
00700365 _SCC_ISR                         00705e3b _TX_DA_ENA_COUNT
00701255 _SCREEN_PRINT                    00705e3c _HI_SEND
00701404 _SEND_DATA                       00705e3d _LOW_SEND
007081aa _SEND_DATA_BUFF                  00705e3e _NUM_TX
00700576 _START_CHAK_DATA                 00705e3f _NUM_TX_DATA
007011ba _STATIC_LEFT_VIDEO_PRINT         00705e40 _glTest
00705ec1 _STATIC_LEF_Posi                 00705e41 _nIsPattern
00705e51 _STATIC_Left_Dot_Video           00705e42 _gOneSec
007018c8 _STOP_DCC_COUNT                  00705e43 _num
00705ea1 _STRT_DA_CHK                     00705e44 _numm
00705e3b _TX_DA_ENA_COUNT                 00705e45 _hnum
00705ebf _UP_DATA_LEN                     00705e46 _hnumm
00701045 _UP_DOT_VIDEO_PIRNT              00705e47 _CH
00705ec2 _UP_Font_posi                    00705e48 _CHH
00705e4f _Up_Dot_Video                    00705e49 _PAT_COLOR
007016bf _VER_PRINT                       00705e4a _Hex_Pri_T_F
00705e37 _WR_Flag                         00705e4b _Pattren_inter_time
00705e36 _WR_TIME_Flag_1sec               00705e4c _Hex_Pri_Tim
00004000 __STACK_SIZE                     00705e4d _send_glDebugCnt
007085d8 __glDebugAddr                    00705e4e _Dot_Video
007085c3 __glDebugData                    00705e4f _Up_Dot_Video
00701d0c __stack                          00705e50 _Left_Dot_Video
007000e1 _abort                           00705e51 _STATIC_Left_Dot_Video
007000ce _atexit                          00705e52 _SCAN
00705e0e _cRc                             00705e60 _Blink_Timer_Count
00700001 _c_int00                         00705e61 _FRONT
007018e4 _c_int02                         00705e62 _B_FRONT
00700120 _c_int06                         00705e63 _gScnIdx
0070191b _c_int09                         00705e64 _gScnPos
007019a4 _c_int10                         00705e84 _stop_time
0070196a _c_int12                         00705e85 _DCC_T_C
007013e7 _cal_CRC16                       00705e86 _BLINK_DCC_T_C
00705ea3 _d_ErCnt                         00705e87 _DCC
007000c0 _exit                            00705e95 _ESC
00705e9f _font_Len                        00705e9a _glDebugCnt
00706124 _gDownLoadBuf                    00705e9b _RECEIVECnt
00705e34 _gDownloadRxBlock                00705e9e _nDataWritCnt
00705e39 _gHexaSw_ICR                     00705e9f _font_Len
00705e38 _gHexaSw                         00705ea0 _CHACK_DATA
00705e42 _gOneSec                         00705ea1 _STRT_DA_CHK
00705ecc _gRxBuffer                       00705ea2 _gpVersion
00705e0c _gRxComplete                     00705ea3 _d_ErCnt
007073a5 _gRxExcCode                      00705ea4 _M_ReadCnt
00705e0f _gRxPos                          00705ea5 _Arrow_R
00705e10 _gRxStTemp                       00705eaf _Arrow_L
00705e33 _gSccRxTimeout                   00705eb9 _ITEM
00705e63 _gScnIdx                         00705ebf _UP_DATA_LEN
00705e64 _gScnPos                         00705ec0 _LEF_Font_posi
00706324 _gTextBitLength                  00705ec1 _STATIC_LEF_Posi
00705e9a _glDebugCnt                      00705ec2 _UP_Font_posi
00705e40 _glTest                          00705ec3 _Font_Save_posi
00705ea2 _gpVersion                       00705ec4 _nDMAInitBit
00705e45 _hnum                            00705ecc _gRxBuffer
00705e46 _hnumm                           00706124 _gDownLoadBuf
00706edd _m_btLdmClearBuf                 00706324 _gTextBitLength
00700425 _main                            00706325 _LINE_BUFF
007000e6 _memcpy                          00706edd _m_btLdmClearBuf
007000f8 _memset                          00706fa5 _RING_DATA
007079a5 _nBB                             007073a5 _gRxExcCode
007081c3 _nBuff                           007075a5 _Font_Data
00705ec4 _nDMAInitBit                     007079a5 _nBB
00705e9e _nDataWritCnt                    00707da5 _SCC1_Init_AChl
00705e41 _nIsPattern                      007081aa _SEND_DATA_BUFF
00705e43 _num                             007081c3 _nBuff
00705e44 _numm                            007085c3 __glDebugData
00705e4d _send_glDebugCnt                 007085c4 _Compari_Arrow_L
00705e84 _stop_time                       007085ce _Compari_Arrow_R
00700108 _strncmp                         007085d8 __glDebugAddr
00701a44 cinit                            007085d9 _REMEMBER_RING
00700000 edata                            0070860b _Compari_ITEM
00708a97 end                              00708611 _SCC1_Init_BChl
00701a44 etext                            00708a97 end

[156 symbols]
