******************************************************************************
TMS320C3x/4x COFF Linker                Version 5.11                   
******************************************************************************
>> Linked Mon Apr 25 10:06:29 2016

OUTPUT FILE NAME:   <main.out>
ENTRY POINT SYMBOL: "_c_int00"  address: 00802f46


MEMORY CONFIGURATION

           name     origin    length      used    attributes    fill
         --------  --------  ---------  --------  ----------  --------
         FROM      00400000  000080000  00000400     RWIX      
         IRAM0     00800000  000008000  000074a9     RWIX      


SECTION ALLOCATION MAP

 output                                  attributes/
section   page    origin      length       input sections
--------  ----  ----------  ----------   ----------------
.text      0    00800000    00003b2f     
                  00800000    00000001     start.obj (.text)
                  00800001    00000000     rts30.lib : mpyld.obj (.text)
                  00800001    00000000               : ctype.obj (.text)
                  00800001    0000006d     debug3x.obj (.text)
                  0080006e    000003f2     xr16l784.obj (.text)
                  00800460    0000007d     en29lv040.obj (.text)
                  008004dd    00000a96     LonInfo.obj (.text)
                  00800f73    00000925     MpuDebug.obj (.text)
                  00801898    000010d3     user.obj (.text)
                  0080296b    000005d9     main.obj (.text)
                  00802f44    0000001b     rts30.lib : boot.obj (.text)
                  00802f5f    00000025               : divi.obj (.text)
                  00802f84    00000033               : divu.obj (.text)
                  00802fb7    00000022               : modi.obj (.text)
                  00802fd9    0000002a               : modu.obj (.text)
                  00803003    00000026               : exit.obj (.text)
                  00803029    0000001d               : memcpy.obj (.text)
                  00803046    00000010               : memset.obj (.text)
                  00803056    00000041               : sprintf.obj (.text)
                  00803097    00000010               : strcat.obj (.text)
                  008030a7    0000000d               : strcpy.obj (.text)
                  008030b4    0000000d               : strlen.obj (.text)
                  008030c1    00000019               : strncmp.obj (.text)
                  008030da    00000019               : strncpy.obj (.text)
                  008030f3    00000042               : vsprintf.obj (.text)
                  00803135    0000067c               : _printfi.obj (.text)
                  008037b1    0000003f               : atoi.obj (.text)
                  008037f0    0000007d               : ecvt.obj (.text)
                  0080386d    00000082               : fcvt.obj (.text)
                  008038ef    0000002b               : ltoa.obj (.text)
                  0080391a    00000015               : memccpy.obj (.text)
                  0080392f    000001ca               : memory.obj (.text)
                  00803af9    00000019               : strncat.obj (.text)
                  00803b12    0000000e               : mpyi.obj (.text)
                  00803b20    0000000f               : mpyld.obj (.text:flt40)

.cinit     0    00803b2f    00000437     
                  00803b2f    0000000e     debug3x.obj (.cinit)
                  00803b3d    00000097     xr16l784.obj (.cinit)
                  00803bd4    00000003     en29lv040.obj (.cinit)
                  00803bd7    0000002d     LonInfo.obj (.cinit)
                  00803c04    00000050     MpuDebug.obj (.cinit)
                  00803c54    00000082     user.obj (.cinit)
                  00803cd6    00000145     main.obj (.cinit)
                  00803e1b    00000009     rts30.lib : exit.obj (.cinit)
                  00803e24    00000003               : memcpy.obj (.cinit)
                  00803e27    00000004               : sprintf.obj (.cinit)
                  00803e2b    00000003               : strncmp.obj (.cinit)
                  00803e2e    00000003               : strncpy.obj (.cinit)
                  00803e31    00000004               : vsprintf.obj (.cinit)
                  00803e35    0000000f               : _printfi.obj (.cinit)
                  00803e44    00000003               : atoi.obj (.cinit)
                  00803e47    00000103               : ctype.obj (.cinit)
                  00803f4a    00000006               : ecvt.obj (.cinit)
                  00803f50    00000006               : fcvt.obj (.cinit)
                  00803f56    0000000c               : memory.obj (.cinit)
                  00803f62    00000003               : strncat.obj (.cinit)
                  00803f65    00000001     --HOLE-- [fill = 00000000]

.const     0    00803f66    00000c93     
                  00803f66    00000000     debug3x.obj (.const)
                  00803f66    00000000     rts30.lib : strncat.obj (.const)
                  00803f66    00000000               : memory.obj (.const)
                  00803f66    00000000               : fcvt.obj (.const)
                  00803f66    00000000               : ecvt.obj (.const)
                  00803f66    00000000               : atoi.obj (.const)
                  00803f66    00000000               : vsprintf.obj (.const)
                  00803f66    00000000               : strncpy.obj (.const)
                  00803f66    00000000               : strncmp.obj (.const)
                  00803f66    00000000               : sprintf.obj (.const)
                  00803f66    00000000               : memcpy.obj (.const)
                  00803f66    00000000               : exit.obj (.const)
                  00803f66    00000000     en29lv040.obj (.const)
                  00803f66    00000000     xr16l784.obj (.const)
                  00803f66    000001bf     LonInfo.obj (.const)
                  00804125    000008ed     MpuDebug.obj (.const)
                  00804a12    0000016e     user.obj (.const)
                  00804b80    0000004f     main.obj (.const)
                  00804bcf    0000002a     rts30.lib : _printfi.obj (.const)

.data      0    00800000    00000000     UNINITIALIZED
                  00800000    00000000     start.obj (.data)
                  00800000    00000000     rts30.lib : mpyld.obj (.data)
                  00800000    00000000               : mpyi.obj (.data)
                  00800000    00000000               : strncat.obj (.data)
                  00800000    00000000               : memory.obj (.data)
                  00800000    00000000               : memccpy.obj (.data)
                  00800000    00000000               : ltoa.obj (.data)
                  00800000    00000000               : fcvt.obj (.data)
                  00800000    00000000               : ecvt.obj (.data)
                  00800000    00000000               : ctype.obj (.data)
                  00800000    00000000               : atoi.obj (.data)
                  00800000    00000000               : _printfi.obj (.data)
                  00800000    00000000               : vsprintf.obj (.data)
                  00800000    00000000               : strncpy.obj (.data)
                  00800000    00000000               : strncmp.obj (.data)
                  00800000    00000000               : strlen.obj (.data)
                  00800000    00000000               : strcpy.obj (.data)
                  00800000    00000000               : strcat.obj (.data)
                  00800000    00000000               : sprintf.obj (.data)
                  00800000    00000000               : memset.obj (.data)
                  00800000    00000000               : memcpy.obj (.data)
                  00800000    00000000               : exit.obj (.data)
                  00800000    00000000               : modu.obj (.data)
                  00800000    00000000               : modi.obj (.data)
                  00800000    00000000               : divu.obj (.data)
                  00800000    00000000               : divi.obj (.data)
                  00800000    00000000               : boot.obj (.data)
                  00800000    00000000     main.obj (.data)
                  00800000    00000000     user.obj (.data)
                  00800000    00000000     MpuDebug.obj (.data)
                  00800000    00000000     LonInfo.obj (.data)
                  00800000    00000000     en29lv040.obj (.data)
                  00800000    00000000     xr16l784.obj (.data)
                  00800000    00000000     debug3x.obj (.data)

.stack     0    00804bf9    00000d00     UNINITIALIZED
                  00804bf9    00000000     rts30.lib : boot.obj (.stack)

.bss       0    008058f9    00001bb0     UNINITIALIZED
                  008058f9    00000000     start.obj (.bss)
                  008058f9    00000000     rts30.lib : mpyld.obj (.bss)
                  008058f9    00000000               : mpyi.obj (.bss)
                  008058f9    00000000               : memccpy.obj (.bss)
                  008058f9    00000000               : ltoa.obj (.bss)
                  008058f9    00000000               : strlen.obj (.bss)
                  008058f9    00000000               : strcpy.obj (.bss)
                  008058f9    00000000               : strcat.obj (.bss)
                  008058f9    00000000               : memset.obj (.bss)
                  008058f9    00000000               : modu.obj (.bss)
                  008058f9    00000000               : modi.obj (.bss)
                  008058f9    00000000               : divu.obj (.bss)
                  008058f9    00000000               : divi.obj (.bss)
                  008058f9    00000000               : boot.obj (.bss)
                  008058f9    0000000e     debug3x.obj (.bss)
                  00805907    00000999     xr16l784.obj (.bss)
                  008062a0    00000001     en29lv040.obj (.bss)
                  008062a1    00000425     LonInfo.obj (.bss)
                  008066c6    0000014a     MpuDebug.obj (.bss)
                  00806810    000008d5     user.obj (.bss)
                  008070e5    00000133     main.obj (.bss)
                  00807218    00000023     rts30.lib : exit.obj (.bss)
                  0080723b    00000001               : memcpy.obj (.bss)
                  0080723c    00000003               : sprintf.obj (.bss)
                  0080723f    00000001               : strncmp.obj (.bss)
                  00807240    00000001               : strncpy.obj (.bss)
                  00807241    00000002               : vsprintf.obj (.bss)
                  00807243    0000008d               : _printfi.obj (.bss)
                  008072d0    00000001               : atoi.obj (.bss)
                  008072d1    00000101               : ctype.obj (.bss)
                  008073d2    00000068               : ecvt.obj (.bss)
                  0080743a    00000068               : fcvt.obj (.bss)
                  008074a2    00000006               : memory.obj (.bss)
                  008074a8    00000001               : strncat.obj (.bss)

.sysmem    0    00400000    00000400     UNINITIALIZED
                  00400000    00000001     rts30.lib : memory.obj (.sysmem)


GLOBAL SYMBOLS

address  name                             address  name
-------- ----                             -------- ----
008058f9 .bss                             00000400 __SYSMEM_SIZE
00800000 .data                            00000d00 __STACK_SIZE
00800000 .text                            00400000 __sys_memory
00803011 C$$EXIT                          00800000 .data
00802f5f DIV_I30                          00800000 .text
00802f84 DIV_U30                          00800000 ___text__
00802fb7 MOD_I30                          00800000 ___edata__
00802fd9 MOD_U30                          00800000 edata
00803b12 MPY_I30                          00800000 ___data__
00803b20 MPY_LD                           00800001 _c_int06
008029ea _BCD_BIN                         00800047 _Debug3xInit
00801cc2 _BitSwap                         0080006e _xr16l784_Init
0080220b _ClearFltBlkInfo                 008000a1 _xr16l784_Rts
00802a71 _ConvAsc2Dec                     008000be _xr16l784_RtsDelayStartSend
00802a09 _ConvAsc2Hex                     008000f5 _xr16l784_Send
00802aa1 _ConvDec2Hex                     008001df _xr16l784_GetRxBuffer
00802a88 _ConvHex2Asc                     0080023b _xr16l784_GetRxBuffer1Ch
00800047 _Debug3xInit                     00800261 _xr16l784_GetRxBuffer2Ch
00800f73 _DebugLoop                       00800287 _xr16l784_GetRxBuffer3Ch
0080188d _Debug_1msLoop                   008002ad _xr16l784_GetRxBuffer4Ch
00802ae5 _Dec2Str                         008002d3 _xr16l784_Isr
00802e5a _Delay                           008003d4 _xr16l784_Loop
008029c8 _DspInit                         008003da _xr16l784_1msLoop
00802c58 _FirmwareVersionStrCmp           00800460 _en29_Init
00802a2d _FunConvAscHex                   00800466 _en29_AllErase
00802ab4 _FunConvHexAsc                   0080048b _en29_SectorErase
0080290e _GetDaysOfMonth                  008004b1 _en29_WriteByte
00802c74 _GetFirmwareVersion              008004d0 _en29_ReadByte
0080223e _GetFltBlkInfo                   008004dd _LonWorkLoop
0080224f _GetFltBlkStPos                  008005fe _LonWorkRead
00802857 _GetLocalTimeToUTC               00800e23 _LonWorkRx
00802d2d _IsBccOk                         00800ec8 _LonWorkTx
008028e9 _IsLeapYear                      00800ee4 _LonInfo_1msLoop
00802a61 _IsNumAsc                        00800f73 _DebugLoop
00800ee4 _LonInfo_1msLoop                 0080188d _Debug_1msLoop
008004dd _LonWorkLoop                     00801898 _user_Init
008005fe _LonWorkRead                     00801aed _user_Variable_Init
00800e23 _LonWorkRx                       00801ba7 _user_Loop
00800ec8 _LonWorkTx                       00801bb2 _user_Lic2LicLoop
00802cf8 _Make1ByteBcc                    00801c66 _user_IsSingleOrMarried
00802d0f _MakeBcc                         00801c6d _user_DebugRx
00802bea _MyPrintf                        00801c79 _user_DebugPrint
00802c0a _MyPrintf_TxAuto                 00801c8a _user_CncsRx
0080222a _SetFltBlkEdInfo                 00801c96 _user_CncsTx
00802219 _SetFltBlkStPos                  00801ca6 _user_PacRx
00802b92 _StrCat                          00801cb2 _user_PacTx
00802bcd _StrCmp                          00801cc2 _BitSwap
00802bba _StrCpy                          00801d27 _user_WithCncsRs232Loop
00802baa _StrLen                          0080220b _ClearFltBlkInfo
008026bb _USer_UnitState                  00802219 _SetFltBlkStPos
00000d00 __STACK_SIZE                     0080222a _SetFltBlkEdInfo
00000400 __SYSMEM_SIZE                    0080223e _GetFltBlkInfo
008058f9 ___bss__                         0080224f _GetFltBlkStPos
00803b2f ___cinit__                       00802263 _user_FaultDataTx
00800000 ___data__                        00802359 _user_FtpEnd_CarNumFun
00800000 ___edata__                       00802367 _user_WithPacRs485Loop
008074a9 ___end__                         008026bb _USer_UnitState
00803b2f ___etext__                       00802857 _GetLocalTimeToUTC
ffffffff ___pinit__                       008028e9 _IsLeapYear
00800000 ___text__                        0080290e _GetDaysOfMonth
00807219 __cleanup_ptr                    00802940 _user_CarNoForCarKindToLon
008072d1 __ctypes_                        00802948 _user_1msLoop
008058fa __glDebugAddr                    0080296b _main
008058f9 __glDebugData                    008029c8 _DspInit
00803135 __printfi                        008029ea _BCD_BIN
00804bf9 __stack                          00802a09 _ConvAsc2Hex
00400000 __sys_memory                     00802a2d _FunConvAscHex
00803028 _abort                           00802a61 _IsNumAsc
00803013 _atexit                          00802a71 _ConvAsc2Dec
008037b1 _atoi                            00802a88 _ConvHex2Asc
008037e5 _atol                            00802aa1 _ConvDec2Hex
00803aa7 _bmalloc                         00802ab4 _FunConvHexAsc
00802f46 _c_int00                         00802ae5 _Dec2Str
00802e70 _c_int02                         00802b92 _StrCat
00802ead _c_int03                         00802baa _StrLen
00800001 _c_int06                         00802bba _StrCpy
00802eea _c_int10                         00802bcd _StrCmp
008039bd _calloc                          00802bea _MyPrintf
00802d64 _crc16_ccitt                     00802c0a _MyPrintf_TxAuto
00806d16 _d_CI_Fault                      00802c58 _FirmwareVersionStrCmp
00806d17 _d_CI_Index                      00802c74 _GetFirmwareVersion
00806d19 _d_CarConfig                     00802cf8 _Make1ByteBcc
00806d1a _d_CarConfig_St                  00802d0f _MakeBcc
00806d18 _d_CarNum                        00802d2d _IsBccOk
00806d1c _d_Linc_to_PAC                   00802d64 _crc16_ccitt
00806f15 _d_MDSFaulgTestBuf               00802d82 _gm_SysTimeToRtc
00806f13 _d_MDS_TX_Cnt_A                  00802e5a _Delay
00806f14 _d_MDS_TX_Cnt_B                  00802e70 _c_int02
00806912 _d_MDS_info                      00802ead _c_int03
00806d1b _ddddd                           00802eea _c_int10
008037f0 _ecvt                            00802f46 _c_int00
00800466 _en29_AllErase                   00802f5f DIV_I30
00800460 _en29_Init                       00802f84 DIV_U30
008004d0 _en29_ReadByte                   00802fb7 MOD_I30
0080048b _en29_SectorErase                00802fd9 MOD_U30
008004b1 _en29_WriteByte                  00803003 _exit
00803003 _exit                            00803011 C$$EXIT
0080386d _fcvt                            00803013 _atexit
00803a43 _free                            00803028 _abort
00802d82 _gm_SysTimeToRtc                 00803029 _memcpy
008038ef _ltoa                            00803046 _memset
00806f29 _m_Variable                      00803056 _sprintf
008071e5 _m_nDebug1msTimer                00803097 _strcat
008071e6 _m_nDebugCnt                     008030a7 _strcpy
0080590f _m_nXr16l784RxFront1             008030b4 _strlen
00805919 _m_nXr16l784RxFront2             008030c1 _strncmp
00805923 _m_nXr16l784RxFront3             008030da _strncpy
0080592d _m_nXr16l784RxFront4             008030f3 _vsprintf
0080590d _m_nXr16l784RxLen1               00803135 __printfi
00805917 _m_nXr16l784RxLen2               008037b1 _atoi
00805921 _m_nXr16l784RxLen3               008037e5 _atol
0080592b _m_nXr16l784RxLen4               008037f0 _ecvt
0080590e _m_nXr16l784RxRear1              0080386d _fcvt
00805918 _m_nXr16l784RxRear2              008038ef _ltoa
00805922 _m_nXr16l784RxRear3              0080391a _memccpy
0080592c _m_nXr16l784RxRear4              0080397f _minit
00805910 _m_nXr16l784TxEnableDly1         00803986 _malloc
0080591a _m_nXr16l784TxEnableDly2         008039bd _calloc
00805924 _m_nXr16l784TxEnableDly3         008039d6 _realloc
0080592e _m_nXr16l784TxEnableDly4         00803a43 _free
0080590c _m_nXr16l784TxFront1             00803aa7 _bmalloc
00805916 _m_nXr16l784TxFront2             00803af9 _strncat
00805920 _m_nXr16l784TxFront3             00803b12 MPY_I30
0080592a _m_nXr16l784TxFront4             00803b20 MPY_LD
00805909 _m_nXr16l784TxLen1Temp           00803b2f cinit
00805908 _m_nXr16l784TxLen1               00803b2f etext
00805913 _m_nXr16l784TxLen2Temp           00803b2f ___cinit__
00805912 _m_nXr16l784TxLen2               00803b2f ___etext__
0080591d _m_nXr16l784TxLen3Temp           00804bf9 __stack
0080591c _m_nXr16l784TxLen3               008058f9 ___bss__
00805927 _m_nXr16l784TxLen4Temp           008058f9 .bss
00805926 _m_nXr16l784TxLen4               008058f9 __glDebugData
0080590a _m_nXr16l784TxPos1               008058fa __glDebugAddr
00805914 _m_nXr16l784TxPos2               00805907 _m_ucXr16l784TxBuf1
0080591e _m_nXr16l784TxPos3               00805908 _m_nXr16l784TxLen1
00805928 _m_nXr16l784TxPos4               00805909 _m_nXr16l784TxLen1Temp
0080590b _m_nXr16l784TxRear1              0080590a _m_nXr16l784TxPos1
00805915 _m_nXr16l784TxRear2              0080590b _m_nXr16l784TxRear1
0080591f _m_nXr16l784TxRear3              0080590c _m_nXr16l784TxFront1
00805929 _m_nXr16l784TxRear4              0080590d _m_nXr16l784RxLen1
00805911 _m_nXr16l784TxStartEnableDly1    0080590e _m_nXr16l784RxRear1
0080591b _m_nXr16l784TxStartEnableDly2    0080590f _m_nXr16l784RxFront1
00805925 _m_nXr16l784TxStartEnableDly3    00805910 _m_nXr16l784TxEnableDly1
0080592f _m_nXr16l784TxStartEnableDly4    00805911 _m_nXr16l784TxStartEnableDly1
008071e7 _m_pBoardIdInfo                  00805912 _m_nXr16l784TxLen2
00805f41 _m_ucXr16l784RxBuf1              00805913 _m_nXr16l784TxLen2Temp
00805f81 _m_ucXr16l784RxBuf2              00805914 _m_nXr16l784TxPos2
00806181 _m_ucXr16l784RxBuf3              00805915 _m_nXr16l784TxRear2
00806281 _m_ucXr16l784RxBuf4              00805916 _m_nXr16l784TxFront2
00805907 _m_ucXr16l784TxBuf1              00805917 _m_nXr16l784RxLen2
00805931 _m_ucXr16l784TxBuf2              00805918 _m_nXr16l784RxRear2
00805c39 _m_ucXr16l784TxBuf2Temp          00805919 _m_nXr16l784RxFront2
00805b31 _m_ucXr16l784TxBuf3              0080591a _m_nXr16l784TxEnableDly2
00805e39 _m_ucXr16l784TxBuf3Temp          0080591b _m_nXr16l784TxStartEnableDly2
00805c31 _m_ucXr16l784TxBuf4              0080591c _m_nXr16l784TxLen3
00805f39 _m_ucXr16l784TxBuf4Temp          0080591d _m_nXr16l784TxLen3Temp
0080296b _main                            0080591e _m_nXr16l784TxPos3
00803986 _malloc                          0080591f _m_nXr16l784TxRear3
0080391a _memccpy                         00805920 _m_nXr16l784TxFront3
00803029 _memcpy                          00805921 _m_nXr16l784RxLen3
00803046 _memset                          00805922 _m_nXr16l784RxRear3
0080397f _minit                           00805923 _m_nXr16l784RxFront3
008071f7 _nInt_01_Cnt                     00805924 _m_nXr16l784TxEnableDly3
008071f8 _nInt_02_Cnt                     00805925 _m_nXr16l784TxStartEnableDly3
00805930 _pXr16Reg                        00805926 _m_nXr16l784TxLen4
008039d6 _realloc                         00805927 _m_nXr16l784TxLen4Temp
00803056 _sprintf                         00805928 _m_nXr16l784TxPos4
00803097 _strcat                          00805929 _m_nXr16l784TxRear4
008030a7 _strcpy                          0080592a _m_nXr16l784TxFront4
008030b4 _strlen                          0080592b _m_nXr16l784RxLen4
00803af9 _strncat                         0080592c _m_nXr16l784RxRear4
008030c1 _strncmp                         0080592d _m_nXr16l784RxFront4
008030da _strncpy                         0080592e _m_nXr16l784TxEnableDly4
00802948 _user_1msLoop                    0080592f _m_nXr16l784TxStartEnableDly4
00802940 _user_CarNoForCarKindToLon       00805930 _pXr16Reg
00801c8a _user_CncsRx                     00805931 _m_ucXr16l784TxBuf2
00801c96 _user_CncsTx                     00805b31 _m_ucXr16l784TxBuf3
00801c79 _user_DebugPrint                 00805c31 _m_ucXr16l784TxBuf4
00801c6d _user_DebugRx                    00805c39 _m_ucXr16l784TxBuf2Temp
00802263 _user_FaultDataTx                00805e39 _m_ucXr16l784TxBuf3Temp
00802359 _user_FtpEnd_CarNumFun           00805f39 _m_ucXr16l784TxBuf4Temp
00801898 _user_Init                       00805f41 _m_ucXr16l784RxBuf1
00801c66 _user_IsSingleOrMarried          00805f81 _m_ucXr16l784RxBuf2
00801bb2 _user_Lic2LicLoop                00806181 _m_ucXr16l784RxBuf3
00801ba7 _user_Loop                       00806281 _m_ucXr16l784RxBuf4
00801ca6 _user_PacRx                      00806912 _d_MDS_info
00801cb2 _user_PacTx                      00806d16 _d_CI_Fault
00801aed _user_Variable_Init              00806d17 _d_CI_Index
00801d27 _user_WithCncsRs232Loop          00806d18 _d_CarNum
00802367 _user_WithPacRs485Loop           00806d19 _d_CarConfig
008030f3 _vsprintf                        00806d1a _d_CarConfig_St
008003da _xr16l784_1msLoop                00806d1b _ddddd
0080023b _xr16l784_GetRxBuffer1Ch         00806d1c _d_Linc_to_PAC
00800261 _xr16l784_GetRxBuffer2Ch         00806f13 _d_MDS_TX_Cnt_A
00800287 _xr16l784_GetRxBuffer3Ch         00806f14 _d_MDS_TX_Cnt_B
008002ad _xr16l784_GetRxBuffer4Ch         00806f15 _d_MDSFaulgTestBuf
008001df _xr16l784_GetRxBuffer            00806f29 _m_Variable
0080006e _xr16l784_Init                   008071e5 _m_nDebug1msTimer
008002d3 _xr16l784_Isr                    008071e6 _m_nDebugCnt
008003d4 _xr16l784_Loop                   008071e7 _m_pBoardIdInfo
008000be _xr16l784_RtsDelayStartSend      008071f7 _nInt_01_Cnt
008000a1 _xr16l784_Rts                    008071f8 _nInt_02_Cnt
008000f5 _xr16l784_Send                   00807219 __cleanup_ptr
00803b2f cinit                            008072d1 __ctypes_
00800000 edata                            008074a9 ___end__
008074a9 end                              008074a9 end
00803b2f etext                            ffffffff ___pinit__
ffffffff pinit                            ffffffff pinit

[208 symbols]
